Archive member included to satisfy reference by file (symbol)

/usr/local/Cellar/arm-none-eabi-gcc/10.3-2021.07/gcc/bin/../lib/gcc/arm-none-eabi/10.3.1/thumb/v6-m/nofp/libgcc.a(_dvmd_tls.o)
                              CMakeFiles/SMCFW.dir/Users/john/Desktop/RP2040/pico-sdk/src/rp2_common/pico_divider/divider.S.obj (__aeabi_idiv0)
/usr/local/Cellar/arm-none-eabi-gcc/10.3-2021.07/gcc/bin/../lib/gcc/arm-none-eabi/10.3.1/../../../../arm-none-eabi/lib/thumb/v6-m/nofp/libg.a(lib_a-calloc.o)
                              CMakeFiles/SMCFW.dir/Users/john/Desktop/RP2040/pico-sdk/src/rp2_common/pico_malloc/pico_malloc.c.obj (calloc)
/usr/local/Cellar/arm-none-eabi-gcc/10.3-2021.07/gcc/bin/../lib/gcc/arm-none-eabi/10.3.1/../../../../arm-none-eabi/lib/thumb/v6-m/nofp/libg.a(lib_a-callocr.o)
                              /usr/local/Cellar/arm-none-eabi-gcc/10.3-2021.07/gcc/bin/../lib/gcc/arm-none-eabi/10.3.1/../../../../arm-none-eabi/lib/thumb/v6-m/nofp/libg.a(lib_a-calloc.o) (_calloc_r)
/usr/local/Cellar/arm-none-eabi-gcc/10.3-2021.07/gcc/bin/../lib/gcc/arm-none-eabi/10.3.1/../../../../arm-none-eabi/lib/thumb/v6-m/nofp/libg.a(lib_a-errno.o)
                              /usr/local/Cellar/arm-none-eabi-gcc/10.3-2021.07/gcc/bin/../lib/gcc/arm-none-eabi/10.3.1/../../../../arm-none-eabi/lib/thumb/v6-m/nofp/libg.a(lib_a-callocr.o) (__errno)
/usr/local/Cellar/arm-none-eabi-gcc/10.3-2021.07/gcc/bin/../lib/gcc/arm-none-eabi/10.3.1/../../../../arm-none-eabi/lib/thumb/v6-m/nofp/libg.a(lib_a-fflush.o)
                              CMakeFiles/SMCFW.dir/main.c.obj (fflush)
/usr/local/Cellar/arm-none-eabi-gcc/10.3-2021.07/gcc/bin/../lib/gcc/arm-none-eabi/10.3.1/../../../../arm-none-eabi/lib/thumb/v6-m/nofp/libg.a(lib_a-findfp.o)
                              /usr/local/Cellar/arm-none-eabi-gcc/10.3-2021.07/gcc/bin/../lib/gcc/arm-none-eabi/10.3.1/../../../../arm-none-eabi/lib/thumb/v6-m/nofp/libg.a(lib_a-fflush.o) (__sinit)
/usr/local/Cellar/arm-none-eabi-gcc/10.3-2021.07/gcc/bin/../lib/gcc/arm-none-eabi/10.3.1/../../../../arm-none-eabi/lib/thumb/v6-m/nofp/libg.a(lib_a-freer.o)
                              /usr/local/Cellar/arm-none-eabi-gcc/10.3-2021.07/gcc/bin/../lib/gcc/arm-none-eabi/10.3.1/../../../../arm-none-eabi/lib/thumb/v6-m/nofp/libg.a(lib_a-fflush.o) (_free_r)
/usr/local/Cellar/arm-none-eabi-gcc/10.3-2021.07/gcc/bin/../lib/gcc/arm-none-eabi/10.3.1/../../../../arm-none-eabi/lib/thumb/v6-m/nofp/libg.a(lib_a-fwalk.o)
                              /usr/local/Cellar/arm-none-eabi-gcc/10.3-2021.07/gcc/bin/../lib/gcc/arm-none-eabi/10.3.1/../../../../arm-none-eabi/lib/thumb/v6-m/nofp/libg.a(lib_a-findfp.o) (_fwalk)
/usr/local/Cellar/arm-none-eabi-gcc/10.3-2021.07/gcc/bin/../lib/gcc/arm-none-eabi/10.3.1/../../../../arm-none-eabi/lib/thumb/v6-m/nofp/libg.a(lib_a-impure.o)
                              /usr/local/Cellar/arm-none-eabi-gcc/10.3-2021.07/gcc/bin/../lib/gcc/arm-none-eabi/10.3.1/../../../../arm-none-eabi/lib/thumb/v6-m/nofp/libg.a(lib_a-fflush.o) (_global_impure_ptr)
/usr/local/Cellar/arm-none-eabi-gcc/10.3-2021.07/gcc/bin/../lib/gcc/arm-none-eabi/10.3.1/../../../../arm-none-eabi/lib/thumb/v6-m/nofp/libg.a(lib_a-init.o)
                              /usr/local/Cellar/arm-none-eabi-gcc/10.3-2021.07/gcc/bin/../lib/gcc/arm-none-eabi/10.3.1/../../../../arm-none-eabi/lib/thumb/v6-m/nofp/crt0.o (__libc_init_array)
/usr/local/Cellar/arm-none-eabi-gcc/10.3-2021.07/gcc/bin/../lib/gcc/arm-none-eabi/10.3.1/../../../../arm-none-eabi/lib/thumb/v6-m/nofp/libg.a(lib_a-lock.o)
                              /usr/local/Cellar/arm-none-eabi-gcc/10.3-2021.07/gcc/bin/../lib/gcc/arm-none-eabi/10.3.1/../../../../arm-none-eabi/lib/thumb/v6-m/nofp/libg.a(lib_a-findfp.o) (__retarget_lock_init_recursive)
/usr/local/Cellar/arm-none-eabi-gcc/10.3-2021.07/gcc/bin/../lib/gcc/arm-none-eabi/10.3.1/../../../../arm-none-eabi/lib/thumb/v6-m/nofp/libg.a(lib_a-malloc.o)
                              CMakeFiles/SMCFW.dir/Users/john/Desktop/RP2040/pico-sdk/src/rp2_common/pico_malloc/pico_malloc.c.obj (malloc)
/usr/local/Cellar/arm-none-eabi-gcc/10.3-2021.07/gcc/bin/../lib/gcc/arm-none-eabi/10.3.1/../../../../arm-none-eabi/lib/thumb/v6-m/nofp/libg.a(lib_a-mallocr.o)
                              /usr/local/Cellar/arm-none-eabi-gcc/10.3-2021.07/gcc/bin/../lib/gcc/arm-none-eabi/10.3.1/../../../../arm-none-eabi/lib/thumb/v6-m/nofp/libg.a(lib_a-callocr.o) (_malloc_r)
/usr/local/Cellar/arm-none-eabi-gcc/10.3-2021.07/gcc/bin/../lib/gcc/arm-none-eabi/10.3.1/../../../../arm-none-eabi/lib/thumb/v6-m/nofp/libg.a(lib_a-mlock.o)
                              /usr/local/Cellar/arm-none-eabi-gcc/10.3-2021.07/gcc/bin/../lib/gcc/arm-none-eabi/10.3.1/../../../../arm-none-eabi/lib/thumb/v6-m/nofp/libg.a(lib_a-freer.o) (__malloc_lock)
/usr/local/Cellar/arm-none-eabi-gcc/10.3-2021.07/gcc/bin/../lib/gcc/arm-none-eabi/10.3.1/../../../../arm-none-eabi/lib/thumb/v6-m/nofp/libg.a(lib_a-realloc.o)
[...]
Memory Configuration

Name             Origin             Length             Attributes
FLASH            0x0000000010000000 0x0000000000200000 xr
RAM              0x0000000020000000 0x0000000000040000 xrw
SCRATCH_X        0x0000000020040000 0x0000000000001000 xrw
SCRATCH_Y        0x0000000020041000 0x0000000000001000 xrw
*default*        0x0000000000000000 0xffffffffffffffff

Linker script and memory map

LOAD /usr/local/Cellar/arm-none-eabi-gcc/10.3-2021.07/gcc/bin/../lib/gcc/arm-none-eabi/10.3.1/thumb/v6-m/nofp/crti.o
LOAD /usr/local/Cellar/arm-none-eabi-gcc/10.3-2021.07/gcc/bin/../lib/gcc/arm-none-eabi/10.3.1/thumb/v6-m/nofp/crtbegin.o
LOAD /usr/local/Cellar/arm-none-eabi-gcc/10.3-2021.07/gcc/bin/../lib/gcc/arm-none-eabi/10.3.1/../../../../arm-none-eabi/lib/thumb/v6-m/nofp/crt0.o

.flash_begin    0x0000000010000000        0x0
                0x0000000010000000                __flash_binary_start = .

.boot2          0x0000000010000000      0x100
                0x0000000010000000                __boot2_start__ = .
 *(.boot2)
 .boot2         0x0000000010000000      0x100 /var/folders/40/jk77tl_j4n3b2d0wq3czfgf80000gn/T//ccA0s5wr.o
                0x0000000010000100                __boot2_end__ = .
                0x0000000000000001                ASSERT (((__boot2_end__ - __boot2_start__) == 0x100), ERROR: Pico second stage bootloader must be 256 bytes in size)

.text           0x0000000010000100     0x81b0
                0x0000000010000100                __logical_binary_start = .
 *(.vectors)
 .vectors       0x0000000010000100       0xd4 CMakeFiles/SMCFW.dir/Users/john/Desktop/RP2040/pico-sdk/src/rp2_common/pico_standard_link/crt0.S.obj
                0x0000000010000100                __VECTOR_TABLE
                0x0000000010000100                __vectors
                0x00000000100001c0                __default_isrs_start
                0x00000000100001c0                isr_invalid
                0x00000000100001c2                isr_nmi
                0x00000000100001c4                isr_hardfault
                0x00000000100001c6                isr_svcall
                0x00000000100001c8                isr_pendsv
                0x00000000100001ca                isr_systick
                0x00000000100001cc                isr_irq28
                0x00000000100001cc                isr_irq19
                0x00000000100001cc                isr_irq0
                0x00000000100001cc                isr_irq6
                0x00000000100001cc                isr_irq22
                0x00000000100001cc                isr_irq17
                0x00000000100001cc                isr_irq14
                0x00000000100001cc                isr_irq2
                0x00000000100001cc                isr_irq10
                0x00000000100001cc                isr_irq8
                0x00000000100001cc                isr_irq24
                0x00000000100001cc                isr_irq1
                0x00000000100001cc                isr_irq7
                0x00000000100001cc                isr_irq21
                0x00000000100001cc                isr_irq20
                0x00000000100001cc                isr_irq15
                0x00000000100001cc                isr_irq25
                0x00000000100001cc                isr_irq4
                0x00000000100001cc                isr_irq16
                0x00000000100001cc                isr_irq29
                0x00000000100001cc                isr_irq26
                0x00000000100001cc                __default_isrs_end
                0x00000000100001cc                isr_irq3
                0x00000000100001cc                isr_irq9
                0x00000000100001cc                __unhandled_user_irq
                0x00000000100001cc                isr_irq13
                0x00000000100001cc                isr_irq27
                0x00000000100001cc                isr_irq31
                0x00000000100001cc                isr_irq5
                0x00000000100001cc                isr_irq11
                0x00000000100001cc                isr_irq23
                0x00000000100001cc                isr_irq18
                0x00000000100001cc                isr_irq30
                0x00000000100001cc                isr_irq12
                0x00000000100001d2                unhandled_user_irq_num_in_r0
 *(.binary_info_header)
 .binary_info_header
                0x00000000100001d4       0x14 CMakeFiles/SMCFW.dir/Users/john/Desktop/RP2040/pico-sdk/src/rp2_common/pico_standard_link/crt0.S.obj
                0x00000000100001e8                __binary_info_header_end = .
 *(.reset)
 .reset         0x00000000100001e8       0xa0 CMakeFiles/SMCFW.dir/Users/john/Desktop/RP2040/pico-sdk/src/rp2_common/pico_standard_link/crt0.S.obj
                0x00000000100001e8                _entry_point
 .reset         0x0000000010000288       0x30 CMakeFiles/SMCFW.dir/Users/john/Desktop/RP2040/pico-sdk/src/rp2_common/pico_standard_link/binary_info.c.obj
 *(.init)
 .init          0x00000000100002b8        0x4 /usr/local/Cellar/arm-none-eabi-gcc/10.3-2021.07/gcc/bin/../lib/gcc/arm-none-eabi/10.3.1/thumb/v6-m/nofp/crti.o
                0x00000000100002b8                _init
 *(EXCLUDE_FILE(*libm.a: *libc.a:*lib_a-mem*.o *libgcc.a:) .text*)
 .text          0x00000000100002bc       0x48 /usr/local/Cellar/arm-none-eabi-gcc/10.3-2021.07/gcc/bin/../lib/gcc/arm-none-eabi/10.3.1/thumb/v6-m/nofp/crtbegin.o
 .text.initIO   0x0000000010000304       0x84 CMakeFiles/SMCFW.dir/main.c.obj
                0x0000000010000304                initIO
 .text.blinkStatusLED
                0x0000000010000388       0x26 CMakeFiles/SMCFW.dir/main.c.obj
                0x0000000010000388                blinkStatusLED
 *fill*         0x00000000100003ae        0x2 
 .text.initI2C  0x00000000100003b0      0x15c CMakeFiles/SMCFW.dir/main.c.obj
                0x00000000100003b0                initI2C
 .text.sysInit  0x000000001000050c       0x34 CMakeFiles/SMCFW.dir/main.c.obj
                0x000000001000050c                sysInit
 .text.readPwrMon
                0x0000000010000540      0x20c CMakeFiles/SMCFW.dir/main.c.obj
                0x0000000010000540                readPwrMon
 .text.main     0x000000001000074c      0x114 CMakeFiles/SMCFW.dir/main.c.obj
                0x000000001000074c                main
 .text.set_sys_clock_pll
                0x0000000010000860       0x78 CMakeFiles/SMCFW.dir/Users/john/Desktop/RP2040/pico-sdk/src/rp2_common/pico_stdlib/stdlib.c.obj
                0x0000000010000860                set_sys_clock_pll
 .text.check_sys_clock_khz
                0x00000000100008d8       0xb0 CMakeFiles/SMCFW.dir/Users/john/Desktop/RP2040/pico-sdk/src/rp2_common/pico_stdlib/stdlib.c.obj
                0x00000000100008d8                check_sys_clock_khz
 .text.gpio_set_function
                0x0000000010000988       0x30 CMakeFiles/SMCFW.dir/Users/john/Desktop/RP2040/pico-sdk/src/rp2_common/hardware_gpio/gpio.c.obj
                0x0000000010000988                gpio_set_function
 .text.gpio_set_pulls
                0x00000000100009b8       0x34 CMakeFiles/SMCFW.dir/Users/john/Desktop/RP2040/pico-sdk/src/rp2_common/hardware_gpio/gpio.c.obj
                0x00000000100009b8                gpio_set_pulls
 .text.gpio_init
                0x00000000100009ec       0x16 CMakeFiles/SMCFW.dir/Users/john/Desktop/RP2040/pico-sdk/src/rp2_common/hardware_gpio/gpio.c.obj
                0x00000000100009ec                gpio_init
 *fill*         0x0000000010000a02        0x2 
 .text.running_on_fpga
                0x0000000010000a04       0x14 CMakeFiles/SMCFW.dir/Users/john/Desktop/RP2040/pico-sdk/src/rp2_common/pico_platform/platform.c.obj
                0x0000000010000a04                running_on_fpga
 .text.hw_claim_lock
                0x0000000010000a18       0x18 CMakeFiles/SMCFW.dir/Users/john/Desktop/RP2040/pico-sdk/src/rp2_common/hardware_claim/claim.c.obj
                0x0000000010000a18                hw_claim_lock
 .text.hw_claim_unlock
                0x0000000010000a30       0x14 CMakeFiles/SMCFW.dir/Users/john/Desktop/RP2040/pico-sdk/src/rp2_common/hardware_claim/claim.c.obj
                0x0000000010000a30                hw_claim_unlock
 .text.hw_claim_or_assert
                0x0000000010000a44       0x32 CMakeFiles/SMCFW.dir/Users/john/Desktop/RP2040/pico-sdk/src/rp2_common/hardware_claim/claim.c.obj
                0x0000000010000a44                hw_claim_or_assert
 .text.hw_claim_unused_from_range
                0x0000000010000a76       0x50 CMakeFiles/SMCFW.dir/Users/john/Desktop/RP2040/pico-sdk/src/rp2_common/hardware_claim/claim.c.obj
                0x0000000010000a76                hw_claim_unused_from_range
 *fill*         0x0000000010000ac6        0x2 
 .text.spin_locks_reset
                0x0000000010000ac8       0x20 CMakeFiles/SMCFW.dir/Users/john/Desktop/RP2040/pico-sdk/src/rp2_common/hardware_sync/sync.c.obj
                0x0000000010000ac8                spin_locks_reset
 .text.next_striped_spin_lock_num
                0x0000000010000ae8       0x1c CMakeFiles/SMCFW.dir/Users/john/Desktop/RP2040/pico-sdk/src/rp2_common/hardware_sync/sync.c.obj
                0x0000000010000ae8                next_striped_spin_lock_num
 .text.spin_lock_claim_unused
                0x0000000010000b04       0x20 CMakeFiles/SMCFW.dir/Users/john/Desktop/RP2040/pico-sdk/src/rp2_common/hardware_sync/sync.c.obj
                0x0000000010000b04                spin_lock_claim_unused
 .text.set_raw_irq_handler_and_unlock
                0x0000000010000b24       0x28 CMakeFiles/SMCFW.dir/Users/john/Desktop/RP2040/pico-sdk/src/rp2_common/hardware_irq/irq.c.obj
 .text.make_branch
                0x0000000010000b4c       0x48 CMakeFiles/SMCFW.dir/Users/john/Desktop/RP2040/pico-sdk/src/rp2_common/hardware_irq/irq.c.obj
 .text.insert_branch_and_link
                0x0000000010000b94       0x40 CMakeFiles/SMCFW.dir/Users/john/Desktop/RP2040/pico-sdk/src/rp2_common/hardware_irq/irq.c.obj
 .text.irq_is_enabled
                0x0000000010000bd4       0x18 CMakeFiles/SMCFW.dir/Users/john/Desktop/RP2040/pico-sdk/src/rp2_common/hardware_irq/irq.c.obj
                0x0000000010000bd4                irq_is_enabled
 .text.irq_set_mask_enabled
                0x0000000010000bec       0x20 CMakeFiles/SMCFW.dir/Users/john/Desktop/RP2040/pico-sdk/src/rp2_common/hardware_irq/irq.c.obj
                0x0000000010000bec                irq_set_mask_enabled
 .text.irq_set_enabled
                0x0000000010000c0c        0xe CMakeFiles/SMCFW.dir/Users/john/Desktop/RP2040/pico-sdk/src/rp2_common/hardware_irq/irq.c.obj
                0x0000000010000c0c                irq_set_enabled
 *fill*         0x0000000010000c1a        0x2 
 .text.irq_set_pending
                0x0000000010000c1c       0x10 CMakeFiles/SMCFW.dir/Users/john/Desktop/RP2040/pico-sdk/src/rp2_common/hardware_irq/irq.c.obj
                0x0000000010000c1c                irq_set_pending
 .text.irq_get_vtable_handler
                0x0000000010000c2c       0x10 CMakeFiles/SMCFW.dir/Users/john/Desktop/RP2040/pico-sdk/src/rp2_common/hardware_irq/irq.c.obj
                0x0000000010000c2c                irq_get_vtable_handler
 .text.irq_has_shared_handler
                0x0000000010000c3c       0x24 CMakeFiles/SMCFW.dir/Users/john/Desktop/RP2040/pico-sdk/src/rp2_common/hardware_irq/irq.c.obj
                0x0000000010000c3c                irq_has_shared_handler
 .text.irq_set_exclusive_handler
                0x0000000010000c60       0x54 CMakeFiles/SMCFW.dir/Users/john/Desktop/RP2040/pico-sdk/src/rp2_common/hardware_irq/irq.c.obj
                0x0000000010000c60                irq_set_exclusive_handler
 .text.irq_add_shared_handler
                0x0000000010000cb4      0x234 CMakeFiles/SMCFW.dir/Users/john/Desktop/RP2040/pico-sdk/src/rp2_common/hardware_irq/irq.c.obj
                0x0000000010000cb4                irq_add_shared_handler
 .text.irq_remove_handler
                0x0000000010000ee8      0x1ac CMakeFiles/SMCFW.dir/Users/john/Desktop/RP2040/pico-sdk/src/rp2_common/hardware_irq/irq.c.obj
                0x0000000010000ee8                irq_remove_handler
 .text.irq_add_tail_to_free_list
                0x0000000010001094       0xf0 CMakeFiles/SMCFW.dir/Users/john/Desktop/RP2040/pico-sdk/src/rp2_common/hardware_irq/irq.c.obj
                0x0000000010001094                irq_add_tail_to_free_list
 .text.irq_init_priorities
                0x0000000010001184       0x1c CMakeFiles/SMCFW.dir/Users/john/Desktop/RP2040/pico-sdk/src/rp2_common/hardware_irq/irq.c.obj
                0x0000000010001184                irq_init_priorities
 .text.user_irq_claim_unused
                0x00000000100011a0       0x28 CMakeFiles/SMCFW.dir/Users/john/Desktop/RP2040/pico-sdk/src/rp2_common/hardware_irq/irq.c.obj
                0x00000000100011a0                user_irq_claim_unused
 .text.lock_init
                0x00000000100011c8       0x10 CMakeFiles/SMCFW.dir/Users/john/Desktop/RP2040/pico-sdk/src/common/pico_sync/lock_core.c.obj
                0x00000000100011c8                lock_init
 .text.mutex_init
                0x00000000100011d8       0x1a CMakeFiles/SMCFW.dir/Users/john/Desktop/RP2040/pico-sdk/src/common/pico_sync/mutex.c.obj
                0x00000000100011d8                mutex_init
 .text.recursive_mutex_init
                0x00000000100011f2       0x1e CMakeFiles/SMCFW.dir/Users/john/Desktop/RP2040/pico-sdk/src/common/pico_sync/mutex.c.obj
                0x00000000100011f2                recursive_mutex_init
 .text.critical_section_init_with_lock_num
                0x0000000010001210       0x14 CMakeFiles/SMCFW.dir/Users/john/Desktop/RP2040/pico-sdk/src/common/pico_sync/critical_section.c.obj
                0x0000000010001210                critical_section_init_with_lock_num
 .text.critical_section_init
                0x0000000010001224       0x14 CMakeFiles/SMCFW.dir/Users/john/Desktop/RP2040/pico-sdk/src/common/pico_sync/critical_section.c.obj
                0x0000000010001224                critical_section_init
 .text.alarm_pool_post_alloc_init
                0x0000000010001238       0x40 CMakeFiles/SMCFW.dir/Users/john/Desktop/RP2040/pico-sdk/src/common/pico_time/time.c.obj
 .text.sleep_until_callback
                0x0000000010001278       0x30 CMakeFiles/SMCFW.dir/Users/john/Desktop/RP2040/pico-sdk/src/common/pico_time/time.c.obj
 .text.timer_pool_entry_comparator
                0x00000000100012a8       0x7c CMakeFiles/SMCFW.dir/Users/john/Desktop/RP2040/pico-sdk/src/common/pico_time/time.c.obj
                0x00000000100012a8                timer_pool_entry_comparator
 .text.ph_add_child_node
                0x0000000010001324       0xa4 CMakeFiles/SMCFW.dir/Users/john/Desktop/RP2040/pico-sdk/src/common/pico_time/time.c.obj
 .text.ph_merge_nodes
                0x00000000100013c8       0x3e CMakeFiles/SMCFW.dir/Users/john/Desktop/RP2040/pico-sdk/src/common/pico_time/time.c.obj
 *fill*         0x0000000010001406        0x2 
 .text.add_alarm_under_lock
                0x0000000010001408      0x174 CMakeFiles/SMCFW.dir/Users/john/Desktop/RP2040/pico-sdk/src/common/pico_time/time.c.obj
 .text.alarm_pool_alarm_callback
                0x000000001000157c      0x33c CMakeFiles/SMCFW.dir/Users/john/Desktop/RP2040/pico-sdk/src/common/pico_time/time.c.obj
 .text.alarm_pool_init_default
                0x00000000100018b8       0x40 CMakeFiles/SMCFW.dir/Users/john/Desktop/RP2040/pico-sdk/src/common/pico_time/time.c.obj
                0x00000000100018b8                alarm_pool_init_default
 .text.alarm_pool_get_default
                0x00000000100018f8       0x2c CMakeFiles/SMCFW.dir/Users/john/Desktop/RP2040/pico-sdk/src/common/pico_time/time.c.obj
                0x00000000100018f8                alarm_pool_get_default
 .text.alarm_pool_add_alarm_at
                0x0000000010001924      0x168 CMakeFiles/SMCFW.dir/Users/john/Desktop/RP2040/pico-sdk/src/common/pico_time/time.c.obj
                0x0000000010001924                alarm_pool_add_alarm_at
 .text.alarm_pool_cancel_alarm
                0x0000000010001a8c       0xf0 CMakeFiles/SMCFW.dir/Users/john/Desktop/RP2040/pico-sdk/src/common/pico_time/time.c.obj
                0x0000000010001a8c                alarm_pool_cancel_alarm
 .text.alarm_pool_core_num
                0x0000000010001b7c        0x4 CMakeFiles/SMCFW.dir/Users/john/Desktop/RP2040/pico-sdk/src/common/pico_time/time.c.obj
                0x0000000010001b7c                alarm_pool_core_num
 .text.sleep_until
                0x0000000010001b80       0xfc CMakeFiles/SMCFW.dir/Users/john/Desktop/RP2040/pico-sdk/src/common/pico_time/time.c.obj
                0x0000000010001b80                sleep_until
 .text.sleep_us
                0x0000000010001c7c       0x58 CMakeFiles/SMCFW.dir/Users/john/Desktop/RP2040/pico-sdk/src/common/pico_time/time.c.obj
                0x0000000010001c7c                sleep_us
 .text.sleep_ms
                0x0000000010001cd4       0x14 CMakeFiles/SMCFW.dir/Users/john/Desktop/RP2040/pico-sdk/src/common/pico_time/time.c.obj
                0x0000000010001cd4                sleep_ms
 .text.best_effort_wfe_or_timeout
                0x0000000010001ce8       0xac CMakeFiles/SMCFW.dir/Users/john/Desktop/RP2040/pico-sdk/src/common/pico_time/time.c.obj
                0x0000000010001ce8                best_effort_wfe_or_timeout
 .text.hardware_alarm_irq_handler
                0x0000000010001d94       0x90 CMakeFiles/SMCFW.dir/Users/john/Desktop/RP2040/pico-sdk/src/rp2_common/hardware_timer/timer.c.obj
 .text.hardware_alarm_claim
                0x0000000010001e24       0x18 CMakeFiles/SMCFW.dir/Users/john/Desktop/RP2040/pico-sdk/src/rp2_common/hardware_timer/timer.c.obj
                0x0000000010001e24                hardware_alarm_claim
 .text.time_us_64
                0x0000000010001e3c       0x18 CMakeFiles/SMCFW.dir/Users/john/Desktop/RP2040/pico-sdk/src/rp2_common/hardware_timer/timer.c.obj
                0x0000000010001e3c                time_us_64
 .text.busy_wait_until
                0x0000000010001e54       0x28 CMakeFiles/SMCFW.dir/Users/john/Desktop/RP2040/pico-sdk/src/rp2_common/hardware_timer/timer.c.obj
                0x0000000010001e54                busy_wait_until
 .text.busy_wait_us
                0x0000000010001e7c       0x48 CMakeFiles/SMCFW.dir/Users/john/Desktop/RP2040/pico-sdk/src/rp2_common/hardware_timer/timer.c.obj
                0x0000000010001e7c                busy_wait_us
 .text.hardware_alarm_set_callback
                0x0000000010001ec4       0x90 CMakeFiles/SMCFW.dir/Users/john/Desktop/RP2040/pico-sdk/src/rp2_common/hardware_timer/timer.c.obj
                0x0000000010001ec4                hardware_alarm_set_callback
 .text.hardware_alarm_set_target
                0x0000000010001f54       0xe8 CMakeFiles/SMCFW.dir/Users/john/Desktop/RP2040/pico-sdk/src/rp2_common/hardware_timer/timer.c.obj
                0x0000000010001f54                hardware_alarm_set_target
 .text.hardware_alarm_cancel
                0x000000001000203c       0x40 CMakeFiles/SMCFW.dir/Users/john/Desktop/RP2040/pico-sdk/src/rp2_common/hardware_timer/timer.c.obj
                0x000000001000203c                hardware_alarm_cancel
 .text.ph_add_child_node
                0x000000001000207c       0xa4 CMakeFiles/SMCFW.dir/Users/john/Desktop/RP2040/pico-sdk/src/common/pico_util/pheap.c.obj
 .text.ph_merge_nodes
                0x0000000010002120       0x3e CMakeFiles/SMCFW.dir/Users/john/Desktop/RP2040/pico-sdk/src/common/pico_util/pheap.c.obj
 *fill*         0x000000001000215e        0x2 
 .text.ph_clear
                0x0000000010002160       0x70 CMakeFiles/SMCFW.dir/Users/john/Desktop/RP2040/pico-sdk/src/common/pico_util/pheap.c.obj
                0x0000000010002160                ph_clear
 .text.ph_post_alloc_init
                0x00000000100021d0        0xe CMakeFiles/SMCFW.dir/Users/john/Desktop/RP2040/pico-sdk/src/common/pico_util/pheap.c.obj
                0x00000000100021d0                ph_post_alloc_init
 *fill*         0x00000000100021de        0x2 
 .text.ph_merge_two_pass
                0x00000000100021e0       0xa8 CMakeFiles/SMCFW.dir/Users/john/Desktop/RP2040/pico-sdk/src/common/pico_util/pheap.c.obj
                0x00000000100021e0                ph_merge_two_pass
 .text.ph_remove_any_head
                0x0000000010002288      0x128 CMakeFiles/SMCFW.dir/Users/john/Desktop/RP2040/pico-sdk/src/common/pico_util/pheap.c.obj
 .text.ph_remove_head
                0x00000000100023b0       0x14 CMakeFiles/SMCFW.dir/Users/john/Desktop/RP2040/pico-sdk/src/common/pico_util/pheap.c.obj
                0x00000000100023b0                ph_remove_head
 .text.ph_remove_and_free_node
                0x00000000100023c4       0xf8 CMakeFiles/SMCFW.dir/Users/john/Desktop/RP2040/pico-sdk/src/common/pico_util/pheap.c.obj
                0x00000000100023c4                ph_remove_and_free_node
 .text.clock_configure
                0x00000000100024bc      0x104 CMakeFiles/SMCFW.dir/Users/john/Desktop/RP2040/pico-sdk/src/rp2_common/hardware_clocks/clocks.c.obj
                0x00000000100024bc                clock_configure
 .text.clocks_init
                0x00000000100025c0      0x100 CMakeFiles/SMCFW.dir/Users/john/Desktop/RP2040/pico-sdk/src/rp2_common/hardware_clocks/clocks.c.obj
                0x00000000100025c0                clocks_init
 .text.clock_get_hz
                0x00000000100026c0        0xc CMakeFiles/SMCFW.dir/Users/john/Desktop/RP2040/pico-sdk/src/rp2_common/hardware_clocks/clocks.c.obj
                0x00000000100026c0                clock_get_hz
 .text.pll_init
                0x00000000100026cc      0x12c CMakeFiles/SMCFW.dir/Users/john/Desktop/RP2040/pico-sdk/src/rp2_common/hardware_pll/pll.c.obj
                0x00000000100026cc                pll_init
 .text.watchdog_start_tick
                0x00000000100027f8       0x10 CMakeFiles/SMCFW.dir/Users/john/Desktop/RP2040/pico-sdk/src/rp2_common/hardware_watchdog/watchdog.c.obj
                0x00000000100027f8                watchdog_start_tick
 .text.watchdog_update
                0x0000000010002808       0x14 CMakeFiles/SMCFW.dir/Users/john/Desktop/RP2040/pico-sdk/src/rp2_common/hardware_watchdog/watchdog.c.obj
                0x0000000010002808                watchdog_update
 .text._watchdog_enable
                0x000000001000281c       0x78 CMakeFiles/SMCFW.dir/Users/john/Desktop/RP2040/pico-sdk/src/rp2_common/hardware_watchdog/watchdog.c.obj
                0x000000001000281c                _watchdog_enable
 .text.watchdog_reboot
                0x0000000010002894       0x48 CMakeFiles/SMCFW.dir/Users/john/Desktop/RP2040/pico-sdk/src/rp2_common/hardware_watchdog/watchdog.c.obj
                0x0000000010002894                watchdog_reboot
 .text.xosc_init
                0x00000000100028dc       0x28 CMakeFiles/SMCFW.dir/Users/john/Desktop/RP2040/pico-sdk/src/rp2_common/hardware_xosc/xosc.c.obj
                0x00000000100028dc                xosc_init
 .text._exit    0x0000000010002904        0x4 CMakeFiles/SMCFW.dir/Users/john/Desktop/RP2040/pico-sdk/src/rp2_common/pico_runtime/runtime.c.obj
                0x0000000010002904                _exit
 .text._sbrk    0x0000000010002908       0x38 CMakeFiles/SMCFW.dir/Users/john/Desktop/RP2040/pico-sdk/src/rp2_common/pico_runtime/runtime.c.obj
                0x0000000010002908                _sbrk
 .text.exit     0x0000000010002940        0x6 CMakeFiles/SMCFW.dir/Users/john/Desktop/RP2040/pico-sdk/src/rp2_common/pico_runtime/runtime.c.obj
                0x0000000010002940                exit
 *fill*         0x0000000010002946        0x2 
 .text.__assert_func
                0x0000000010002948       0x3c CMakeFiles/SMCFW.dir/Users/john/Desktop/RP2040/pico-sdk/src/rp2_common/pico_runtime/runtime.c.obj
                0x0000000010002948                __assert_func
 .text.runtime_init
                0x0000000010002984       0xf8 CMakeFiles/SMCFW.dir/Users/john/Desktop/RP2040/pico-sdk/src/rp2_common/pico_runtime/runtime.c.obj
                0x0000000010002984                runtime_init
 .text.panic    0x0000000010002a7c       0x30 CMakeFiles/SMCFW.dir/Users/john/Desktop/RP2040/pico-sdk/src/rp2_common/pico_runtime/runtime.c.obj
                0x0000000010002a7c                panic
 .text._out_null
                0x0000000010002aac        0x2 CMakeFiles/SMCFW.dir/Users/john/Desktop/RP2040/pico-sdk/src/rp2_common/pico_printf/printf.c.obj
 .text._out_fct
                0x0000000010002aae        0xe CMakeFiles/SMCFW.dir/Users/john/Desktop/RP2040/pico-sdk/src/rp2_common/pico_printf/printf.c.obj
 .text._atoi    0x0000000010002abc       0x24 CMakeFiles/SMCFW.dir/Users/john/Desktop/RP2040/pico-sdk/src/rp2_common/pico_printf/printf.c.obj
 .text._out_rev
                0x0000000010002ae0       0xae CMakeFiles/SMCFW.dir/Users/john/Desktop/RP2040/pico-sdk/src/rp2_common/pico_printf/printf.c.obj
 .text._ntoa_format
                0x0000000010002b8e      0x112 CMakeFiles/SMCFW.dir/Users/john/Desktop/RP2040/pico-sdk/src/rp2_common/pico_printf/printf.c.obj
 .text._ntoa_long
                0x0000000010002ca0       0xbc CMakeFiles/SMCFW.dir/Users/john/Desktop/RP2040/pico-sdk/src/rp2_common/pico_printf/printf.c.obj
 .text._ntoa_long_long
                0x0000000010002d5c       0xe2 CMakeFiles/SMCFW.dir/Users/john/Desktop/RP2040/pico-sdk/src/rp2_common/pico_printf/printf.c.obj
 *fill*         0x0000000010002e3e        0x2 
 .text._etoa    0x0000000010002e40      0x414 CMakeFiles/SMCFW.dir/Users/john/Desktop/RP2040/pico-sdk/src/rp2_common/pico_printf/printf.c.obj
 .text._ftoa    0x0000000010003254      0x354 CMakeFiles/SMCFW.dir/Users/john/Desktop/RP2040/pico-sdk/src/rp2_common/pico_printf/printf.c.obj
 .text._vsnprintf
                0x00000000100035a8      0x624 CMakeFiles/SMCFW.dir/Users/john/Desktop/RP2040/pico-sdk/src/rp2_common/pico_printf/printf.c.obj
 .text.vfctprintf
                0x0000000010003bcc       0x20 CMakeFiles/SMCFW.dir/Users/john/Desktop/RP2040/pico-sdk/src/rp2_common/pico_printf/printf.c.obj
                0x0000000010003bcc                vfctprintf
 .text          0x0000000010003bec       0x10 CMakeFiles/SMCFW.dir/Users/john/Desktop/RP2040/pico-sdk/src/rp2_common/pico_bit_ops/bit_ops_aeabi.S.obj
 .text.rom_func_lookup
                0x0000000010003bfc       0x10 CMakeFiles/SMCFW.dir/Users/john/Desktop/RP2040/pico-sdk/src/rp2_common/pico_bootrom/bootrom.c.obj
                0x0000000010003bfc                rom_func_lookup
 .text.rom_data_lookup
                0x0000000010003c0c       0x10 CMakeFiles/SMCFW.dir/Users/john/Desktop/RP2040/pico-sdk/src/rp2_common/pico_bootrom/bootrom.c.obj
                0x0000000010003c0c                rom_data_lookup
 .text.rom_funcs_lookup
                0x0000000010003c1c       0x36 CMakeFiles/SMCFW.dir/Users/john/Desktop/RP2040/pico-sdk/src/rp2_common/pico_bootrom/bootrom.c.obj
                0x0000000010003c1c                rom_funcs_lookup
 *fill*         0x0000000010003c52        0x2 
 .text.__wrap___aeabi_idiv
                0x0000000010003c54       0x50 CMakeFiles/SMCFW.dir/Users/john/Desktop/RP2040/pico-sdk/src/rp2_common/pico_divider/divider.S.obj
                0x0000000010003c54                __wrap___aeabi_idivmod
                0x0000000010003c54                divmod_s32s32
                0x0000000010003c54                div_s32s32
                0x0000000010003c54                __wrap___aeabi_idiv
                0x0000000010003c5c                divmod_s32s32_unsafe
                0x0000000010003c88                divmod_s32s32_savestate
 .text.__wrap___aeabi_uidiv
                0x0000000010003ca4       0x4c CMakeFiles/SMCFW.dir/Users/john/Desktop/RP2040/pico-sdk/src/rp2_common/pico_divider/divider.S.obj
                0x0000000010003ca4                __wrap___aeabi_uidiv
                0x0000000010003ca4                __wrap___aeabi_uidivmod
                0x0000000010003ca4                div_u32u32
                0x0000000010003ca4                divmod_u32u32
                0x0000000010003cac                divmod_u32u32_unsafe
                0x0000000010003cd4                divmod_u32u32_savestate
 .text.__wrap___aeabi_ldiv
                0x0000000010003cf0      0x424 CMakeFiles/SMCFW.dir/Users/john/Desktop/RP2040/pico-sdk/src/rp2_common/pico_divider/divider.S.obj
                0x0000000010003cf0                __wrap___aeabi_ldivmod
                0x0000000010003cf0                div_s64s64
                0x0000000010003cf0                divmod_s64s64
                0x0000000010003d20                divmod_u64u64
                0x0000000010003d20                div_u64u64
                0x0000000010003d20                __wrap___aeabi_uldivmod
                0x0000000010003d30                divmod_u64u64_savestate
                0x0000000010003d50                divmod_s64s64_unsafe
                0x0000000010003dd8                divmod_u64u64_unsafe
 .text.__wrap___aeabi_darithmetic
                0x0000000010004114       0x80 CMakeFiles/SMCFW.dir/Users/john/Desktop/RP2040/pico-sdk/src/rp2_common/pico_double/double_aeabi.S.obj
                0x0000000010004114                __wrap___aeabi_drsub
                0x000000001000411a                __wrap___aeabi_dsub
                0x000000001000412c                __wrap___aeabi_dadd
                0x000000001000413e                __wrap___aeabi_ddiv
                0x000000001000417a                __wrap___aeabi_dmul
 .text.__wrap___aeabi_cdcmple
                0x0000000010004194       0x6c CMakeFiles/SMCFW.dir/Users/john/Desktop/RP2040/pico-sdk/src/rp2_common/pico_double/double_aeabi.S.obj
                0x0000000010004194                __wrap___aeabi_cdrcmple
                0x00000000100041a4                __wrap___aeabi_cdcmple
                0x00000000100041a4                __wrap___aeabi_cdcmpeq
 .text.__wrap___aeabi_dcmplt
                0x0000000010004200        0xc CMakeFiles/SMCFW.dir/Users/john/Desktop/RP2040/pico-sdk/src/rp2_common/pico_double/double_aeabi.S.obj
                0x0000000010004200                __wrap___aeabi_dcmplt
 .text.__wrap___aeabi_dcmple
                0x000000001000420c       0x10 CMakeFiles/SMCFW.dir/Users/john/Desktop/RP2040/pico-sdk/src/rp2_common/pico_double/double_aeabi.S.obj
                0x000000001000420c                __wrap___aeabi_dcmple
 .text.__wrap___aeabi_dcmpge
                0x000000001000421c       0x10 CMakeFiles/SMCFW.dir/Users/john/Desktop/RP2040/pico-sdk/src/rp2_common/pico_double/double_aeabi.S.obj
                0x000000001000421c                __wrap___aeabi_dcmpge
 .text.__wrap___aeabi_dcmpgt
                0x000000001000422c        0xa CMakeFiles/SMCFW.dir/Users/john/Desktop/RP2040/pico-sdk/src/rp2_common/pico_double/double_aeabi.S.obj
                0x000000001000422c                __wrap___aeabi_dcmpgt
 .text.__wrap___aeabi_dcmpun
                0x0000000010004236       0x1c CMakeFiles/SMCFW.dir/Users/john/Desktop/RP2040/pico-sdk/src/rp2_common/pico_double/double_aeabi.S.obj
                0x0000000010004236                __wrap___aeabi_dcmpun
 *fill*         0x0000000010004252        0x2 
 .text.__wrap___aeabi_i2d
                0x0000000010004254       0x38 CMakeFiles/SMCFW.dir/Users/john/Desktop/RP2040/pico-sdk/src/rp2_common/pico_double/double_aeabi.S.obj
                0x0000000010004254                __wrap___aeabi_ui2d
                0x000000001000425c                __wrap___aeabi_i2d
 .text.__wrap___aeabi_d2iz
                0x000000001000428c       0x48 CMakeFiles/SMCFW.dir/Users/john/Desktop/RP2040/pico-sdk/src/rp2_common/pico_double/double_aeabi.S.obj
                0x000000001000428c                __wrap___aeabi_d2iz
                0x000000001000428c                double2int_z
 .text.__wrap___aeabi_d2uiz
                0x00000000100042d4       0x18 CMakeFiles/SMCFW.dir/Users/john/Desktop/RP2040/pico-sdk/src/rp2_common/pico_double/double_aeabi.S.obj
                0x00000000100042d4                double2uint
                0x00000000100042d4                __wrap___aeabi_d2uiz
 .text.__aeabi_double_init
                0x00000000100042ec       0xc8 CMakeFiles/SMCFW.dir/Users/john/Desktop/RP2040/pico-sdk/src/rp2_common/pico_double/double_init_rom.c.obj
                0x00000000100042ec                __aeabi_double_init
 .text.double_table_shim_on_use_helper
                0x00000000100043b4       0x34 CMakeFiles/SMCFW.dir/Users/john/Desktop/RP2040/pico-sdk/src/rp2_common/pico_double/double_v1_rom_shim.S.obj
                0x00000000100043b4                double_table_shim_on_use_helper
 .text.__wrap___aeabi_dsub
                0x00000000100043e8       0x10 CMakeFiles/SMCFW.dir/Users/john/Desktop/RP2040/pico-sdk/src/rp2_common/pico_double/double_v1_rom_shim.S.obj
                0x00000000100043e8                drsub_shim
                0x00000000100043ee                dsub_shim
 .text.dadd_shim
                0x00000000100043f8      0x15c CMakeFiles/SMCFW.dir/Users/john/Desktop/RP2040/pico-sdk/src/rp2_common/pico_double/double_v1_rom_shim.S.obj
                0x00000000100043f8                dadd_shim
 .text.dmul_shim
                0x0000000010004554      0x15c CMakeFiles/SMCFW.dir/Users/john/Desktop/RP2040/pico-sdk/src/rp2_common/pico_double/double_v1_rom_shim.S.obj
                0x0000000010004554                dmul_shim
 .text.ddiv_shim
                0x00000000100046b0      0x1b0 CMakeFiles/SMCFW.dir/Users/john/Desktop/RP2040/pico-sdk/src/rp2_common/pico_double/double_v1_rom_shim.S.obj
                0x00000000100046b0                ddiv_shim
 .text.double2uint_shim
                0x0000000010004860        0xe CMakeFiles/SMCFW.dir/Users/john/Desktop/RP2040/pico-sdk/src/rp2_common/pico_double/double_v1_rom_shim.S.obj
                0x0000000010004860                double2uint_shim
                0x0000000010004862                double2ufix_shim
 *fill*         0x000000001000486e        0x2 
 .text.double2uint64_shim
                0x0000000010004870       0x70 CMakeFiles/SMCFW.dir/Users/john/Desktop/RP2040/pico-sdk/src/rp2_common/pico_double/double_v1_rom_shim.S.obj
                0x0000000010004870                double2uint64_shim
                0x0000000010004872                double2ufix64_shim
                0x0000000010004892                d2fix_a
 .text.dunpacks
                0x00000000100048e0       0x3c CMakeFiles/SMCFW.dir/Users/john/Desktop/RP2040/pico-sdk/src/rp2_common/pico_double/double_v1_rom_shim.S.obj
                0x00000000100048e0                dunpacks
 .text.__aeabi_lmul
                0x000000001000491c       0x32 CMakeFiles/SMCFW.dir/Users/john/Desktop/RP2040/pico-sdk/src/rp2_common/pico_int64_ops/pico_int64_ops_aeabi.S.obj
                0x000000001000491c                __wrap___aeabi_lmul
 *fill*         0x000000001000494e        0x2 
 .text.__wrap___aeabi_farithmetic
                0x0000000010004950       0x58 CMakeFiles/SMCFW.dir/Users/john/Desktop/RP2040/pico-sdk/src/rp2_common/pico_float/float_aeabi.S.obj
                0x0000000010004950                __wrap___aeabi_frsub
                0x0000000010004956                __wrap___aeabi_fsub
                0x0000000010004960                __wrap___aeabi_fadd
                0x000000001000496a                __wrap___aeabi_fdiv
                0x0000000010004996                __wrap___aeabi_fmul
 .text.__wrap___aeabi_ui2f
                0x00000000100049a8        0xa CMakeFiles/SMCFW.dir/Users/john/Desktop/RP2040/pico-sdk/src/rp2_common/pico_float/float_aeabi.S.obj
                0x00000000100049a8                __wrap___aeabi_ui2f
 *fill*         0x00000000100049b2        0x2 
 .text.__wrap___aeabi_i2f
                0x00000000100049b4       0x44 CMakeFiles/SMCFW.dir/Users/john/Desktop/RP2040/pico-sdk/src/rp2_common/pico_float/float_aeabi.S.obj
                0x00000000100049b4                __wrap___aeabi_i2f
 .text.__wrap___aeabi_f2d
                0x00000000100049f8       0x14 CMakeFiles/SMCFW.dir/Users/john/Desktop/RP2040/pico-sdk/src/rp2_common/pico_float/float_aeabi.S.obj
                0x00000000100049f8                __wrap___aeabi_f2d
 .text.__aeabi_float_init
                0x0000000010004a0c       0xfc CMakeFiles/SMCFW.dir/Users/john/Desktop/RP2040/pico-sdk/src/rp2_common/pico_float/float_init_rom.c.obj
                0x0000000010004a0c                __aeabi_float_init
 .text.float_table_shim_on_use_helper
                0x0000000010004b08       0x34 CMakeFiles/SMCFW.dir/Users/john/Desktop/RP2040/pico-sdk/src/rp2_common/pico_float/float_v1_rom_shim.S.obj
                0x0000000010004b08                float_table_shim_on_use_helper
 .text.float2double_shim
                0x0000000010004b3c       0x30 CMakeFiles/SMCFW.dir/Users/john/Desktop/RP2040/pico-sdk/src/rp2_common/pico_float/float_v1_rom_shim.S.obj
                0x0000000010004b3c                float2double_shim
 .text          0x0000000010004b6c       0x10 CMakeFiles/SMCFW.dir/Users/john/Desktop/RP2040/pico-sdk/src/rp2_common/pico_mem_ops/mem_ops_aeabi.S.obj
                0x0000000010004b6c                __aeabi_mem_init
 .text.memset   0x0000000010004b7c        0xc CMakeFiles/SMCFW.dir/Users/john/Desktop/RP2040/pico-sdk/src/rp2_common/pico_mem_ops/mem_ops_aeabi.S.obj
                0x0000000010004b7c                __wrap_memset
 .text.memcpy   0x0000000010004b88        0xc CMakeFiles/SMCFW.dir/Users/john/Desktop/RP2040/pico-sdk/src/rp2_common/pico_mem_ops/mem_ops_aeabi.S.obj
                0x0000000010004b88                __wrap___aeabi_memcpy
                0x0000000010004b88                __wrap_memcpy
 .text.stdio_out_chars_no_crlf
                0x0000000010004b94        0xe CMakeFiles/SMCFW.dir/Users/john/Desktop/RP2040/pico-sdk/src/rp2_common/pico_stdio/stdio.c.obj
 *fill*         0x0000000010004ba2        0x2 
 .text.stdio_out_chars_crlf
                0x0000000010004ba4       0x80 CMakeFiles/SMCFW.dir/Users/john/Desktop/RP2040/pico-sdk/src/rp2_common/pico_stdio/stdio.c.obj
 .text.stdio_stack_buffer_flush
                0x0000000010004c24       0x44 CMakeFiles/SMCFW.dir/Users/john/Desktop/RP2040/pico-sdk/src/rp2_common/pico_stdio/stdio.c.obj
 .text.stdio_buffered_printer
                0x0000000010004c68       0x20 CMakeFiles/SMCFW.dir/Users/john/Desktop/RP2040/pico-sdk/src/rp2_common/pico_stdio/stdio.c.obj
 .text.stdio_get_until
                0x0000000010004c88       0x80 CMakeFiles/SMCFW.dir/Users/john/Desktop/RP2040/pico-sdk/src/rp2_common/pico_stdio/stdio.c.obj
 .text.stdout_serialize_begin
                0x0000000010004d08       0x5c CMakeFiles/SMCFW.dir/Users/john/Desktop/RP2040/pico-sdk/src/rp2_common/pico_stdio/stdio.c.obj
                0x0000000010004d08                stdout_serialize_begin
 .text.stdout_serialize_end
                0x0000000010004d64       0x10 CMakeFiles/SMCFW.dir/Users/john/Desktop/RP2040/pico-sdk/src/rp2_common/pico_stdio/stdio.c.obj
                0x0000000010004d64                stdout_serialize_end
 .text.stdio_put_string
                0x0000000010004d74       0x98 CMakeFiles/SMCFW.dir/Users/john/Desktop/RP2040/pico-sdk/src/rp2_common/pico_stdio/stdio.c.obj
 .text.__wrap_putchar
                0x0000000010004e0c       0x1c CMakeFiles/SMCFW.dir/Users/john/Desktop/RP2040/pico-sdk/src/rp2_common/pico_stdio/stdio.c.obj
                0x0000000010004e0c                __wrap_putchar
 .text._read    0x0000000010004e28       0x24 CMakeFiles/SMCFW.dir/Users/john/Desktop/RP2040/pico-sdk/src/rp2_common/pico_stdio/stdio.c.obj
                0x0000000010004e28                _read
 .text._write   0x0000000010004e4c       0x22 CMakeFiles/SMCFW.dir/Users/john/Desktop/RP2040/pico-sdk/src/rp2_common/pico_stdio/stdio.c.obj
                0x0000000010004e4c                _write
 .text._close   0x0000000010004e6e        0x6 CMakeFiles/SMCFW.dir/Users/john/Desktop/RP2040/pico-sdk/src/rp2_common/pico_stdio/stdio.c.obj
                0x0000000010004e6e                _close
 .text._lseek   0x0000000010004e74        0x6 CMakeFiles/SMCFW.dir/Users/john/Desktop/RP2040/pico-sdk/src/rp2_common/pico_stdio/stdio.c.obj
                0x0000000010004e74                _lseek
 *fill*         0x0000000010004e7a        0x2 
 .text.stdio_set_driver_enabled
                0x0000000010004e7c       0x2c CMakeFiles/SMCFW.dir/Users/john/Desktop/RP2040/pico-sdk/src/rp2_common/pico_stdio/stdio.c.obj
                0x0000000010004e7c                stdio_set_driver_enabled
 .text.stdio_flush
                0x0000000010004ea8       0x20 CMakeFiles/SMCFW.dir/Users/john/Desktop/RP2040/pico-sdk/src/rp2_common/pico_stdio/stdio.c.obj
                0x0000000010004ea8                stdio_flush
 .text.__wrap_puts
                0x0000000010004ec8       0x1e CMakeFiles/SMCFW.dir/Users/john/Desktop/RP2040/pico-sdk/src/rp2_common/pico_stdio/stdio.c.obj
                0x0000000010004ec8                __wrap_puts
 *fill*         0x0000000010004ee6        0x2 
 .text.__wrap_vprintf
                0x0000000010004ee8       0x40 CMakeFiles/SMCFW.dir/Users/john/Desktop/RP2040/pico-sdk/src/rp2_common/pico_stdio/stdio.c.obj
                0x0000000010004ee8                __wrap_vprintf
 .text.__wrap_printf
                0x0000000010004f28       0x18 CMakeFiles/SMCFW.dir/Users/john/Desktop/RP2040/pico-sdk/src/rp2_common/pico_stdio/stdio.c.obj
                0x0000000010004f28                __wrap_printf
 .text.stdio_init_all
                0x0000000010004f40        0x8 CMakeFiles/SMCFW.dir/Users/john/Desktop/RP2040/pico-sdk/src/rp2_common/pico_stdio/stdio.c.obj
                0x0000000010004f40                stdio_init_all
 .text.resetd_init
                0x0000000010004f48        0x2 CMakeFiles/SMCFW.dir/Users/john/Desktop/RP2040/pico-sdk/src/rp2_common/pico_stdio_usb/reset_interface.c.obj
 *fill*         0x0000000010004f4a        0x2 
 .text.resetd_reset
                0x0000000010004f4c        0xc CMakeFiles/SMCFW.dir/Users/john/Desktop/RP2040/pico-sdk/src/rp2_common/pico_stdio_usb/reset_interface.c.obj
 .text.resetd_open
                0x0000000010004f58       0x34 CMakeFiles/SMCFW.dir/Users/john/Desktop/RP2040/pico-sdk/src/rp2_common/pico_stdio_usb/reset_interface.c.obj
 .text.resetd_xfer_cb
                0x0000000010004f8c        0x4 CMakeFiles/SMCFW.dir/Users/john/Desktop/RP2040/pico-sdk/src/rp2_common/pico_stdio_usb/reset_interface.c.obj
 .text.reset_usb_boot
                0x0000000010004f90       0x18 CMakeFiles/SMCFW.dir/Users/john/Desktop/RP2040/pico-sdk/src/rp2_common/pico_stdio_usb/reset_interface.c.obj
 .text.resetd_control_xfer_cb
                0x0000000010004fa8       0x5c CMakeFiles/SMCFW.dir/Users/john/Desktop/RP2040/pico-sdk/src/rp2_common/pico_stdio_usb/reset_interface.c.obj
 .text.usbd_app_driver_get_cb
                0x0000000010005004        0xc CMakeFiles/SMCFW.dir/Users/john/Desktop/RP2040/pico-sdk/src/rp2_common/pico_stdio_usb/reset_interface.c.obj
                0x0000000010005004                usbd_app_driver_get_cb
 .text.tud_cdc_line_coding_cb
                0x0000000010005010       0x28 CMakeFiles/SMCFW.dir/Users/john/Desktop/RP2040/pico-sdk/src/rp2_common/pico_stdio_usb/reset_interface.c.obj
                0x0000000010005010                tud_cdc_line_coding_cb
 .text.stdio_usb_set_chars_available_callback
                0x0000000010005038       0x14 CMakeFiles/SMCFW.dir/Users/john/Desktop/RP2040/pico-sdk/src/rp2_common/pico_stdio_usb/stdio_usb.c.obj
                0x0000000010005038                stdio_usb_set_chars_available_callback
 .text.usb_irq  0x000000001000504c       0x10 CMakeFiles/SMCFW.dir/Users/john/Desktop/RP2040/pico-sdk/src/rp2_common/pico_stdio_usb/stdio_usb.c.obj
 .text.timer_task
                0x000000001000505c       0x58 CMakeFiles/SMCFW.dir/Users/john/Desktop/RP2040/pico-sdk/src/rp2_common/pico_stdio_usb/stdio_usb.c.obj
 .text.low_priority_worker_irq
                0x00000000100050b4       0xd8 CMakeFiles/SMCFW.dir/Users/john/Desktop/RP2040/pico-sdk/src/rp2_common/pico_stdio_usb/stdio_usb.c.obj
 .text.tud_cdc_rx_cb
                0x000000001000518c       0x20 CMakeFiles/SMCFW.dir/Users/john/Desktop/RP2040/pico-sdk/src/rp2_common/pico_stdio_usb/stdio_usb.c.obj
                0x000000001000518c                tud_cdc_rx_cb
 .text.stdio_usb_init
                0x00000000100051ac      0x12c CMakeFiles/SMCFW.dir/Users/john/Desktop/RP2040/pico-sdk/src/rp2_common/pico_stdio_usb/stdio_usb.c.obj
                0x00000000100051ac                stdio_usb_init
 .text.stdio_usb_connected
                0x00000000100052d8        0xa CMakeFiles/SMCFW.dir/Users/john/Desktop/RP2040/pico-sdk/src/rp2_common/pico_stdio_usb/stdio_usb.c.obj
                0x00000000100052d8                stdio_usb_connected
 *fill*         0x00000000100052e2        0x2 
 .text.stdio_usb_in_chars
                0x00000000100052e4       0xc4 CMakeFiles/SMCFW.dir/Users/john/Desktop/RP2040/pico-sdk/src/rp2_common/pico_stdio_usb/stdio_usb.c.obj
                0x00000000100052e4                stdio_usb_in_chars
 .text.stdio_usb_out_chars
                0x00000000100053a8      0x114 CMakeFiles/SMCFW.dir/Users/john/Desktop/RP2040/pico-sdk/src/rp2_common/pico_stdio_usb/stdio_usb.c.obj
 .text.tud_descriptor_device_cb
                0x00000000100054bc        0x8 CMakeFiles/SMCFW.dir/Users/john/Desktop/RP2040/pico-sdk/src/rp2_common/pico_stdio_usb/stdio_usb_descriptors.c.obj
                0x00000000100054bc                tud_descriptor_device_cb
 .text.tud_descriptor_configuration_cb
                0x00000000100054c4        0x8 CMakeFiles/SMCFW.dir/Users/john/Desktop/RP2040/pico-sdk/src/rp2_common/pico_stdio_usb/stdio_usb_descriptors.c.obj
                0x00000000100054c4                tud_descriptor_configuration_cb
 .text.tud_descriptor_string_cb
                0x00000000100054cc       0x6c CMakeFiles/SMCFW.dir/Users/john/Desktop/RP2040/pico-sdk/src/rp2_common/pico_stdio_usb/stdio_usb_descriptors.c.obj
                0x00000000100054cc                tud_descriptor_string_cb
 .text._retrieve_unique_id_on_boot
                0x0000000010005538       0x10 CMakeFiles/SMCFW.dir/Users/john/Desktop/RP2040/pico-sdk/src/rp2_common/pico_unique_id/unique_id.c.obj
 .text.pico_get_unique_board_id_string
                0x0000000010005548       0x60 CMakeFiles/SMCFW.dir/Users/john/Desktop/RP2040/pico-sdk/src/rp2_common/pico_unique_id/unique_id.c.obj
                0x0000000010005548                pico_get_unique_board_id_string
 .text.flash_get_unique_id
                0x00000000100055a8       0x46 CMakeFiles/SMCFW.dir/Users/john/Desktop/RP2040/pico-sdk/src/rp2_common/hardware_flash/flash.c.obj
                0x00000000100055a8                flash_get_unique_id
 *fill*         0x00000000100055ee        0x2 
 .text.hw_endpoint_get_by_addr
                0x00000000100055f0       0x18 CMakeFiles/SMCFW.dir/Users/john/Desktop/RP2040/pico-sdk/lib/tinyusb/src/portable/raspberrypi/rp2040/dcd_rp2040.c.obj
 .text._hw_endpoint_alloc
                0x0000000010005608       0x70 CMakeFiles/SMCFW.dir/Users/john/Desktop/RP2040/pico-sdk/lib/tinyusb/src/portable/raspberrypi/rp2040/dcd_rp2040.c.obj
 .text.hw_endpoint_init
                0x0000000010005678       0x88 CMakeFiles/SMCFW.dir/Users/john/Desktop/RP2040/pico-sdk/lib/tinyusb/src/portable/raspberrypi/rp2040/dcd_rp2040.c.obj
 .text.hw_endpoint_xfer
                0x0000000010005700       0x14 CMakeFiles/SMCFW.dir/Users/john/Desktop/RP2040/pico-sdk/lib/tinyusb/src/portable/raspberrypi/rp2040/dcd_rp2040.c.obj
 .text.dcd_int_enable
                0x0000000010005714       0x2c CMakeFiles/SMCFW.dir/Users/john/Desktop/RP2040/pico-sdk/lib/tinyusb/src/portable/raspberrypi/rp2040/dcd_rp2040.c.obj
                0x0000000010005714                dcd_int_enable
 .text.dcd_set_address
                0x0000000010005740       0x2c CMakeFiles/SMCFW.dir/Users/john/Desktop/RP2040/pico-sdk/lib/tinyusb/src/portable/raspberrypi/rp2040/dcd_rp2040.c.obj
                0x0000000010005740                dcd_set_address
 .text.dcd_connect
                0x000000001000576c       0x10 CMakeFiles/SMCFW.dir/Users/john/Desktop/RP2040/pico-sdk/lib/tinyusb/src/portable/raspberrypi/rp2040/dcd_rp2040.c.obj
                0x000000001000576c                dcd_connect
 .text.dcd_init
                0x000000001000577c       0x80 CMakeFiles/SMCFW.dir/Users/john/Desktop/RP2040/pico-sdk/lib/tinyusb/src/portable/raspberrypi/rp2040/dcd_rp2040.c.obj
                0x000000001000577c                dcd_init
 .text.dcd_edpt0_status_complete
                0x00000000100057fc       0x1c CMakeFiles/SMCFW.dir/Users/john/Desktop/RP2040/pico-sdk/lib/tinyusb/src/portable/raspberrypi/rp2040/dcd_rp2040.c.obj
                0x00000000100057fc                dcd_edpt0_status_complete
 .text.dcd_edpt_open
                0x0000000010005818       0x40 CMakeFiles/SMCFW.dir/Users/john/Desktop/RP2040/pico-sdk/lib/tinyusb/src/portable/raspberrypi/rp2040/dcd_rp2040.c.obj
                0x0000000010005818                dcd_edpt_open
 .text.dcd_edpt_close_all
                0x0000000010005858        0x8 CMakeFiles/SMCFW.dir/Users/john/Desktop/RP2040/pico-sdk/lib/tinyusb/src/portable/raspberrypi/rp2040/dcd_rp2040.c.obj
                0x0000000010005858                dcd_edpt_close_all
 .text.dcd_edpt_xfer
                0x0000000010005860       0x34 CMakeFiles/SMCFW.dir/Users/john/Desktop/RP2040/pico-sdk/lib/tinyusb/src/portable/raspberrypi/rp2040/dcd_rp2040.c.obj
                0x0000000010005860                dcd_edpt_xfer
 .text.dcd_edpt_stall
                0x0000000010005894       0x2c CMakeFiles/SMCFW.dir/Users/john/Desktop/RP2040/pico-sdk/lib/tinyusb/src/portable/raspberrypi/rp2040/dcd_rp2040.c.obj
                0x0000000010005894                dcd_edpt_stall
 .text.dcd_edpt_clear_stall
                0x00000000100058c0       0x20 CMakeFiles/SMCFW.dir/Users/john/Desktop/RP2040/pico-sdk/lib/tinyusb/src/portable/raspberrypi/rp2040/dcd_rp2040.c.obj
                0x00000000100058c0                dcd_edpt_clear_stall
 .text.rp2040_usb_init
                0x00000000100058e0       0x4c CMakeFiles/SMCFW.dir/Users/john/Desktop/RP2040/pico-sdk/lib/tinyusb/src/portable/raspberrypi/rp2040/rp2040_usb.c.obj
                0x00000000100058e0                rp2040_usb_init
 .text.hw_endpoint_xfer_start
                0x000000001000592c       0x50 CMakeFiles/SMCFW.dir/Users/john/Desktop/RP2040/pico-sdk/lib/tinyusb/src/portable/raspberrypi/rp2040/rp2040_usb.c.obj
                0x000000001000592c                hw_endpoint_xfer_start
 .text.configuration_reset
                0x000000001000597c       0x84 CMakeFiles/SMCFW.dir/Users/john/Desktop/RP2040/pico-sdk/lib/tinyusb/src/device/usbd.c.obj
 .text.usbd_reset
                0x0000000010005a00        0xc CMakeFiles/SMCFW.dir/Users/john/Desktop/RP2040/pico-sdk/lib/tinyusb/src/device/usbd.c.obj
 .text.invoke_class_control
                0x0000000010005a0c       0x1a CMakeFiles/SMCFW.dir/Users/john/Desktop/RP2040/pico-sdk/lib/tinyusb/src/device/usbd.c.obj
 *fill*         0x0000000010005a26        0x2 
 .text.process_set_config
                0x0000000010005a28      0x178 CMakeFiles/SMCFW.dir/Users/john/Desktop/RP2040/pico-sdk/lib/tinyusb/src/device/usbd.c.obj
 .text.process_get_descriptor
                0x0000000010005ba0       0xdc CMakeFiles/SMCFW.dir/Users/john/Desktop/RP2040/pico-sdk/lib/tinyusb/src/device/usbd.c.obj
 .text.tud_mounted
                0x0000000010005c7c       0x10 CMakeFiles/SMCFW.dir/Users/john/Desktop/RP2040/pico-sdk/lib/tinyusb/src/device/usbd.c.obj
                0x0000000010005c7c                tud_mounted
 .text.tud_suspended
                0x0000000010005c8c       0x10 CMakeFiles/SMCFW.dir/Users/john/Desktop/RP2040/pico-sdk/lib/tinyusb/src/device/usbd.c.obj
                0x0000000010005c8c                tud_suspended
 .text.tud_inited
                0x0000000010005c9c       0x14 CMakeFiles/SMCFW.dir/Users/john/Desktop/RP2040/pico-sdk/lib/tinyusb/src/device/usbd.c.obj
                0x0000000010005c9c                tud_inited
 .text.tud_init
                0x0000000010005cb0       0xcc CMakeFiles/SMCFW.dir/Users/john/Desktop/RP2040/pico-sdk/lib/tinyusb/src/device/usbd.c.obj
                0x0000000010005cb0                tud_init
 .text.usbd_defer_func
                0x0000000010005d7c       0x2a CMakeFiles/SMCFW.dir/Users/john/Desktop/RP2040/pico-sdk/lib/tinyusb/src/device/usbd.c.obj
                0x0000000010005d7c                usbd_defer_func
 *fill*         0x0000000010005da6        0x2 
 .text.usbd_edpt_open
                0x0000000010005da8       0x34 CMakeFiles/SMCFW.dir/Users/john/Desktop/RP2040/pico-sdk/lib/tinyusb/src/device/usbd.c.obj
                0x0000000010005da8                usbd_edpt_open
 .text.usbd_open_edpt_pair
                0x0000000010005ddc       0x62 CMakeFiles/SMCFW.dir/Users/john/Desktop/RP2040/pico-sdk/lib/tinyusb/src/device/usbd.c.obj
                0x0000000010005ddc                usbd_open_edpt_pair
 *fill*         0x0000000010005e3e        0x2 
 .text.usbd_edpt_claim
                0x0000000010005e40       0x28 CMakeFiles/SMCFW.dir/Users/john/Desktop/RP2040/pico-sdk/lib/tinyusb/src/device/usbd.c.obj
                0x0000000010005e40                usbd_edpt_claim
 .text.usbd_edpt_release
                0x0000000010005e68       0x28 CMakeFiles/SMCFW.dir/Users/john/Desktop/RP2040/pico-sdk/lib/tinyusb/src/device/usbd.c.obj
                0x0000000010005e68                usbd_edpt_release
 .text.usbd_edpt_xfer
                0x0000000010005e90       0x78 CMakeFiles/SMCFW.dir/Users/john/Desktop/RP2040/pico-sdk/lib/tinyusb/src/device/usbd.c.obj
                0x0000000010005e90                usbd_edpt_xfer
 .text.usbd_edpt_stall
                0x0000000010005f08       0x48 CMakeFiles/SMCFW.dir/Users/john/Desktop/RP2040/pico-sdk/lib/tinyusb/src/device/usbd.c.obj
                0x0000000010005f08                usbd_edpt_stall
 .text.usbd_edpt_clear_stall
                0x0000000010005f50       0x48 CMakeFiles/SMCFW.dir/Users/john/Desktop/RP2040/pico-sdk/lib/tinyusb/src/device/usbd.c.obj
                0x0000000010005f50                usbd_edpt_clear_stall
 .text.usbd_edpt_stalled
                0x0000000010005f98       0x1c CMakeFiles/SMCFW.dir/Users/john/Desktop/RP2040/pico-sdk/lib/tinyusb/src/device/usbd.c.obj
                0x0000000010005f98                usbd_edpt_stalled
 .text.process_control_request
                0x0000000010005fb4      0x37c CMakeFiles/SMCFW.dir/Users/john/Desktop/RP2040/pico-sdk/lib/tinyusb/src/device/usbd.c.obj
 .text.tud_task_ext
                0x0000000010006330      0x1b4 CMakeFiles/SMCFW.dir/Users/john/Desktop/RP2040/pico-sdk/lib/tinyusb/src/device/usbd.c.obj
                0x0000000010006330                tud_task_ext
 .text._data_stage_xact
                0x00000000100064e4       0x58 CMakeFiles/SMCFW.dir/Users/john/Desktop/RP2040/pico-sdk/lib/tinyusb/src/device/usbd_control.c.obj
 .text.tud_control_status
                0x000000001000653c       0x38 CMakeFiles/SMCFW.dir/Users/john/Desktop/RP2040/pico-sdk/lib/tinyusb/src/device/usbd_control.c.obj
                0x000000001000653c                tud_control_status
 .text.tud_control_xfer
                0x0000000010006574       0x74 CMakeFiles/SMCFW.dir/Users/john/Desktop/RP2040/pico-sdk/lib/tinyusb/src/device/usbd_control.c.obj
                0x0000000010006574                tud_control_xfer
 .text.usbd_control_reset
                0x00000000100065e8       0x14 CMakeFiles/SMCFW.dir/Users/john/Desktop/RP2040/pico-sdk/lib/tinyusb/src/device/usbd_control.c.obj
                0x00000000100065e8                usbd_control_reset
 .text.usbd_control_set_complete_callback
                0x00000000100065fc        0xc CMakeFiles/SMCFW.dir/Users/john/Desktop/RP2040/pico-sdk/lib/tinyusb/src/device/usbd_control.c.obj
                0x00000000100065fc                usbd_control_set_complete_callback
 .text.usbd_control_set_request
                0x0000000010006608       0x1c CMakeFiles/SMCFW.dir/Users/john/Desktop/RP2040/pico-sdk/lib/tinyusb/src/device/usbd_control.c.obj
                0x0000000010006608                usbd_control_set_request
 .text.usbd_control_xfer_cb
                0x0000000010006624       0xcc CMakeFiles/SMCFW.dir/Users/john/Desktop/RP2040/pico-sdk/lib/tinyusb/src/device/usbd_control.c.obj
                0x0000000010006624                usbd_control_xfer_cb
 .text._prep_out_transaction
                0x00000000100066f0       0x4a CMakeFiles/SMCFW.dir/Users/john/Desktop/RP2040/pico-sdk/lib/tinyusb/src/class/cdc/cdc_device.c.obj
 *fill*         0x000000001000673a        0x2 
 .text.tud_cdc_n_connected
                0x000000001000673c       0x44 CMakeFiles/SMCFW.dir/Users/john/Desktop/RP2040/pico-sdk/lib/tinyusb/src/class/cdc/cdc_device.c.obj
                0x000000001000673c                tud_cdc_n_connected
 .text.tud_cdc_n_available
                0x0000000010006780       0x18 CMakeFiles/SMCFW.dir/Users/john/Desktop/RP2040/pico-sdk/lib/tinyusb/src/class/cdc/cdc_device.c.obj
                0x0000000010006780                tud_cdc_n_available
 .text.tud_cdc_n_read
                0x0000000010006798       0x28 CMakeFiles/SMCFW.dir/Users/john/Desktop/RP2040/pico-sdk/lib/tinyusb/src/class/cdc/cdc_device.c.obj
                0x0000000010006798                tud_cdc_n_read
 .text.tud_cdc_n_write_flush
                0x00000000100067c0       0xb8 CMakeFiles/SMCFW.dir/Users/john/Desktop/RP2040/pico-sdk/lib/tinyusb/src/class/cdc/cdc_device.c.obj
                0x00000000100067c0                tud_cdc_n_write_flush
 .text.tud_cdc_n_write
                0x0000000010006878       0x38 CMakeFiles/SMCFW.dir/Users/john/Desktop/RP2040/pico-sdk/lib/tinyusb/src/class/cdc/cdc_device.c.obj
                0x0000000010006878                tud_cdc_n_write
 .text.tud_cdc_n_write_available
                0x00000000100068b0       0x1c CMakeFiles/SMCFW.dir/Users/john/Desktop/RP2040/pico-sdk/lib/tinyusb/src/class/cdc/cdc_device.c.obj
                0x00000000100068b0                tud_cdc_n_write_available
 .text.cdcd_init
                0x00000000100068cc       0xbc CMakeFiles/SMCFW.dir/Users/john/Desktop/RP2040/pico-sdk/lib/tinyusb/src/class/cdc/cdc_device.c.obj
                0x00000000100068cc                cdcd_init
 .text.cdcd_reset
                0x0000000010006988       0x44 CMakeFiles/SMCFW.dir/Users/john/Desktop/RP2040/pico-sdk/lib/tinyusb/src/class/cdc/cdc_device.c.obj
                0x0000000010006988                cdcd_reset
 .text.cdcd_open
                0x00000000100069cc       0xcc CMakeFiles/SMCFW.dir/Users/john/Desktop/RP2040/pico-sdk/lib/tinyusb/src/class/cdc/cdc_device.c.obj
                0x00000000100069cc                cdcd_open
 .text.cdcd_control_xfer_cb
                0x0000000010006a98      0x134 CMakeFiles/SMCFW.dir/Users/john/Desktop/RP2040/pico-sdk/lib/tinyusb/src/class/cdc/cdc_device.c.obj
                0x0000000010006a98                cdcd_control_xfer_cb
 .text.cdcd_xfer_cb
                0x0000000010006bcc      0x130 CMakeFiles/SMCFW.dir/Users/john/Desktop/RP2040/pico-sdk/lib/tinyusb/src/class/cdc/cdc_device.c.obj
                0x0000000010006bcc                cdcd_xfer_cb
 .text.tusb_init
                0x0000000010006cfc        0xa CMakeFiles/SMCFW.dir/Users/john/Desktop/RP2040/pico-sdk/lib/tinyusb/src/tusb.c.obj
                0x0000000010006cfc                tusb_init
 .text.tusb_inited
                0x0000000010006d06        0xe CMakeFiles/SMCFW.dir/Users/john/Desktop/RP2040/pico-sdk/lib/tinyusb/src/tusb.c.obj
                0x0000000010006d06                tusb_inited
 .text.tu_edpt_claim
                0x0000000010006d14       0x50 CMakeFiles/SMCFW.dir/Users/john/Desktop/RP2040/pico-sdk/lib/tinyusb/src/tusb.c.obj
                0x0000000010006d14                tu_edpt_claim
 .text.tu_edpt_release
                0x0000000010006d64       0x3c CMakeFiles/SMCFW.dir/Users/john/Desktop/RP2040/pico-sdk/lib/tinyusb/src/tusb.c.obj
                0x0000000010006d64                tu_edpt_release
 .text.tu_edpt_validate
                0x0000000010006da0       0x78 CMakeFiles/SMCFW.dir/Users/john/Desktop/RP2040/pico-sdk/lib/tinyusb/src/tusb.c.obj
                0x0000000010006da0                tu_edpt_validate
 .text.tu_edpt_bind_driver
                0x0000000010006e18       0x26 CMakeFiles/SMCFW.dir/Users/john/Desktop/RP2040/pico-sdk/lib/tinyusb/src/tusb.c.obj
                0x0000000010006e18                tu_edpt_bind_driver
 .text.advance_index
                0x0000000010006e3e       0x1a CMakeFiles/SMCFW.dir/Users/john/Desktop/RP2040/pico-sdk/lib/tinyusb/src/common/tusb_fifo.c.obj
 .text._tu_fifo_peek
                0x0000000010006e58       0x56 CMakeFiles/SMCFW.dir/Users/john/Desktop/RP2040/pico-sdk/lib/tinyusb/src/common/tusb_fifo.c.obj
 .text._ff_pull_const_addr
                0x0000000010006eae       0x4c CMakeFiles/SMCFW.dir/Users/john/Desktop/RP2040/pico-sdk/lib/tinyusb/src/common/tusb_fifo.c.obj
 .text._ff_pull_n
                0x0000000010006efa      0x110 CMakeFiles/SMCFW.dir/Users/john/Desktop/RP2040/pico-sdk/lib/tinyusb/src/common/tusb_fifo.c.obj
 .text._tu_fifo_peek_n
                0x000000001000700a       0x6a CMakeFiles/SMCFW.dir/Users/john/Desktop/RP2040/pico-sdk/lib/tinyusb/src/common/tusb_fifo.c.obj
 .text._tu_fifo_read_n
                0x0000000010007074       0x4e CMakeFiles/SMCFW.dir/Users/john/Desktop/RP2040/pico-sdk/lib/tinyusb/src/common/tusb_fifo.c.obj
 .text._ff_push_const_addr
                0x00000000100070c2       0x40 CMakeFiles/SMCFW.dir/Users/john/Desktop/RP2040/pico-sdk/lib/tinyusb/src/common/tusb_fifo.c.obj
 .text._ff_push_n
                0x0000000010007102      0x10c CMakeFiles/SMCFW.dir/Users/john/Desktop/RP2040/pico-sdk/lib/tinyusb/src/common/tusb_fifo.c.obj
 .text._tu_fifo_write_n
                0x000000001000720e       0xf0 CMakeFiles/SMCFW.dir/Users/john/Desktop/RP2040/pico-sdk/lib/tinyusb/src/common/tusb_fifo.c.obj
 .text.tu_fifo_config
                0x00000000100072fe       0x7c CMakeFiles/SMCFW.dir/Users/john/Desktop/RP2040/pico-sdk/lib/tinyusb/src/common/tusb_fifo.c.obj
                0x00000000100072fe                tu_fifo_config
 .text.tu_fifo_count
                0x000000001000737a       0x2a CMakeFiles/SMCFW.dir/Users/john/Desktop/RP2040/pico-sdk/lib/tinyusb/src/common/tusb_fifo.c.obj
                0x000000001000737a                tu_fifo_count
 .text.tu_fifo_empty
                0x00000000100073a4       0x10 CMakeFiles/SMCFW.dir/Users/john/Desktop/RP2040/pico-sdk/lib/tinyusb/src/common/tusb_fifo.c.obj
                0x00000000100073a4                tu_fifo_empty
 .text.tu_fifo_full
                0x00000000100073b4       0x28 CMakeFiles/SMCFW.dir/Users/john/Desktop/RP2040/pico-sdk/lib/tinyusb/src/common/tusb_fifo.c.obj
                0x00000000100073b4                tu_fifo_full
 .text.tu_fifo_remaining
                0x00000000100073dc       0x2c CMakeFiles/SMCFW.dir/Users/john/Desktop/RP2040/pico-sdk/lib/tinyusb/src/common/tusb_fifo.c.obj
                0x00000000100073dc                tu_fifo_remaining
 .text.tu_fifo_read
                0x0000000010007408       0x42 CMakeFiles/SMCFW.dir/Users/john/Desktop/RP2040/pico-sdk/lib/tinyusb/src/common/tusb_fifo.c.obj
                0x0000000010007408                tu_fifo_read
 .text.tu_fifo_read_n
                0x000000001000744a        0xa CMakeFiles/SMCFW.dir/Users/john/Desktop/RP2040/pico-sdk/lib/tinyusb/src/common/tusb_fifo.c.obj
                0x000000001000744a                tu_fifo_read_n
 .text.tu_fifo_write
                0x0000000010007454       0x64 CMakeFiles/SMCFW.dir/Users/john/Desktop/RP2040/pico-sdk/lib/tinyusb/src/common/tusb_fifo.c.obj
                0x0000000010007454                tu_fifo_write
 .text.tu_fifo_write_n
                0x00000000100074b8        0xa CMakeFiles/SMCFW.dir/Users/john/Desktop/RP2040/pico-sdk/lib/tinyusb/src/common/tusb_fifo.c.obj
                0x00000000100074b8                tu_fifo_write_n
 .text.tu_fifo_clear
                0x00000000100074c2       0x3e CMakeFiles/SMCFW.dir/Users/john/Desktop/RP2040/pico-sdk/lib/tinyusb/src/common/tusb_fifo.c.obj
                0x00000000100074c2                tu_fifo_clear
 .text.tu_fifo_set_overwritable
                0x0000000010007500       0x46 CMakeFiles/SMCFW.dir/Users/john/Desktop/RP2040/pico-sdk/lib/tinyusb/src/common/tusb_fifo.c.obj
                0x0000000010007500                tu_fifo_set_overwritable
 .text.i2c_write_blocking_internal
                0x0000000010007546      0x140 CMakeFiles/SMCFW.dir/Users/john/Desktop/RP2040/pico-sdk/src/rp2_common/hardware_i2c/i2c.c.obj
 .text.i2c_read_blocking_internal
                0x0000000010007686       0xe6 CMakeFiles/SMCFW.dir/Users/john/Desktop/RP2040/pico-sdk/src/rp2_common/hardware_i2c/i2c.c.obj
 .text.i2c_set_baudrate
                0x000000001000776c       0xf0 CMakeFiles/SMCFW.dir/Users/john/Desktop/RP2040/pico-sdk/src/rp2_common/hardware_i2c/i2c.c.obj
                0x000000001000776c                i2c_set_baudrate
 .text.i2c_init
                0x000000001000785c       0x58 CMakeFiles/SMCFW.dir/Users/john/Desktop/RP2040/pico-sdk/src/rp2_common/hardware_i2c/i2c.c.obj
                0x000000001000785c                i2c_init
 .text.i2c_write_blocking
                0x00000000100078b4       0x18 CMakeFiles/SMCFW.dir/Users/john/Desktop/RP2040/pico-sdk/src/rp2_common/hardware_i2c/i2c.c.obj
                0x00000000100078b4                i2c_write_blocking
 .text.i2c_read_blocking
                0x00000000100078cc       0x18 CMakeFiles/SMCFW.dir/Users/john/Desktop/RP2040/pico-sdk/src/rp2_common/hardware_i2c/i2c.c.obj
                0x00000000100078cc                i2c_read_blocking
 .text.__sflush_r
                0x00000000100078e4      0x140 /usr/local/Cellar/arm-none-eabi-gcc/10.3-2021.07/gcc/bin/../lib/gcc/arm-none-eabi/10.3.1/../../../../arm-none-eabi/lib/thumb/v6-m/nofp/libg.a(lib_a-fflush.o)
                0x00000000100078e4                __sflush_r
 .text._fflush_r
                0x0000000010007a24       0x6c /usr/local/Cellar/arm-none-eabi-gcc/10.3-2021.07/gcc/bin/../lib/gcc/arm-none-eabi/10.3.1/../../../../arm-none-eabi/lib/thumb/v6-m/nofp/libg.a(lib_a-fflush.o)
                0x0000000010007a24                _fflush_r
 .text.fflush   0x0000000010007a90       0x78 /usr/local/Cellar/arm-none-eabi-gcc/10.3-2021.07/gcc/bin/../lib/gcc/arm-none-eabi/10.3.1/../../../../arm-none-eabi/lib/thumb/v6-m/nofp/libg.a(lib_a-fflush.o)
                0x0000000010007a90                fflush
 .text._cleanup_r
                0x0000000010007b08       0x10 /usr/local/Cellar/arm-none-eabi-gcc/10.3-2021.07/gcc/bin/../lib/gcc/arm-none-eabi/10.3.1/../../../../arm-none-eabi/lib/thumb/v6-m/nofp/libg.a(lib_a-findfp.o)
                0x0000000010007b08                _cleanup_r
 .text.__sinit  0x0000000010007b18      0x120 /usr/local/Cellar/arm-none-eabi-gcc/10.3-2021.07/gcc/bin/../lib/gcc/arm-none-eabi/10.3.1/../../../../arm-none-eabi/lib/thumb/v6-m/nofp/libg.a(lib_a-findfp.o)
                0x0000000010007b18                __sinit
 .text.__sfp_lock_acquire
                0x0000000010007c38       0x10 /usr/local/Cellar/arm-none-eabi-gcc/10.3-2021.07/gcc/bin/../lib/gcc/arm-none-eabi/10.3.1/../../../../arm-none-eabi/lib/thumb/v6-m/nofp/libg.a(lib_a-findfp.o)
                0x0000000010007c38                __sfp_lock_acquire
 .text.__sfp_lock_release
                0x0000000010007c48       0x10 /usr/local/Cellar/arm-none-eabi-gcc/10.3-2021.07/gcc/bin/../lib/gcc/arm-none-eabi/10.3.1/../../../../arm-none-eabi/lib/thumb/v6-m/nofp/libg.a(lib_a-findfp.o)
                0x0000000010007c48                __sfp_lock_release
 .text._malloc_trim_r
                0x0000000010007c58       0x9c /usr/local/Cellar/arm-none-eabi-gcc/10.3-2021.07/gcc/bin/../lib/gcc/arm-none-eabi/10.3.1/../../../../arm-none-eabi/lib/thumb/v6-m/nofp/libg.a(lib_a-freer.o)
                0x0000000010007c58                _malloc_trim_r
 .text._free_r  0x0000000010007cf4      0x1c4 /usr/local/Cellar/arm-none-eabi-gcc/10.3-2021.07/gcc/bin/../lib/gcc/arm-none-eabi/10.3.1/../../../../arm-none-eabi/lib/thumb/v6-m/nofp/libg.a(lib_a-freer.o)
                0x0000000010007cf4                _free_r
 .text._fwalk_reent
                0x0000000010007eb8       0x48 /usr/local/Cellar/arm-none-eabi-gcc/10.3-2021.07/gcc/bin/../lib/gcc/arm-none-eabi/10.3.1/../../../../arm-none-eabi/lib/thumb/v6-m/nofp/libg.a(lib_a-fwalk.o)
                0x0000000010007eb8                _fwalk_reent
 .text.__retarget_lock_init_recursive
                0x0000000010007f00        0x4 /usr/local/Cellar/arm-none-eabi-gcc/10.3-2021.07/gcc/bin/../lib/gcc/arm-none-eabi/10.3.1/../../../../arm-none-eabi/lib/thumb/v6-m/nofp/libg.a(lib_a-lock.o)
                0x0000000010007f00                __retarget_lock_init_recursive
 .text.__retarget_lock_close_recursive
                0x0000000010007f04        0x4 /usr/local/Cellar/arm-none-eabi-gcc/10.3-2021.07/gcc/bin/../lib/gcc/arm-none-eabi/10.3.1/../../../../arm-none-eabi/lib/thumb/v6-m/nofp/libg.a(lib_a-lock.o)
                0x0000000010007f04                __retarget_lock_close_recursive
 .text.__retarget_lock_acquire_recursive
                0x0000000010007f08        0x4 /usr/local/Cellar/arm-none-eabi-gcc/10.3-2021.07/gcc/bin/../lib/gcc/arm-none-eabi/10.3.1/../../../../arm-none-eabi/lib/thumb/v6-m/nofp/libg.a(lib_a-lock.o)
                0x0000000010007f08                __retarget_lock_acquire_recursive
 .text.__retarget_lock_release_recursive
                0x0000000010007f0c        0x4 /usr/local/Cellar/arm-none-eabi-gcc/10.3-2021.07/gcc/bin/../lib/gcc/arm-none-eabi/10.3.1/../../../../arm-none-eabi/lib/thumb/v6-m/nofp/libg.a(lib_a-lock.o)
                0x0000000010007f0c                __retarget_lock_release_recursive
 .text.__malloc_lock
                0x0000000010007f10       0x10 /usr/local/Cellar/arm-none-eabi-gcc/10.3-2021.07/gcc/bin/../lib/gcc/arm-none-eabi/10.3.1/../../../../arm-none-eabi/lib/thumb/v6-m/nofp/libg.a(lib_a-mlock.o)
                0x0000000010007f10                __malloc_lock
 .text.__malloc_unlock
                0x0000000010007f20       0x10 /usr/local/Cellar/arm-none-eabi-gcc/10.3-2021.07/gcc/bin/../lib/gcc/arm-none-eabi/10.3.1/../../../../arm-none-eabi/lib/thumb/v6-m/nofp/libg.a(lib_a-mlock.o)
                0x0000000010007f20                __malloc_unlock
 .text._sbrk_r  0x0000000010007f30       0x24 /usr/local/Cellar/arm-none-eabi-gcc/10.3-2021.07/gcc/bin/../lib/gcc/arm-none-eabi/10.3.1/../../../../arm-none-eabi/lib/thumb/v6-m/nofp/libg.a(lib_a-sbrkr.o)
                0x0000000010007f30                _sbrk_r
 .text.__sread  0x0000000010007f54       0x28 /usr/local/Cellar/arm-none-eabi-gcc/10.3-2021.07/gcc/bin/../lib/gcc/arm-none-eabi/10.3.1/../../../../arm-none-eabi/lib/thumb/v6-m/nofp/libg.a(lib_a-stdio.o)
                0x0000000010007f54                __sread
 .text.__swrite
                0x0000000010007f7c       0x40 /usr/local/Cellar/arm-none-eabi-gcc/10.3-2021.07/gcc/bin/../lib/gcc/arm-none-eabi/10.3.1/../../../../arm-none-eabi/lib/thumb/v6-m/nofp/libg.a(lib_a-stdio.o)
                0x0000000010007f7c                __swrite
 .text.__sseek  0x0000000010007fbc       0x2c /usr/local/Cellar/arm-none-eabi-gcc/10.3-2021.07/gcc/bin/../lib/gcc/arm-none-eabi/10.3.1/../../../../arm-none-eabi/lib/thumb/v6-m/nofp/libg.a(lib_a-stdio.o)
                0x0000000010007fbc                __sseek
 .text.__sclose
                0x0000000010007fe8        0xc /usr/local/Cellar/arm-none-eabi-gcc/10.3-2021.07/gcc/bin/../lib/gcc/arm-none-eabi/10.3.1/../../../../arm-none-eabi/lib/thumb/v6-m/nofp/libg.a(lib_a-stdio.o)
                0x0000000010007fe8                __sclose
 .text.strlen   0x0000000010007ff4       0x5c /usr/local/Cellar/arm-none-eabi-gcc/10.3-2021.07/gcc/bin/../lib/gcc/arm-none-eabi/10.3.1/../../../../arm-none-eabi/lib/thumb/v6-m/nofp/libg.a(lib_a-strlen-stub.o)
                0x0000000010007ff4                strlen
 .text._write_r
                0x0000000010008050       0x28 /usr/local/Cellar/arm-none-eabi-gcc/10.3-2021.07/gcc/bin/../lib/gcc/arm-none-eabi/10.3.1/../../../../arm-none-eabi/lib/thumb/v6-m/nofp/libg.a(lib_a-writer.o)
                0x0000000010008050                _write_r
 .text._close_r
                0x0000000010008078       0x24 /usr/local/Cellar/arm-none-eabi-gcc/10.3-2021.07/gcc/bin/../lib/gcc/arm-none-eabi/10.3.1/../../../../arm-none-eabi/lib/thumb/v6-m/nofp/libg.a(lib_a-closer.o)
                0x0000000010008078                _close_r
 .text._fclose_r
                0x000000001000809c       0xdc /usr/local/Cellar/arm-none-eabi-gcc/10.3-2021.07/gcc/bin/../lib/gcc/arm-none-eabi/10.3.1/../../../../arm-none-eabi/lib/thumb/v6-m/nofp/libg.a(lib_a-fclose.o)
                0x000000001000809c                _fclose_r
 .text._lseek_r
                0x0000000010008178       0x28 /usr/local/Cellar/arm-none-eabi-gcc/10.3-2021.07/gcc/bin/../lib/gcc/arm-none-eabi/10.3.1/../../../../arm-none-eabi/lib/thumb/v6-m/nofp/libg.a(lib_a-lseekr.o)
                0x0000000010008178                _lseek_r
 .text._read_r  0x00000000100081a0       0x28 /usr/local/Cellar/arm-none-eabi-gcc/10.3-2021.07/gcc/bin/../lib/gcc/arm-none-eabi/10.3.1/../../../../arm-none-eabi/lib/thumb/v6-m/nofp/libg.a(lib_a-readr.o)
                0x00000000100081a0                _read_r
 *(.fini)
 .fini          0x00000000100081c8        0x4 /usr/local/Cellar/arm-none-eabi-gcc/10.3-2021.07/gcc/bin/../lib/gcc/arm-none-eabi/10.3.1/thumb/v6-m/nofp/crti.o
                0x00000000100081c8                _fini
 *fill*         0x00000000100081cc        0x4 
 .fini.__stub   0x00000000100081d0       0xe0 linker stubs
 *crtbegin.o(.ctors)
 *crtbegin?.o(.ctors)
 *(EXCLUDE_FILE(*crtend.o *crtend?.o) .ctors)
 *(SORT_BY_NAME(.ctors.*))
 *(.ctors)
 *crtbegin.o(.dtors)
 *crtbegin?.o(.dtors)
 *(EXCLUDE_FILE(*crtend.o *crtend?.o) .dtors)
 *(SORT_BY_NAME(.dtors.*))
 *(.dtors)
 *(.eh_frame*)
 .eh_frame      0x00000000100082b0        0x0 /usr/local/Cellar/arm-none-eabi-gcc/10.3-2021.07/gcc/bin/../lib/gcc/arm-none-eabi/10.3.1/thumb/v6-m/nofp/crtbegin.o
                0x00000000100082b0                . = ALIGN (0x4)

.glue_7         0x00000000100082b0        0x0
 .glue_7        0x00000000100082b0        0x0 linker stubs

.glue_7t        0x00000000100082b0        0x0
 .glue_7t       0x00000000100082b0        0x0 linker stubs

.vfp11_veneer   0x00000000100082b0        0x0
 .vfp11_veneer  0x00000000100082b0        0x0 linker stubs

.v4_bx          0x00000000100082b0        0x0
 .v4_bx         0x00000000100082b0        0x0 linker stubs

.iplt           0x00000000100082b0        0x0
 .iplt          0x00000000100082b0        0x0 /usr/local/Cellar/arm-none-eabi-gcc/10.3-2021.07/gcc/bin/../lib/gcc/arm-none-eabi/10.3.1/thumb/v6-m/nofp/crtbegin.o

.rodata         0x00000000100082b0     0x1998
 *(EXCLUDE_FILE(*libm.a: *libc.a:*lib_a-mem*.o *libgcc.a:) .rodata*)
 .rodata.initIO.str1.4
                0x00000000100082b0       0x12 CMakeFiles/SMCFW.dir/main.c.obj
 *fill*         0x00000000100082c2        0x2 
 .rodata.initI2C.str1.4
                0x00000000100082c4      0x186 CMakeFiles/SMCFW.dir/main.c.obj
 *fill*         0x000000001000844a        0x2 
 .rodata.sysInit.str1.4
                0x000000001000844c       0x49 CMakeFiles/SMCFW.dir/main.c.obj
 *fill*         0x0000000010008495        0x3 
 .rodata.readPwrMon.str1.4
                0x0000000010008498       0x7d CMakeFiles/SMCFW.dir/main.c.obj
 *fill*         0x0000000010008515        0x3 
 .rodata.main.str1.4
                0x0000000010008518       0x82 CMakeFiles/SMCFW.dir/main.c.obj
 *fill*         0x000000001000859a        0x2 
 .rodata        0x000000001000859c        0x3 CMakeFiles/SMCFW.dir/main.c.obj
 *fill*         0x000000001000859f        0x1 
 .rodata.PWR_MON_ADDR
                0x00000000100085a0       0x10 CMakeFiles/SMCFW.dir/main.c.obj
                0x00000000100085a0                PWR_MON_ADDR
 .rodata.spin_lock_claim_unused.str1.4
                0x00000000100085b0       0x1b CMakeFiles/SMCFW.dir/Users/john/Desktop/RP2040/pico-sdk/src/rp2_common/hardware_sync/sync.c.obj
 *fill*         0x00000000100085cb        0x1 
 .rodata.make_branch.str1.4
                0x00000000100085cc       0x76 CMakeFiles/SMCFW.dir/Users/john/Desktop/RP2040/pico-sdk/src/rp2_common/hardware_irq/irq.c.obj
 *fill*         0x0000000010008642        0x2 
 .rodata.insert_branch_and_link.str1.4
                0x0000000010008644       0x10 CMakeFiles/SMCFW.dir/Users/john/Desktop/RP2040/pico-sdk/src/rp2_common/hardware_irq/irq.c.obj
 .rodata.irq_set_exclusive_handler.str1.4
                0x0000000010008654       0x36 CMakeFiles/SMCFW.dir/Users/john/Desktop/RP2040/pico-sdk/src/rp2_common/hardware_irq/irq.c.obj
 *fill*         0x000000001000868a        0x2 
 .rodata.irq_add_shared_handler.str1.4
                0x000000001000868c       0xd9 CMakeFiles/SMCFW.dir/Users/john/Desktop/RP2040/pico-sdk/src/rp2_common/hardware_irq/irq.c.obj
 *fill*         0x0000000010008765        0x3 
 .rodata.irq_remove_handler.str1.4
                0x0000000010008768       0x3a CMakeFiles/SMCFW.dir/Users/john/Desktop/RP2040/pico-sdk/src/rp2_common/hardware_irq/irq.c.obj
 *fill*         0x00000000100087a2        0x2 
 .rodata.irq_add_tail_to_free_list.str1.4
                0x00000000100087a4       0x3a CMakeFiles/SMCFW.dir/Users/john/Desktop/RP2040/pico-sdk/src/rp2_common/hardware_irq/irq.c.obj
 *fill*         0x00000000100087de        0x2 
 .rodata.user_irq_claim_unused.str1.4
                0x00000000100087e0       0x1b CMakeFiles/SMCFW.dir/Users/john/Desktop/RP2040/pico-sdk/src/rp2_common/hardware_irq/irq.c.obj
 *fill*         0x00000000100087fb        0x1 
 .rodata.__func__.0
                0x00000000100087fc       0x1a CMakeFiles/SMCFW.dir/Users/john/Desktop/RP2040/pico-sdk/src/rp2_common/hardware_irq/irq.c.obj
 *fill*         0x0000000010008816        0x2 
 .rodata.__func__.1
                0x0000000010008818       0x17 CMakeFiles/SMCFW.dir/Users/john/Desktop/RP2040/pico-sdk/src/rp2_common/hardware_irq/irq.c.obj
 *fill*         0x000000001000882f        0x1 
 .rodata.__func__.2
                0x0000000010008830       0x13 CMakeFiles/SMCFW.dir/Users/john/Desktop/RP2040/pico-sdk/src/rp2_common/hardware_irq/irq.c.obj
 *fill*         0x0000000010008843        0x1 
 .rodata.__func__.3
                0x0000000010008844        0xc CMakeFiles/SMCFW.dir/Users/john/Desktop/RP2040/pico-sdk/src/rp2_common/hardware_irq/irq.c.obj
 .rodata.__func__.4
                0x0000000010008850        0xf CMakeFiles/SMCFW.dir/Users/john/Desktop/RP2040/pico-sdk/src/rp2_common/hardware_irq/irq.c.obj
 *fill*         0x000000001000885f        0x1 
 .rodata.__func__.5
                0x0000000010008860       0x17 CMakeFiles/SMCFW.dir/Users/john/Desktop/RP2040/pico-sdk/src/rp2_common/hardware_irq/irq.c.obj
 *fill*         0x0000000010008877        0x1 
 .rodata.__func__.6
                0x0000000010008878       0x1a CMakeFiles/SMCFW.dir/Users/john/Desktop/RP2040/pico-sdk/src/rp2_common/hardware_irq/irq.c.obj
 *fill*         0x0000000010008892        0x2 
 .rodata.str1.4
                0x0000000010008894      0x101 CMakeFiles/SMCFW.dir/Users/john/Desktop/RP2040/pico-sdk/src/common/pico_sync/mutex.c.obj
 *fill*         0x0000000010008995        0x3 
 .rodata.__func__.1
                0x0000000010008998        0xb CMakeFiles/SMCFW.dir/Users/john/Desktop/RP2040/pico-sdk/src/common/pico_sync/mutex.c.obj
 *fill*         0x00000000100089a3        0x1 
 .rodata.__func__.3
                0x00000000100089a4       0x18 CMakeFiles/SMCFW.dir/Users/john/Desktop/RP2040/pico-sdk/src/common/pico_sync/mutex.c.obj
 .rodata.__func__.4
                0x00000000100089bc       0x15 CMakeFiles/SMCFW.dir/Users/john/Desktop/RP2040/pico-sdk/src/common/pico_sync/mutex.c.obj
 *fill*         0x00000000100089d1        0x3 
 .rodata.repeating_timer_callback.str1.4
                0x00000000100089d4       0x54 CMakeFiles/SMCFW.dir/Users/john/Desktop/RP2040/pico-sdk/src/common/pico_time/time.c.obj
 .rodata.timer_pool_entry_comparator.str1.4
                0x0000000010008a28       0x22 CMakeFiles/SMCFW.dir/Users/john/Desktop/RP2040/pico-sdk/src/common/pico_time/time.c.obj
 *fill*         0x0000000010008a4a        0x2 
 .rodata.ph_add_child_node.str1.4
                0x0000000010008a4c       0x9e CMakeFiles/SMCFW.dir/Users/john/Desktop/RP2040/pico-sdk/src/common/pico_time/time.c.obj
 *fill*         0x0000000010008aea        0x2 
 .rodata.add_alarm_under_lock.str1.4
                0x0000000010008aec       0x28 CMakeFiles/SMCFW.dir/Users/john/Desktop/RP2040/pico-sdk/src/common/pico_time/time.c.obj
                                         0x2b (size before relaxing)
 .rodata.alarm_pool_alarm_callback.str1.4
                0x0000000010008b14       0x98 CMakeFiles/SMCFW.dir/Users/john/Desktop/RP2040/pico-sdk/src/common/pico_time/time.c.obj
                                        0x104 (size before relaxing)
 .rodata.alarm_pool_get_default.str1.4
                0x0000000010008bac       0x21 CMakeFiles/SMCFW.dir/Users/john/Desktop/RP2040/pico-sdk/src/common/pico_time/time.c.obj
 *fill*         0x0000000010008bcd        0x3 
 .rodata.alarm_pool_cancel_alarm.str1.4
                0x0000000010008bd0       0x27 CMakeFiles/SMCFW.dir/Users/john/Desktop/RP2040/pico-sdk/src/common/pico_time/time.c.obj
 *fill*         0x0000000010008bf7        0x1 
 .rodata.sleep_until.str1.4
                0x0000000010008bf8       0x4d CMakeFiles/SMCFW.dir/Users/john/Desktop/RP2040/pico-sdk/src/common/pico_time/time.c.obj
 *fill*         0x0000000010008c45        0x3 
 .rodata.__func__.1
                0x0000000010008c48       0x18 CMakeFiles/SMCFW.dir/Users/john/Desktop/RP2040/pico-sdk/src/common/pico_time/time.c.obj
 .rodata.__func__.10
                0x0000000010008c60       0x15 CMakeFiles/SMCFW.dir/Users/john/Desktop/RP2040/pico-sdk/src/common/pico_time/time.c.obj
 *fill*         0x0000000010008c75        0x3 
 .rodata.__func__.11
                0x0000000010008c78       0x1a CMakeFiles/SMCFW.dir/Users/john/Desktop/RP2040/pico-sdk/src/common/pico_time/time.c.obj
 *fill*         0x0000000010008c92        0x2 
 .rodata.__func__.12
                0x0000000010008c94        0xa CMakeFiles/SMCFW.dir/Users/john/Desktop/RP2040/pico-sdk/src/common/pico_time/time.c.obj
 *fill*         0x0000000010008c9e        0x2 
 .rodata.__func__.3
                0x0000000010008ca0       0x17 CMakeFiles/SMCFW.dir/Users/john/Desktop/RP2040/pico-sdk/src/common/pico_time/time.c.obj
 *fill*         0x0000000010008cb7        0x1 
 .rodata.__func__.4
                0x0000000010008cb8       0x12 CMakeFiles/SMCFW.dir/Users/john/Desktop/RP2040/pico-sdk/src/common/pico_time/time.c.obj
 *fill*         0x0000000010008cca        0x2 
 .rodata.__func__.5
                0x0000000010008ccc        0xd CMakeFiles/SMCFW.dir/Users/john/Desktop/RP2040/pico-sdk/src/common/pico_time/time.c.obj
 *fill*         0x0000000010008cd9        0x3 
 .rodata.__func__.6
                0x0000000010008cdc       0x12 CMakeFiles/SMCFW.dir/Users/john/Desktop/RP2040/pico-sdk/src/common/pico_time/time.c.obj
 *fill*         0x0000000010008cee        0x2 
 .rodata.__func__.7
                0x0000000010008cf0        0xf CMakeFiles/SMCFW.dir/Users/john/Desktop/RP2040/pico-sdk/src/common/pico_time/time.c.obj
 *fill*         0x0000000010008cff        0x1 
 .rodata.__func__.8
                0x0000000010008d00        0xc CMakeFiles/SMCFW.dir/Users/john/Desktop/RP2040/pico-sdk/src/common/pico_time/time.c.obj
 .rodata.__func__.9
                0x0000000010008d0c       0x15 CMakeFiles/SMCFW.dir/Users/john/Desktop/RP2040/pico-sdk/src/common/pico_time/time.c.obj
 *fill*         0x0000000010008d21        0x7 
 .rodata.at_the_end_of_time
                0x0000000010008d28        0x8 CMakeFiles/SMCFW.dir/Users/john/Desktop/RP2040/pico-sdk/src/common/pico_time/time.c.obj
                0x0000000010008d28                at_the_end_of_time
 .rodata.hardware_alarm_claim.str1.4
                0x0000000010008d30       0x22 CMakeFiles/SMCFW.dir/Users/john/Desktop/RP2040/pico-sdk/src/rp2_common/hardware_timer/timer.c.obj
 .rodata.busy_wait_us.str1.4
                0x0000000010008d52       0x6a CMakeFiles/SMCFW.dir/Users/john/Desktop/RP2040/pico-sdk/src/rp2_common/hardware_timer/timer.c.obj
 *fill*         0x0000000010008d52        0x2 
 .rodata.hardware_alarm_set_target.str1.4
                0x0000000010008d54       0x6e CMakeFiles/SMCFW.dir/Users/john/Desktop/RP2040/pico-sdk/src/rp2_common/hardware_timer/timer.c.obj
 *fill*         0x0000000010008dc2        0x2 
 .rodata.__func__.0
                0x0000000010008dc4       0x1a CMakeFiles/SMCFW.dir/Users/john/Desktop/RP2040/pico-sdk/src/rp2_common/hardware_timer/timer.c.obj
 *fill*         0x0000000010008dde        0x2 
 .rodata.__func__.1
                0x0000000010008de0       0x15 CMakeFiles/SMCFW.dir/Users/john/Desktop/RP2040/pico-sdk/src/rp2_common/hardware_timer/timer.c.obj
 .rodata.ph_add_child_node.str1.4
                0x0000000010008df5       0x9e CMakeFiles/SMCFW.dir/Users/john/Desktop/RP2040/pico-sdk/src/common/pico_util/pheap.c.obj
 *fill*         0x0000000010008df5        0x3 
 .rodata.ph_remove_any_head.str1.4
                0x0000000010008df8       0x98 CMakeFiles/SMCFW.dir/Users/john/Desktop/RP2040/pico-sdk/src/common/pico_util/pheap.c.obj
                                         0xac (size before relaxing)
 .rodata.ph_remove_and_free_node.str1.4
                0x0000000010008e90       0x1e CMakeFiles/SMCFW.dir/Users/john/Desktop/RP2040/pico-sdk/src/common/pico_util/pheap.c.obj
                                         0x26 (size before relaxing)
 *fill*         0x0000000010008eae        0x2 
 .rodata.__func__.0
                0x0000000010008eb0       0x18 CMakeFiles/SMCFW.dir/Users/john/Desktop/RP2040/pico-sdk/src/common/pico_util/pheap.c.obj
 .rodata.__func__.1
                0x0000000010008ec8       0x13 CMakeFiles/SMCFW.dir/Users/john/Desktop/RP2040/pico-sdk/src/common/pico_util/pheap.c.obj
 *fill*         0x0000000010008edb        0x1 
 .rodata.__func__.2
                0x0000000010008edc       0x12 CMakeFiles/SMCFW.dir/Users/john/Desktop/RP2040/pico-sdk/src/common/pico_util/pheap.c.obj
 *fill*         0x0000000010008eee        0x2 
 .rodata.__func__.3
                0x0000000010008ef0        0xc CMakeFiles/SMCFW.dir/Users/john/Desktop/RP2040/pico-sdk/src/common/pico_util/pheap.c.obj
 .rodata.clock_configure.str1.4
                0x0000000010008efc       0x60 CMakeFiles/SMCFW.dir/Users/john/Desktop/RP2040/pico-sdk/src/rp2_common/hardware_clocks/clocks.c.obj
 .rodata.__func__.1
                0x0000000010008f5c       0x10 CMakeFiles/SMCFW.dir/Users/john/Desktop/RP2040/pico-sdk/src/rp2_common/hardware_clocks/clocks.c.obj
 .rodata.pll_init.str1.4
                0x0000000010008f6c      0x12b CMakeFiles/SMCFW.dir/Users/john/Desktop/RP2040/pico-sdk/src/rp2_common/hardware_pll/pll.c.obj
 *fill*         0x0000000010009097        0x1 
 .rodata.__func__.0
                0x0000000010009098        0x9 CMakeFiles/SMCFW.dir/Users/john/Desktop/RP2040/pico-sdk/src/rp2_common/hardware_pll/pll.c.obj
 *fill*         0x00000000100090a1        0x3 
 .rodata.__assert_func.str1.4
                0x00000000100090a4       0x3f CMakeFiles/SMCFW.dir/Users/john/Desktop/RP2040/pico-sdk/src/rp2_common/pico_runtime/runtime.c.obj
                                         0x43 (size before relaxing)
 *fill*         0x00000000100090e3        0x1 
 .rodata.runtime_init.str1.4
                0x00000000100090e4       0x6a CMakeFiles/SMCFW.dir/Users/john/Desktop/RP2040/pico-sdk/src/rp2_common/pico_runtime/runtime.c.obj
 *fill*         0x000000001000914e        0x2 
 .rodata.panic.str1.4
                0x0000000010009150       0x10 CMakeFiles/SMCFW.dir/Users/john/Desktop/RP2040/pico-sdk/src/rp2_common/pico_runtime/runtime.c.obj
                                         0x12 (size before relaxing)
 .rodata.__func__.2
                0x0000000010009160        0xd CMakeFiles/SMCFW.dir/Users/john/Desktop/RP2040/pico-sdk/src/rp2_common/pico_runtime/runtime.c.obj
 *fill*         0x000000001000916d        0x3 
 .rodata._ftoa.str1.4
                0x0000000010009170       0x15 CMakeFiles/SMCFW.dir/Users/john/Desktop/RP2040/pico-sdk/src/rp2_common/pico_printf/printf.c.obj
 *fill*         0x0000000010009185        0x3 
 .rodata._vsnprintf
                0x0000000010009188      0x1e0 CMakeFiles/SMCFW.dir/Users/john/Desktop/RP2040/pico-sdk/src/rp2_common/pico_printf/printf.c.obj
 .rodata.pow10.0
                0x0000000010009368       0x50 CMakeFiles/SMCFW.dir/Users/john/Desktop/RP2040/pico-sdk/src/rp2_common/pico_printf/printf.c.obj
 .rodata.__aeabi_double_init.str1.4
                0x00000000100093b8       0xb1 CMakeFiles/SMCFW.dir/Users/john/Desktop/RP2040/pico-sdk/src/rp2_common/pico_double/double_init_rom.c.obj
 *fill*         0x0000000010009469        0x3 
 .rodata.__func__.0
                0x000000001000946c       0x14 CMakeFiles/SMCFW.dir/Users/john/Desktop/RP2040/pico-sdk/src/rp2_common/pico_double/double_init_rom.c.obj
 .rodata.__aeabi_float_init.str1.4
                0x0000000010009480       0x83 CMakeFiles/SMCFW.dir/Users/john/Desktop/RP2040/pico-sdk/src/rp2_common/pico_float/float_init_rom.c.obj
                                         0x87 (size before relaxing)
 *fill*         0x0000000010009503        0x1 
 .rodata.__func__.0
                0x0000000010009504       0x13 CMakeFiles/SMCFW.dir/Users/john/Desktop/RP2040/pico-sdk/src/rp2_common/pico_float/float_init_rom.c.obj
 *fill*         0x0000000010009517        0x1 
 .rodata.str1.4
                0x0000000010009518       0x3c CMakeFiles/SMCFW.dir/Users/john/Desktop/RP2040/pico-sdk/src/rp2_common/pico_standard_link/binary_info.c.obj
 .rodata.__bi_44
                0x0000000010009554        0xc CMakeFiles/SMCFW.dir/Users/john/Desktop/RP2040/pico-sdk/src/rp2_common/pico_standard_link/binary_info.c.obj
 .rodata.__bi_75
                0x0000000010009560        0xc CMakeFiles/SMCFW.dir/Users/john/Desktop/RP2040/pico-sdk/src/rp2_common/pico_standard_link/binary_info.c.obj
 .rodata.__bi_81
                0x000000001000956c        0xc CMakeFiles/SMCFW.dir/Users/john/Desktop/RP2040/pico-sdk/src/rp2_common/pico_standard_link/binary_info.c.obj
 .rodata.stdout_serialize_begin.str1.4
                0x0000000010009578       0x6a CMakeFiles/SMCFW.dir/Users/john/Desktop/RP2040/pico-sdk/src/rp2_common/pico_stdio/stdio.c.obj
 .rodata.__func__.3
                0x0000000010009578       0x15 CMakeFiles/SMCFW.dir/Users/john/Desktop/RP2040/pico-sdk/src/rp2_common/pico_stdio/stdio.c.obj
 *fill*         0x000000001000958d        0x3 
 .rodata.crlf_str.2
                0x0000000010009590        0x2 CMakeFiles/SMCFW.dir/Users/john/Desktop/RP2040/pico-sdk/src/rp2_common/pico_stdio/stdio.c.obj
 *fill*         0x0000000010009592        0x2 
 .rodata._resetd_driver
                0x0000000010009594       0x18 CMakeFiles/SMCFW.dir/Users/john/Desktop/RP2040/pico-sdk/src/rp2_common/pico_stdio_usb/reset_interface.c.obj
 .rodata.low_priority_worker_irq.str1.4
                0x00000000100095ac       0x6a CMakeFiles/SMCFW.dir/Users/john/Desktop/RP2040/pico-sdk/src/rp2_common/pico_stdio_usb/stdio_usb.c.obj
 .rodata.stdio_usb_init.str1.4
                0x00000000100095ac       0x4e CMakeFiles/SMCFW.dir/Users/john/Desktop/RP2040/pico-sdk/src/rp2_common/pico_stdio_usb/stdio_usb.c.obj
                                         0x56 (size before relaxing)
 *fill*         0x00000000100095fa        0x2 
 .rodata.str1.4
                0x00000000100095fc       0x13 CMakeFiles/SMCFW.dir/Users/john/Desktop/RP2040/pico-sdk/src/rp2_common/pico_stdio_usb/stdio_usb.c.obj
 *fill*         0x000000001000960f        0x1 
 .rodata.__bi_188.0
                0x0000000010009610        0xc CMakeFiles/SMCFW.dir/Users/john/Desktop/RP2040/pico-sdk/src/rp2_common/pico_stdio_usb/stdio_usb.c.obj
 .rodata.__func__.1
                0x000000001000961c        0xf CMakeFiles/SMCFW.dir/Users/john/Desktop/RP2040/pico-sdk/src/rp2_common/pico_stdio_usb/stdio_usb.c.obj
 *fill*         0x000000001000962b        0x1 
 .rodata.__func__.3
                0x000000001000962c       0x15 CMakeFiles/SMCFW.dir/Users/john/Desktop/RP2040/pico-sdk/src/rp2_common/pico_stdio_usb/stdio_usb.c.obj
 *fill*         0x0000000010009641        0x3 
 .rodata.str1.4
                0x0000000010009644       0x2a CMakeFiles/SMCFW.dir/Users/john/Desktop/RP2040/pico-sdk/src/rp2_common/pico_stdio_usb/stdio_usb_descriptors.c.obj
 *fill*         0x000000001000966e        0x2 
 .rodata.usbd_desc_cfg
                0x0000000010009670       0x54 CMakeFiles/SMCFW.dir/Users/john/Desktop/RP2040/pico-sdk/src/rp2_common/pico_stdio_usb/stdio_usb_descriptors.c.obj
 .rodata.usbd_desc_device
                0x00000000100096c4       0x12 CMakeFiles/SMCFW.dir/Users/john/Desktop/RP2040/pico-sdk/src/rp2_common/pico_stdio_usb/stdio_usb_descriptors.c.obj
 *fill*         0x00000000100096d6        0x2 
 .rodata.usbd_desc_str
                0x00000000100096d8       0x18 CMakeFiles/SMCFW.dir/Users/john/Desktop/RP2040/pico-sdk/src/rp2_common/pico_stdio_usb/stdio_usb_descriptors.c.obj
 .rodata.pico_get_unique_board_id_string.str1.4
                0x00000000100096f0       0x56 CMakeFiles/SMCFW.dir/Users/john/Desktop/RP2040/pico-sdk/src/rp2_common/pico_unique_id/unique_id.c.obj
 *fill*         0x0000000010009746        0x2 
 .rodata.__func__.0
                0x0000000010009748       0x20 CMakeFiles/SMCFW.dir/Users/john/Desktop/RP2040/pico-sdk/src/rp2_common/pico_unique_id/unique_id.c.obj
 .rodata.str1.4
                0x0000000010009768      0x162 CMakeFiles/SMCFW.dir/Users/john/Desktop/RP2040/pico-sdk/src/rp2_common/hardware_flash/flash.c.obj
 *fill*         0x00000000100098ca        0x2 
 .rodata.__func__.0
                0x00000000100098cc        0xd CMakeFiles/SMCFW.dir/Users/john/Desktop/RP2040/pico-sdk/src/rp2_common/hardware_flash/flash.c.obj
 *fill*         0x00000000100098d9        0x3 
 .rodata._hw_endpoint_alloc.str1.4
                0x00000000100098dc       0xc1 CMakeFiles/SMCFW.dir/Users/john/Desktop/RP2040/pico-sdk/lib/tinyusb/src/portable/raspberrypi/rp2040/dcd_rp2040.c.obj
 *fill*         0x000000001000999d        0x3 
 .rodata.str1.4
                0x00000000100099a0       0x14 CMakeFiles/SMCFW.dir/Users/john/Desktop/RP2040/pico-sdk/lib/tinyusb/src/portable/raspberrypi/rp2040/dcd_rp2040.c.obj
 .rodata.dcd_int_enable.str1.4
                0x00000000100099b4        0xc CMakeFiles/SMCFW.dir/Users/john/Desktop/RP2040/pico-sdk/lib/tinyusb/src/portable/raspberrypi/rp2040/dcd_rp2040.c.obj
 .rodata.__func__.0