Archive member included to satisfy reference by file (symbol)

c:/progra~1/raspbe~1/picosd~1.0/gcc-ar~1/bin/../lib/gcc/arm-none-eabi/10.3.1/thumb/v6-m/nofp\libgcc.a(_dvmd_tls.o)
                              CMakeFiles/SMCFW.dir/C_/Program_Files/Raspberry_Pi/Pico_SDK_v1.5.0/pico-sdk/src/rp2_common/pico_divider/divider.S.obj (__aeabi_idiv0)
c:/progra~1/raspbe~1/picosd~1.0/gcc-ar~1/bin/../lib/gcc/arm-none-eabi/10.3.1/../../../../arm-none-eabi/lib/thumb/v6-m/nofp\libg.a(lib_a-calloc.o)
                              CMakeFiles/SMCFW.dir/C_/Program_Files/Raspberry_Pi/Pico_SDK_v1.5.0/pico-sdk/src/rp2_common/pico_malloc/pico_malloc.c.obj (calloc)
c:/progra~1/raspbe~1/picosd~1.0/gcc-ar~1/bin/../lib/gcc/arm-none-eabi/10.3.1/../../../../arm-none-eabi/lib/thumb/v6-m/nofp\libg.a(lib_a-callocr.o)
                              c:/progra~1/raspbe~1/picosd~1.0/gcc-ar~1/bin/../lib/gcc/arm-none-eabi/10.3.1/../../../../arm-none-eabi/lib/thumb/v6-m/nofp\libg.a(lib_a-calloc.o) (_calloc_r)
c:/progra~1/raspbe~1/picosd~1.0/gcc-ar~1/bin/../lib/gcc/arm-none-eabi/10.3.1/../../../../arm-none-eabi/lib/thumb/v6-m/nofp\libg.a(lib_a-errno.o)
                              c:/progra~1/raspbe~1/picosd~1.0/gcc-ar~1/bin/../lib/gcc/arm-none-eabi/10.3.1/../../../../arm-none-eabi/lib/thumb/v6-m/nofp\libg.a(lib_a-callocr.o) (__errno)
c:/progra~1/raspbe~1/picosd~1.0/gcc-ar~1/bin/../lib/gcc/arm-none-eabi/10.3.1/../../../../arm-none-eabi/lib/thumb/v6-m/nofp\libg.a(lib_a-fflush.o)
                              CMakeFiles/SMCFW.dir/main.c.obj (fflush)
c:/progra~1/raspbe~1/picosd~1.0/gcc-ar~1/bin/../lib/gcc/arm-none-eabi/10.3.1/../../../../arm-none-eabi/lib/thumb/v6-m/nofp\libg.a(lib_a-findfp.o)
                              c:/progra~1/raspbe~1/picosd~1.0/gcc-ar~1/bin/../lib/gcc/arm-none-eabi/10.3.1/../../../../arm-none-eabi/lib/thumb/v6-m/nofp\libg.a(lib_a-fflush.o) (__sinit)
c:/progra~1/raspbe~1/picosd~1.0/gcc-ar~1/bin/../lib/gcc/arm-none-eabi/10.3.1/../../../../arm-none-eabi/lib/thumb/v6-m/nofp\libg.a(lib_a-freer.o)
                              c:/progra~1/raspbe~1/picosd~1.0/gcc-ar~1/bin/../lib/gcc/arm-none-eabi/10.3.1/../../../../arm-none-eabi/lib/thumb/v6-m/nofp\libg.a(lib_a-fflush.o) (_free_r)
c:/progra~1/raspbe~1/picosd~1.0/gcc-ar~1/bin/../lib/gcc/arm-none-eabi/10.3.1/../../../../arm-none-eabi/lib/thumb/v6-m/nofp\libg.a(lib_a-fwalk.o)
                              c:/progra~1/raspbe~1/picosd~1.0/gcc-ar~1/bin/../lib/gcc/arm-none-eabi/10.3.1/../../../../arm-none-eabi/lib/thumb/v6-m/nofp\libg.a(lib_a-findfp.o) (_fwalk)
c:/progra~1/raspbe~1/picosd~1.0/gcc-ar~1/bin/../lib/gcc/arm-none-eabi/10.3.1/../../../../arm-none-eabi/lib/thumb/v6-m/nofp\libg.a(lib_a-impure.o)
                              c:/progra~1/raspbe~1/picosd~1.0/gcc-ar~1/bin/../lib/gcc/arm-none-eabi/10.3.1/../../../../arm-none-eabi/lib/thumb/v6-m/nofp\libg.a(lib_a-fflush.o) (_global_impure_ptr)
c:/progra~1/raspbe~1/picosd~1.0/gcc-ar~1/bin/../lib/gcc/arm-none-eabi/10.3.1/../../../../arm-none-eabi/lib/thumb/v6-m/nofp\libg.a(lib_a-init.o)
                              c:/progra~1/raspbe~1/picosd~1.0/gcc-ar~1/bin/../lib/gcc/arm-none-eabi/10.3.1/../../../../arm-none-eabi/lib/thumb/v6-m/nofp/crt0.o (__libc_init_array)
c:/progra~1/raspbe~1/picosd~1.0/gcc-ar~1/bin/../lib/gcc/arm-none-eabi/10.3.1/../../../../arm-none-eabi/lib/thumb/v6-m/nofp\libg.a(lib_a-lock.o)
                              c:/progra~1/raspbe~1/picosd~1.0/gcc-ar~1/bin/../lib/gcc/arm-none-eabi/10.3.1/../../../../arm-none-eabi/lib/thumb/v6-m/nofp\libg.a(lib_a-findfp.o) (__retarget_lock_init_recursive)
c:/progra~1/raspbe~1/picosd~1.0/gcc-ar~1/bin/../lib/gcc/arm-none-eabi/10.3.1/../../../../arm-none-eabi/lib/thumb/v6-m/nofp\libg.a(lib_a-malloc.o)
                              CMakeFiles/SMCFW.dir/C_/Program_Files/Raspberry_Pi/Pico_SDK_v1.5.0/pico-sdk/src/rp2_common/pico_malloc/pico_malloc.c.obj (malloc)
c:/progra~1/raspbe~1/picosd~1.0/gcc-ar~1/bin/../lib/gcc/arm-none-eabi/10.3.1/../../../../arm-none-eabi/lib/thumb/v6-m/nofp\libg.a(lib_a-mallocr.o)
                              c:/progra~1/raspbe~1/picosd~1.0/gcc-ar~1/bin/../lib/gcc/arm-none-eabi/10.3.1/../../../../arm-none-eabi/lib/thumb/v6-m/nofp\libg.a(lib_a-callocr.o) (_malloc_r)
c:/progra~1/raspbe~1/picosd~1.0/gcc-ar~1/bin/../lib/gcc/arm-none-eabi/10.3.1/../../../../arm-none-eabi/lib/thumb/v6-m/nofp\libg.a(lib_a-mlock.o)
                              c:/progra~1/raspbe~1/picosd~1.0/gcc-ar~1/bin/../lib/gcc/arm-none-eabi/10.3.1/../../../../arm-none-eabi/lib/thumb/v6-m/nofp\libg.a(lib_a-freer.o) (__malloc_lock)
c:/progra~1/raspbe~1/picosd~1.0/gcc-ar~1/bin/../lib/gcc/arm-none-eabi/10.3.1/../../../../arm-none-eabi/lib/thumb/v6-m/nofp\libg.a(lib_a-realloc.o)
                              CMakeFiles/SMCFW.dir/C_/Program_Files/Raspberry_Pi/Pico_SDK_v1.5.0/pico-sdk/src/rp2_common/pico_malloc/pico_malloc.c.obj (realloc)
c:/progra~1/raspbe~1/picosd~1.0/gcc-ar~1/bin/../lib/gcc/arm-none-eabi/10.3.1/../../../../arm-none-eabi/lib/thumb/v6-m/nofp\libg.a(lib_a-reallocr.o)
[...]
Memory Configuration

Name             Origin             Length             Attributes
FLASH            0x10000000         0x00200000         xr
RAM              0x20000000         0x00040000         xrw
SCRATCH_X        0x20040000         0x00001000         xrw
SCRATCH_Y        0x20041000         0x00001000         xrw
*default*        0x00000000         0xffffffff

Linker script and memory map

LOAD c:/progra~1/raspbe~1/picosd~1.0/gcc-ar~1/bin/../lib/gcc/arm-none-eabi/10.3.1/thumb/v6-m/nofp/crti.o
LOAD c:/progra~1/raspbe~1/picosd~1.0/gcc-ar~1/bin/../lib/gcc/arm-none-eabi/10.3.1/thumb/v6-m/nofp/crtbegin.o
LOAD c:/progra~1/raspbe~1/picosd~1.0/gcc-ar~1/bin/../lib/gcc/arm-none-eabi/10.3.1/../../../../arm-none-eabi/lib/thumb/v6-m/nofp/crt0.o

.flash_begin    0x10000000        0x0
                0x10000000                __flash_binary_start = .

.boot2          0x10000000      0x100
                0x10000000                __boot2_start__ = .
 *(.boot2)
 .boot2         0x10000000      0x100 C:\Users\johnh\AppData\Local\Temp\cc4by6al.o
                0x10000100                __boot2_end__ = .
                0x00000001                ASSERT (((__boot2_end__ - __boot2_start__) == 0x100), ERROR: Pico second stage bootloader must be 256 bytes in size)

.text           0x10000100     0x8250
                0x10000100                __logical_binary_start = .
 *(.vectors)
 .vectors       0x10000100       0xd4 CMakeFiles/SMCFW.dir/C_/Program_Files/Raspberry_Pi/Pico_SDK_v1.5.0/pico-sdk/src/rp2_common/pico_standard_link/crt0.S.obj
                0x10000100                __VECTOR_TABLE
                0x10000100                __vectors
                0x100001c0                isr_invalid
                0x100001c0                __default_isrs_start
                0x100001c2                isr_nmi
                0x100001c4                isr_hardfault
                0x100001c6                isr_svcall
                0x100001c8                isr_pendsv
                0x100001ca                isr_systick
                0x100001cc                isr_irq23
                0x100001cc                isr_irq18
                0x100001cc                isr_irq11
                0x100001cc                isr_irq28
                0x100001cc                isr_irq19
                0x100001cc                isr_irq0
                0x100001cc                isr_irq6
                0x100001cc                isr_irq5
                0x100001cc                isr_irq12
                0x100001cc                isr_irq22
                0x100001cc                isr_irq31
                0x100001cc                isr_irq17
                0x100001cc                isr_irq27
                0x100001cc                isr_irq30
                0x100001cc                isr_irq2
                0x100001cc                isr_irq10
                0x100001cc                isr_irq8
                0x100001cc                isr_irq24
                0x100001cc                isr_irq1
                0x100001cc                isr_irq7
                0x100001cc                isr_irq21
                0x100001cc                isr_irq20
                0x100001cc                isr_irq15
                0x100001cc                isr_irq25
                0x100001cc                isr_irq13
                0x100001cc                __unhandled_user_irq
                0x100001cc                isr_irq4
                0x100001cc                isr_irq16
                0x100001cc                isr_irq29
                0x100001cc                isr_irq26
                0x100001cc                __default_isrs_end
                0x100001cc                isr_irq3
                0x100001cc                isr_irq14
                0x100001cc                isr_irq9
                0x100001d2                unhandled_user_irq_num_in_r0
 *(.binary_info_header)
 .binary_info_header
                0x100001d4       0x14 CMakeFiles/SMCFW.dir/C_/Program_Files/Raspberry_Pi/Pico_SDK_v1.5.0/pico-sdk/src/rp2_common/pico_standard_link/crt0.S.obj
                0x100001e8                __binary_info_header_end = .
 *(.reset)
 .reset         0x100001e8       0xa0 CMakeFiles/SMCFW.dir/C_/Program_Files/Raspberry_Pi/Pico_SDK_v1.5.0/pico-sdk/src/rp2_common/pico_standard_link/crt0.S.obj
                0x100001e8                _entry_point
 .reset         0x10000288       0x30 CMakeFiles/SMCFW.dir/C_/Program_Files/Raspberry_Pi/Pico_SDK_v1.5.0/pico-sdk/src/rp2_common/pico_standard_link/binary_info.c.obj
 *(.init)
 .init          0x100002b8        0x4 c:/progra~1/raspbe~1/picosd~1.0/gcc-ar~1/bin/../lib/gcc/arm-none-eabi/10.3.1/thumb/v6-m/nofp/crti.o
                0x100002b8                _init
 *(EXCLUDE_FILE(*libm.a: *libc.a:*lib_a-mem*.o *libgcc.a:) .text*)
 .text          0x100002bc       0x48 c:/progra~1/raspbe~1/picosd~1.0/gcc-ar~1/bin/../lib/gcc/arm-none-eabi/10.3.1/thumb/v6-m/nofp/crtbegin.o
 .text.initIO   0x10000304       0xf4 CMakeFiles/SMCFW.dir/main.c.obj
                0x10000304                initIO
 .text.blinkStatusLED
                0x100003f8       0x26 CMakeFiles/SMCFW.dir/main.c.obj
                0x100003f8                blinkStatusLED
 *fill*         0x1000041e        0x2 
 .text.initI2C  0x10000420      0x15c CMakeFiles/SMCFW.dir/main.c.obj
                0x10000420                initI2C
 .text.sysInit  0x1000057c       0x34 CMakeFiles/SMCFW.dir/main.c.obj
                0x1000057c                sysInit
 .text.readPwrMon
                0x100005b0      0x20c CMakeFiles/SMCFW.dir/main.c.obj
                0x100005b0                readPwrMon
 .text.main     0x100007bc      0x148 CMakeFiles/SMCFW.dir/main.c.obj
                0x100007bc                main
 .text.set_sys_clock_pll
                0x10000904       0x78 CMakeFiles/SMCFW.dir/C_/Program_Files/Raspberry_Pi/Pico_SDK_v1.5.0/pico-sdk/src/rp2_common/pico_stdlib/stdlib.c.obj
                0x10000904                set_sys_clock_pll
 .text.check_sys_clock_khz
                0x1000097c       0xb0 CMakeFiles/SMCFW.dir/C_/Program_Files/Raspberry_Pi/Pico_SDK_v1.5.0/pico-sdk/src/rp2_common/pico_stdlib/stdlib.c.obj
                0x1000097c                check_sys_clock_khz
 .text.gpio_set_function
                0x10000a2c       0x30 CMakeFiles/SMCFW.dir/C_/Program_Files/Raspberry_Pi/Pico_SDK_v1.5.0/pico-sdk/src/rp2_common/hardware_gpio/gpio.c.obj
                0x10000a2c                gpio_set_function
 .text.gpio_set_pulls
                0x10000a5c       0x34 CMakeFiles/SMCFW.dir/C_/Program_Files/Raspberry_Pi/Pico_SDK_v1.5.0/pico-sdk/src/rp2_common/hardware_gpio/gpio.c.obj
                0x10000a5c                gpio_set_pulls
 .text.gpio_init
                0x10000a90       0x16 CMakeFiles/SMCFW.dir/C_/Program_Files/Raspberry_Pi/Pico_SDK_v1.5.0/pico-sdk/src/rp2_common/hardware_gpio/gpio.c.obj
                0x10000a90                gpio_init
 *fill*         0x10000aa6        0x2 
 .text.running_on_fpga
                0x10000aa8       0x14 CMakeFiles/SMCFW.dir/C_/Program_Files/Raspberry_Pi/Pico_SDK_v1.5.0/pico-sdk/src/rp2_common/pico_platform/platform.c.obj
                0x10000aa8                running_on_fpga
 .text.hw_claim_lock
                0x10000abc       0x18 CMakeFiles/SMCFW.dir/C_/Program_Files/Raspberry_Pi/Pico_SDK_v1.5.0/pico-sdk/src/rp2_common/hardware_claim/claim.c.obj
                0x10000abc                hw_claim_lock
 .text.hw_claim_unlock
                0x10000ad4       0x14 CMakeFiles/SMCFW.dir/C_/Program_Files/Raspberry_Pi/Pico_SDK_v1.5.0/pico-sdk/src/rp2_common/hardware_claim/claim.c.obj
                0x10000ad4                hw_claim_unlock
 .text.hw_claim_or_assert
                0x10000ae8       0x32 CMakeFiles/SMCFW.dir/C_/Program_Files/Raspberry_Pi/Pico_SDK_v1.5.0/pico-sdk/src/rp2_common/hardware_claim/claim.c.obj
                0x10000ae8                hw_claim_or_assert
 .text.hw_claim_unused_from_range
                0x10000b1a       0x50 CMakeFiles/SMCFW.dir/C_/Program_Files/Raspberry_Pi/Pico_SDK_v1.5.0/pico-sdk/src/rp2_common/hardware_claim/claim.c.obj
                0x10000b1a                hw_claim_unused_from_range
 *fill*         0x10000b6a        0x2 
 .text.spin_locks_reset
                0x10000b6c       0x20 CMakeFiles/SMCFW.dir/C_/Program_Files/Raspberry_Pi/Pico_SDK_v1.5.0/pico-sdk/src/rp2_common/hardware_sync/sync.c.obj
                0x10000b6c                spin_locks_reset
 .text.next_striped_spin_lock_num
                0x10000b8c       0x1c CMakeFiles/SMCFW.dir/C_/Program_Files/Raspberry_Pi/Pico_SDK_v1.5.0/pico-sdk/src/rp2_common/hardware_sync/sync.c.obj
                0x10000b8c                next_striped_spin_lock_num
 .text.spin_lock_claim_unused
                0x10000ba8       0x20 CMakeFiles/SMCFW.dir/C_/Program_Files/Raspberry_Pi/Pico_SDK_v1.5.0/pico-sdk/src/rp2_common/hardware_sync/sync.c.obj
                0x10000ba8                spin_lock_claim_unused
 .text.set_raw_irq_handler_and_unlock
                0x10000bc8       0x28 CMakeFiles/SMCFW.dir/C_/Program_Files/Raspberry_Pi/Pico_SDK_v1.5.0/pico-sdk/src/rp2_common/hardware_irq/irq.c.obj
 .text.make_branch
                0x10000bf0       0x48 CMakeFiles/SMCFW.dir/C_/Program_Files/Raspberry_Pi/Pico_SDK_v1.5.0/pico-sdk/src/rp2_common/hardware_irq/irq.c.obj
 .text.insert_branch_and_link
                0x10000c38       0x40 CMakeFiles/SMCFW.dir/C_/Program_Files/Raspberry_Pi/Pico_SDK_v1.5.0/pico-sdk/src/rp2_common/hardware_irq/irq.c.obj
 .text.irq_is_enabled
                0x10000c78       0x18 CMakeFiles/SMCFW.dir/C_/Program_Files/Raspberry_Pi/Pico_SDK_v1.5.0/pico-sdk/src/rp2_common/hardware_irq/irq.c.obj
                0x10000c78                irq_is_enabled
 .text.irq_set_mask_enabled
                0x10000c90       0x20 CMakeFiles/SMCFW.dir/C_/Program_Files/Raspberry_Pi/Pico_SDK_v1.5.0/pico-sdk/src/rp2_common/hardware_irq/irq.c.obj
                0x10000c90                irq_set_mask_enabled
 .text.irq_set_enabled
                0x10000cb0        0xe CMakeFiles/SMCFW.dir/C_/Program_Files/Raspberry_Pi/Pico_SDK_v1.5.0/pico-sdk/src/rp2_common/hardware_irq/irq.c.obj
                0x10000cb0                irq_set_enabled
 *fill*         0x10000cbe        0x2 
 .text.irq_set_pending
                0x10000cc0       0x10 CMakeFiles/SMCFW.dir/C_/Program_Files/Raspberry_Pi/Pico_SDK_v1.5.0/pico-sdk/src/rp2_common/hardware_irq/irq.c.obj
                0x10000cc0                irq_set_pending
 .text.irq_get_vtable_handler
                0x10000cd0       0x10 CMakeFiles/SMCFW.dir/C_/Program_Files/Raspberry_Pi/Pico_SDK_v1.5.0/pico-sdk/src/rp2_common/hardware_irq/irq.c.obj
                0x10000cd0                irq_get_vtable_handler
 .text.irq_has_shared_handler
                0x10000ce0       0x24 CMakeFiles/SMCFW.dir/C_/Program_Files/Raspberry_Pi/Pico_SDK_v1.5.0/pico-sdk/src/rp2_common/hardware_irq/irq.c.obj
                0x10000ce0                irq_has_shared_handler
 .text.irq_set_exclusive_handler
                0x10000d04       0x54 CMakeFiles/SMCFW.dir/C_/Program_Files/Raspberry_Pi/Pico_SDK_v1.5.0/pico-sdk/src/rp2_common/hardware_irq/irq.c.obj
                0x10000d04                irq_set_exclusive_handler
 .text.irq_add_shared_handler
                0x10000d58      0x234 CMakeFiles/SMCFW.dir/C_/Program_Files/Raspberry_Pi/Pico_SDK_v1.5.0/pico-sdk/src/rp2_common/hardware_irq/irq.c.obj
                0x10000d58                irq_add_shared_handler
 .text.irq_remove_handler
                0x10000f8c      0x1ac CMakeFiles/SMCFW.dir/C_/Program_Files/Raspberry_Pi/Pico_SDK_v1.5.0/pico-sdk/src/rp2_common/hardware_irq/irq.c.obj
                0x10000f8c                irq_remove_handler
 .text.irq_add_tail_to_free_list
                0x10001138       0xf0 CMakeFiles/SMCFW.dir/C_/Program_Files/Raspberry_Pi/Pico_SDK_v1.5.0/pico-sdk/src/rp2_common/hardware_irq/irq.c.obj
                0x10001138                irq_add_tail_to_free_list
 .text.irq_init_priorities
                0x10001228       0x1c CMakeFiles/SMCFW.dir/C_/Program_Files/Raspberry_Pi/Pico_SDK_v1.5.0/pico-sdk/src/rp2_common/hardware_irq/irq.c.obj
                0x10001228                irq_init_priorities
 .text.user_irq_claim_unused
                0x10001244       0x28 CMakeFiles/SMCFW.dir/C_/Program_Files/Raspberry_Pi/Pico_SDK_v1.5.0/pico-sdk/src/rp2_common/hardware_irq/irq.c.obj
                0x10001244                user_irq_claim_unused
 .text.lock_init
                0x1000126c       0x10 CMakeFiles/SMCFW.dir/C_/Program_Files/Raspberry_Pi/Pico_SDK_v1.5.0/pico-sdk/src/common/pico_sync/lock_core.c.obj
                0x1000126c                lock_init
 .text.mutex_init
                0x1000127c       0x1a CMakeFiles/SMCFW.dir/C_/Program_Files/Raspberry_Pi/Pico_SDK_v1.5.0/pico-sdk/src/common/pico_sync/mutex.c.obj
                0x1000127c                mutex_init
 .text.recursive_mutex_init
                0x10001296       0x1e CMakeFiles/SMCFW.dir/C_/Program_Files/Raspberry_Pi/Pico_SDK_v1.5.0/pico-sdk/src/common/pico_sync/mutex.c.obj
                0x10001296                recursive_mutex_init
 .text.critical_section_init_with_lock_num
                0x100012b4       0x14 CMakeFiles/SMCFW.dir/C_/Program_Files/Raspberry_Pi/Pico_SDK_v1.5.0/pico-sdk/src/common/pico_sync/critical_section.c.obj
                0x100012b4                critical_section_init_with_lock_num
 .text.critical_section_init
                0x100012c8       0x14 CMakeFiles/SMCFW.dir/C_/Program_Files/Raspberry_Pi/Pico_SDK_v1.5.0/pico-sdk/src/common/pico_sync/critical_section.c.obj
                0x100012c8                critical_section_init
 .text.alarm_pool_post_alloc_init
                0x100012dc       0x40 CMakeFiles/SMCFW.dir/C_/Program_Files/Raspberry_Pi/Pico_SDK_v1.5.0/pico-sdk/src/common/pico_time/time.c.obj
 .text.sleep_until_callback
                0x1000131c       0x30 CMakeFiles/SMCFW.dir/C_/Program_Files/Raspberry_Pi/Pico_SDK_v1.5.0/pico-sdk/src/common/pico_time/time.c.obj
 .text.timer_pool_entry_comparator
                0x1000134c       0x7c CMakeFiles/SMCFW.dir/C_/Program_Files/Raspberry_Pi/Pico_SDK_v1.5.0/pico-sdk/src/common/pico_time/time.c.obj
                0x1000134c                timer_pool_entry_comparator
 .text.ph_add_child_node
                0x100013c8       0xa4 CMakeFiles/SMCFW.dir/C_/Program_Files/Raspberry_Pi/Pico_SDK_v1.5.0/pico-sdk/src/common/pico_time/time.c.obj
 .text.ph_merge_nodes
                0x1000146c       0x3e CMakeFiles/SMCFW.dir/C_/Program_Files/Raspberry_Pi/Pico_SDK_v1.5.0/pico-sdk/src/common/pico_time/time.c.obj
 *fill*         0x100014aa        0x2 
 .text.add_alarm_under_lock
                0x100014ac      0x174 CMakeFiles/SMCFW.dir/C_/Program_Files/Raspberry_Pi/Pico_SDK_v1.5.0/pico-sdk/src/common/pico_time/time.c.obj
 .text.alarm_pool_alarm_callback
                0x10001620      0x33c CMakeFiles/SMCFW.dir/C_/Program_Files/Raspberry_Pi/Pico_SDK_v1.5.0/pico-sdk/src/common/pico_time/time.c.obj
 .text.alarm_pool_init_default
                0x1000195c       0x40 CMakeFiles/SMCFW.dir/C_/Program_Files/Raspberry_Pi/Pico_SDK_v1.5.0/pico-sdk/src/common/pico_time/time.c.obj
                0x1000195c                alarm_pool_init_default
 .text.alarm_pool_get_default
                0x1000199c       0x2c CMakeFiles/SMCFW.dir/C_/Program_Files/Raspberry_Pi/Pico_SDK_v1.5.0/pico-sdk/src/common/pico_time/time.c.obj
                0x1000199c                alarm_pool_get_default
 .text.alarm_pool_add_alarm_at
                0x100019c8      0x168 CMakeFiles/SMCFW.dir/C_/Program_Files/Raspberry_Pi/Pico_SDK_v1.5.0/pico-sdk/src/common/pico_time/time.c.obj
                0x100019c8                alarm_pool_add_alarm_at
 .text.alarm_pool_cancel_alarm
                0x10001b30       0xf0 CMakeFiles/SMCFW.dir/C_/Program_Files/Raspberry_Pi/Pico_SDK_v1.5.0/pico-sdk/src/common/pico_time/time.c.obj
                0x10001b30                alarm_pool_cancel_alarm
 .text.alarm_pool_core_num
                0x10001c20        0x4 CMakeFiles/SMCFW.dir/C_/Program_Files/Raspberry_Pi/Pico_SDK_v1.5.0/pico-sdk/src/common/pico_time/time.c.obj
                0x10001c20                alarm_pool_core_num
 .text.sleep_until
                0x10001c24       0xfc CMakeFiles/SMCFW.dir/C_/Program_Files/Raspberry_Pi/Pico_SDK_v1.5.0/pico-sdk/src/common/pico_time/time.c.obj
                0x10001c24                sleep_until
 .text.sleep_us
                0x10001d20       0x58 CMakeFiles/SMCFW.dir/C_/Program_Files/Raspberry_Pi/Pico_SDK_v1.5.0/pico-sdk/src/common/pico_time/time.c.obj
                0x10001d20                sleep_us
 .text.sleep_ms
                0x10001d78       0x14 CMakeFiles/SMCFW.dir/C_/Program_Files/Raspberry_Pi/Pico_SDK_v1.5.0/pico-sdk/src/common/pico_time/time.c.obj
                0x10001d78                sleep_ms
 .text.best_effort_wfe_or_timeout
                0x10001d8c       0xac CMakeFiles/SMCFW.dir/C_/Program_Files/Raspberry_Pi/Pico_SDK_v1.5.0/pico-sdk/src/common/pico_time/time.c.obj
                0x10001d8c                best_effort_wfe_or_timeout
 .text.hardware_alarm_irq_handler
                0x10001e38       0x90 CMakeFiles/SMCFW.dir/C_/Program_Files/Raspberry_Pi/Pico_SDK_v1.5.0/pico-sdk/src/rp2_common/hardware_timer/timer.c.obj
 .text.hardware_alarm_claim
                0x10001ec8       0x18 CMakeFiles/SMCFW.dir/C_/Program_Files/Raspberry_Pi/Pico_SDK_v1.5.0/pico-sdk/src/rp2_common/hardware_timer/timer.c.obj
                0x10001ec8                hardware_alarm_claim
 .text.time_us_64
                0x10001ee0       0x18 CMakeFiles/SMCFW.dir/C_/Program_Files/Raspberry_Pi/Pico_SDK_v1.5.0/pico-sdk/src/rp2_common/hardware_timer/timer.c.obj
                0x10001ee0                time_us_64
 .text.busy_wait_until
                0x10001ef8       0x28 CMakeFiles/SMCFW.dir/C_/Program_Files/Raspberry_Pi/Pico_SDK_v1.5.0/pico-sdk/src/rp2_common/hardware_timer/timer.c.obj
                0x10001ef8                busy_wait_until
 .text.busy_wait_us
                0x10001f20       0x48 CMakeFiles/SMCFW.dir/C_/Program_Files/Raspberry_Pi/Pico_SDK_v1.5.0/pico-sdk/src/rp2_common/hardware_timer/timer.c.obj
                0x10001f20                busy_wait_us
 .text.hardware_alarm_set_callback
                0x10001f68       0x90 CMakeFiles/SMCFW.dir/C_/Program_Files/Raspberry_Pi/Pico_SDK_v1.5.0/pico-sdk/src/rp2_common/hardware_timer/timer.c.obj
                0x10001f68                hardware_alarm_set_callback
 .text.hardware_alarm_set_target
                0x10001ff8       0xe8 CMakeFiles/SMCFW.dir/C_/Program_Files/Raspberry_Pi/Pico_SDK_v1.5.0/pico-sdk/src/rp2_common/hardware_timer/timer.c.obj
                0x10001ff8                hardware_alarm_set_target
 .text.hardware_alarm_cancel
                0x100020e0       0x40 CMakeFiles/SMCFW.dir/C_/Program_Files/Raspberry_Pi/Pico_SDK_v1.5.0/pico-sdk/src/rp2_common/hardware_timer/timer.c.obj
                0x100020e0                hardware_alarm_cancel
 .text.ph_add_child_node
                0x10002120       0xa4 CMakeFiles/SMCFW.dir/C_/Program_Files/Raspberry_Pi/Pico_SDK_v1.5.0/pico-sdk/src/common/pico_util/pheap.c.obj
 .text.ph_merge_nodes
                0x100021c4       0x3e CMakeFiles/SMCFW.dir/C_/Program_Files/Raspberry_Pi/Pico_SDK_v1.5.0/pico-sdk/src/common/pico_util/pheap.c.obj
 *fill*         0x10002202        0x2 
 .text.ph_clear
                0x10002204       0x70 CMakeFiles/SMCFW.dir/C_/Program_Files/Raspberry_Pi/Pico_SDK_v1.5.0/pico-sdk/src/common/pico_util/pheap.c.obj
                0x10002204                ph_clear
 .text.ph_post_alloc_init
                0x10002274        0xe CMakeFiles/SMCFW.dir/C_/Program_Files/Raspberry_Pi/Pico_SDK_v1.5.0/pico-sdk/src/common/pico_util/pheap.c.obj
                0x10002274                ph_post_alloc_init
 *fill*         0x10002282        0x2 
 .text.ph_merge_two_pass
                0x10002284       0xa8 CMakeFiles/SMCFW.dir/C_/Program_Files/Raspberry_Pi/Pico_SDK_v1.5.0/pico-sdk/src/common/pico_util/pheap.c.obj
                0x10002284                ph_merge_two_pass
 .text.ph_remove_any_head
                0x1000232c      0x128 CMakeFiles/SMCFW.dir/C_/Program_Files/Raspberry_Pi/Pico_SDK_v1.5.0/pico-sdk/src/common/pico_util/pheap.c.obj
 .text.ph_remove_head
                0x10002454       0x14 CMakeFiles/SMCFW.dir/C_/Program_Files/Raspberry_Pi/Pico_SDK_v1.5.0/pico-sdk/src/common/pico_util/pheap.c.obj
                0x10002454                ph_remove_head
 .text.ph_remove_and_free_node
                0x10002468       0xf8 CMakeFiles/SMCFW.dir/C_/Program_Files/Raspberry_Pi/Pico_SDK_v1.5.0/pico-sdk/src/common/pico_util/pheap.c.obj
                0x10002468                ph_remove_and_free_node
 .text.clock_configure
                0x10002560      0x104 CMakeFiles/SMCFW.dir/C_/Program_Files/Raspberry_Pi/Pico_SDK_v1.5.0/pico-sdk/src/rp2_common/hardware_clocks/clocks.c.obj
                0x10002560                clock_configure
 .text.clocks_init
                0x10002664      0x100 CMakeFiles/SMCFW.dir/C_/Program_Files/Raspberry_Pi/Pico_SDK_v1.5.0/pico-sdk/src/rp2_common/hardware_clocks/clocks.c.obj
                0x10002664                clocks_init
 .text.clock_get_hz
                0x10002764        0xc CMakeFiles/SMCFW.dir/C_/Program_Files/Raspberry_Pi/Pico_SDK_v1.5.0/pico-sdk/src/rp2_common/hardware_clocks/clocks.c.obj
                0x10002764                clock_get_hz
 .text.pll_init
                0x10002770      0x12c CMakeFiles/SMCFW.dir/C_/Program_Files/Raspberry_Pi/Pico_SDK_v1.5.0/pico-sdk/src/rp2_common/hardware_pll/pll.c.obj
                0x10002770                pll_init
 .text.watchdog_start_tick
                0x1000289c       0x10 CMakeFiles/SMCFW.dir/C_/Program_Files/Raspberry_Pi/Pico_SDK_v1.5.0/pico-sdk/src/rp2_common/hardware_watchdog/watchdog.c.obj
                0x1000289c                watchdog_start_tick
 .text.watchdog_update
                0x100028ac       0x14 CMakeFiles/SMCFW.dir/C_/Program_Files/Raspberry_Pi/Pico_SDK_v1.5.0/pico-sdk/src/rp2_common/hardware_watchdog/watchdog.c.obj
                0x100028ac                watchdog_update
 .text._watchdog_enable
                0x100028c0       0x78 CMakeFiles/SMCFW.dir/C_/Program_Files/Raspberry_Pi/Pico_SDK_v1.5.0/pico-sdk/src/rp2_common/hardware_watchdog/watchdog.c.obj
                0x100028c0                _watchdog_enable
 .text.watchdog_reboot
                0x10002938       0x48 CMakeFiles/SMCFW.dir/C_/Program_Files/Raspberry_Pi/Pico_SDK_v1.5.0/pico-sdk/src/rp2_common/hardware_watchdog/watchdog.c.obj
                0x10002938                watchdog_reboot
 .text.xosc_init
                0x10002980       0x28 CMakeFiles/SMCFW.dir/C_/Program_Files/Raspberry_Pi/Pico_SDK_v1.5.0/pico-sdk/src/rp2_common/hardware_xosc/xosc.c.obj
                0x10002980                xosc_init
 .text._exit    0x100029a8        0x4 CMakeFiles/SMCFW.dir/C_/Program_Files/Raspberry_Pi/Pico_SDK_v1.5.0/pico-sdk/src/rp2_common/pico_runtime/runtime.c.obj
                0x100029a8                _exit
 .text._sbrk    0x100029ac       0x38 CMakeFiles/SMCFW.dir/C_/Program_Files/Raspberry_Pi/Pico_SDK_v1.5.0/pico-sdk/src/rp2_common/pico_runtime/runtime.c.obj
                0x100029ac                _sbrk
 .text.exit     0x100029e4        0x6 CMakeFiles/SMCFW.dir/C_/Program_Files/Raspberry_Pi/Pico_SDK_v1.5.0/pico-sdk/src/rp2_common/pico_runtime/runtime.c.obj
                0x100029e4                exit
 *fill*         0x100029ea        0x2 
 .text.__assert_func
                0x100029ec       0x3c CMakeFiles/SMCFW.dir/C_/Program_Files/Raspberry_Pi/Pico_SDK_v1.5.0/pico-sdk/src/rp2_common/pico_runtime/runtime.c.obj
                0x100029ec                __assert_func
 .text.runtime_init
                0x10002a28       0xf8 CMakeFiles/SMCFW.dir/C_/Program_Files/Raspberry_Pi/Pico_SDK_v1.5.0/pico-sdk/src/rp2_common/pico_runtime/runtime.c.obj
                0x10002a28                runtime_init
 .text.panic    0x10002b20       0x30 CMakeFiles/SMCFW.dir/C_/Program_Files/Raspberry_Pi/Pico_SDK_v1.5.0/pico-sdk/src/rp2_common/pico_runtime/runtime.c.obj
                0x10002b20                panic
 .text._out_null
                0x10002b50        0x2 CMakeFiles/SMCFW.dir/C_/Program_Files/Raspberry_Pi/Pico_SDK_v1.5.0/pico-sdk/src/rp2_common/pico_printf/printf.c.obj
 .text._out_fct
                0x10002b52        0xe CMakeFiles/SMCFW.dir/C_/Program_Files/Raspberry_Pi/Pico_SDK_v1.5.0/pico-sdk/src/rp2_common/pico_printf/printf.c.obj
 .text._atoi    0x10002b60       0x24 CMakeFiles/SMCFW.dir/C_/Program_Files/Raspberry_Pi/Pico_SDK_v1.5.0/pico-sdk/src/rp2_common/pico_printf/printf.c.obj
 .text._out_rev
                0x10002b84       0xae CMakeFiles/SMCFW.dir/C_/Program_Files/Raspberry_Pi/Pico_SDK_v1.5.0/pico-sdk/src/rp2_common/pico_printf/printf.c.obj
 .text._ntoa_format
                0x10002c32      0x112 CMakeFiles/SMCFW.dir/C_/Program_Files/Raspberry_Pi/Pico_SDK_v1.5.0/pico-sdk/src/rp2_common/pico_printf/printf.c.obj
 .text._ntoa_long
                0x10002d44       0xbc CMakeFiles/SMCFW.dir/C_/Program_Files/Raspberry_Pi/Pico_SDK_v1.5.0/pico-sdk/src/rp2_common/pico_printf/printf.c.obj
 .text._ntoa_long_long
                0x10002e00       0xe2 CMakeFiles/SMCFW.dir/C_/Program_Files/Raspberry_Pi/Pico_SDK_v1.5.0/pico-sdk/src/rp2_common/pico_printf/printf.c.obj
 *fill*         0x10002ee2        0x2 
 .text._etoa    0x10002ee4      0x414 CMakeFiles/SMCFW.dir/C_/Program_Files/Raspberry_Pi/Pico_SDK_v1.5.0/pico-sdk/src/rp2_common/pico_printf/printf.c.obj
 .text._ftoa    0x100032f8      0x354 CMakeFiles/SMCFW.dir/C_/Program_Files/Raspberry_Pi/Pico_SDK_v1.5.0/pico-sdk/src/rp2_common/pico_printf/printf.c.obj
 .text._vsnprintf
                0x1000364c      0x624 CMakeFiles/SMCFW.dir/C_/Program_Files/Raspberry_Pi/Pico_SDK_v1.5.0/pico-sdk/src/rp2_common/pico_printf/printf.c.obj
 .text.vfctprintf
                0x10003c70       0x20 CMakeFiles/SMCFW.dir/C_/Program_Files/Raspberry_Pi/Pico_SDK_v1.5.0/pico-sdk/src/rp2_common/pico_printf/printf.c.obj
                0x10003c70                vfctprintf
 .text          0x10003c90       0x10 CMakeFiles/SMCFW.dir/C_/Program_Files/Raspberry_Pi/Pico_SDK_v1.5.0/pico-sdk/src/rp2_common/pico_bit_ops/bit_ops_aeabi.S.obj
 .text.rom_func_lookup
                0x10003ca0       0x10 CMakeFiles/SMCFW.dir/C_/Program_Files/Raspberry_Pi/Pico_SDK_v1.5.0/pico-sdk/src/rp2_common/pico_bootrom/bootrom.c.obj
                0x10003ca0                rom_func_lookup
 .text.rom_data_lookup
                0x10003cb0       0x10 CMakeFiles/SMCFW.dir/C_/Program_Files/Raspberry_Pi/Pico_SDK_v1.5.0/pico-sdk/src/rp2_common/pico_bootrom/bootrom.c.obj
                0x10003cb0                rom_data_lookup
 .text.rom_funcs_lookup
                0x10003cc0       0x36 CMakeFiles/SMCFW.dir/C_/Program_Files/Raspberry_Pi/Pico_SDK_v1.5.0/pico-sdk/src/rp2_common/pico_bootrom/bootrom.c.obj
                0x10003cc0                rom_funcs_lookup
 *fill*         0x10003cf6        0x2 
 .text.__wrap___aeabi_idiv
                0x10003cf8       0x50 CMakeFiles/SMCFW.dir/C_/Program_Files/Raspberry_Pi/Pico_SDK_v1.5.0/pico-sdk/src/rp2_common/pico_divider/divider.S.obj
                0x10003cf8                __wrap___aeabi_idivmod
                0x10003cf8                divmod_s32s32
                0x10003cf8                div_s32s32
                0x10003cf8                __wrap___aeabi_idiv
                0x10003d00                divmod_s32s32_unsafe
                0x10003d2c                divmod_s32s32_savestate
 .text.__wrap___aeabi_uidiv
                0x10003d48       0x4c CMakeFiles/SMCFW.dir/C_/Program_Files/Raspberry_Pi/Pico_SDK_v1.5.0/pico-sdk/src/rp2_common/pico_divider/divider.S.obj
                0x10003d48                __wrap___aeabi_uidiv
                0x10003d48                __wrap___aeabi_uidivmod
                0x10003d48                div_u32u32
                0x10003d48                divmod_u32u32
                0x10003d50                divmod_u32u32_unsafe
                0x10003d78                divmod_u32u32_savestate
 .text.__wrap___aeabi_ldiv
                0x10003d94      0x424 CMakeFiles/SMCFW.dir/C_/Program_Files/Raspberry_Pi/Pico_SDK_v1.5.0/pico-sdk/src/rp2_common/pico_divider/divider.S.obj
                0x10003d94                div_s64s64
                0x10003d94                divmod_s64s64
                0x10003d94                __wrap___aeabi_ldivmod
                0x10003dc4                divmod_u64u64
                0x10003dc4                div_u64u64
                0x10003dc4                __wrap___aeabi_uldivmod
                0x10003dd4                divmod_u64u64_savestate
                0x10003df4                divmod_s64s64_unsafe
                0x10003e7c                divmod_u64u64_unsafe
 .text.__wrap___aeabi_darithmetic
                0x100041b8       0x80 CMakeFiles/SMCFW.dir/C_/Program_Files/Raspberry_Pi/Pico_SDK_v1.5.0/pico-sdk/src/rp2_common/pico_double/double_aeabi.S.obj
                0x100041b8                __wrap___aeabi_drsub
                0x100041be                __wrap___aeabi_dsub
                0x100041d0                __wrap___aeabi_dadd
                0x100041e2                __wrap___aeabi_ddiv
                0x1000421e                __wrap___aeabi_dmul
 .text.__wrap___aeabi_cdcmple
                0x10004238       0x6c CMakeFiles/SMCFW.dir/C_/Program_Files/Raspberry_Pi/Pico_SDK_v1.5.0/pico-sdk/src/rp2_common/pico_double/double_aeabi.S.obj
                0x10004238                __wrap___aeabi_cdrcmple
                0x10004248                __wrap___aeabi_cdcmpeq
                0x10004248                __wrap___aeabi_cdcmple
 .text.__wrap___aeabi_dcmplt
                0x100042a4        0xc CMakeFiles/SMCFW.dir/C_/Program_Files/Raspberry_Pi/Pico_SDK_v1.5.0/pico-sdk/src/rp2_common/pico_double/double_aeabi.S.obj
                0x100042a4                __wrap___aeabi_dcmplt
 .text.__wrap___aeabi_dcmple
                0x100042b0       0x10 CMakeFiles/SMCFW.dir/C_/Program_Files/Raspberry_Pi/Pico_SDK_v1.5.0/pico-sdk/src/rp2_common/pico_double/double_aeabi.S.obj
                0x100042b0                __wrap___aeabi_dcmple
 .text.__wrap___aeabi_dcmpge
                0x100042c0       0x10 CMakeFiles/SMCFW.dir/C_/Program_Files/Raspberry_Pi/Pico_SDK_v1.5.0/pico-sdk/src/rp2_common/pico_double/double_aeabi.S.obj
                0x100042c0                __wrap___aeabi_dcmpge
 .text.__wrap___aeabi_dcmpgt
                0x100042d0        0xa CMakeFiles/SMCFW.dir/C_/Program_Files/Raspberry_Pi/Pico_SDK_v1.5.0/pico-sdk/src/rp2_common/pico_double/double_aeabi.S.obj
                0x100042d0                __wrap___aeabi_dcmpgt
 .text.__wrap___aeabi_dcmpun
                0x100042da       0x1c CMakeFiles/SMCFW.dir/C_/Program_Files/Raspberry_Pi/Pico_SDK_v1.5.0/pico-sdk/src/rp2_common/pico_double/double_aeabi.S.obj
                0x100042da                __wrap___aeabi_dcmpun
 *fill*         0x100042f6        0x2 
 .text.__wrap___aeabi_i2d
                0x100042f8       0x38 CMakeFiles/SMCFW.dir/C_/Program_Files/Raspberry_Pi/Pico_SDK_v1.5.0/pico-sdk/src/rp2_common/pico_double/double_aeabi.S.obj
                0x100042f8                __wrap___aeabi_ui2d
                0x10004300                __wrap___aeabi_i2d
 .text.__wrap___aeabi_d2iz
                0x10004330       0x48 CMakeFiles/SMCFW.dir/C_/Program_Files/Raspberry_Pi/Pico_SDK_v1.5.0/pico-sdk/src/rp2_common/pico_double/double_aeabi.S.obj
                0x10004330                double2int_z
                0x10004330                __wrap___aeabi_d2iz
 .text.__wrap___aeabi_d2uiz
                0x10004378       0x18 CMakeFiles/SMCFW.dir/C_/Program_Files/Raspberry_Pi/Pico_SDK_v1.5.0/pico-sdk/src/rp2_common/pico_double/double_aeabi.S.obj
                0x10004378                __wrap___aeabi_d2uiz
                0x10004378                double2uint
 .text.__aeabi_double_init
                0x10004390       0xc8 CMakeFiles/SMCFW.dir/C_/Program_Files/Raspberry_Pi/Pico_SDK_v1.5.0/pico-sdk/src/rp2_common/pico_double/double_init_rom.c.obj
                0x10004390                __aeabi_double_init
 .text.double_table_shim_on_use_helper
                0x10004458       0x34 CMakeFiles/SMCFW.dir/C_/Program_Files/Raspberry_Pi/Pico_SDK_v1.5.0/pico-sdk/src/rp2_common/pico_double/double_v1_rom_shim.S.obj
                0x10004458                double_table_shim_on_use_helper
 .text.__wrap___aeabi_dsub
                0x1000448c       0x10 CMakeFiles/SMCFW.dir/C_/Program_Files/Raspberry_Pi/Pico_SDK_v1.5.0/pico-sdk/src/rp2_common/pico_double/double_v1_rom_shim.S.obj
                0x1000448c                drsub_shim
                0x10004492                dsub_shim
 .text.dadd_shim
                0x1000449c      0x15c CMakeFiles/SMCFW.dir/C_/Program_Files/Raspberry_Pi/Pico_SDK_v1.5.0/pico-sdk/src/rp2_common/pico_double/double_v1_rom_shim.S.obj
                0x1000449c                dadd_shim
 .text.dmul_shim
                0x100045f8      0x15c CMakeFiles/SMCFW.dir/C_/Program_Files/Raspberry_Pi/Pico_SDK_v1.5.0/pico-sdk/src/rp2_common/pico_double/double_v1_rom_shim.S.obj
                0x100045f8                dmul_shim
 .text.ddiv_shim
                0x10004754      0x1b0 CMakeFiles/SMCFW.dir/C_/Program_Files/Raspberry_Pi/Pico_SDK_v1.5.0/pico-sdk/src/rp2_common/pico_double/double_v1_rom_shim.S.obj
                0x10004754                ddiv_shim
 .text.double2uint_shim
                0x10004904        0xe CMakeFiles/SMCFW.dir/C_/Program_Files/Raspberry_Pi/Pico_SDK_v1.5.0/pico-sdk/src/rp2_common/pico_double/double_v1_rom_shim.S.obj
                0x10004904                double2uint_shim
                0x10004906                double2ufix_shim
 *fill*         0x10004912        0x2 
 .text.double2uint64_shim
                0x10004914       0x70 CMakeFiles/SMCFW.dir/C_/Program_Files/Raspberry_Pi/Pico_SDK_v1.5.0/pico-sdk/src/rp2_common/pico_double/double_v1_rom_shim.S.obj
                0x10004914                double2uint64_shim
                0x10004916                double2ufix64_shim
                0x10004936                d2fix_a
 .text.dunpacks
                0x10004984       0x3c CMakeFiles/SMCFW.dir/C_/Program_Files/Raspberry_Pi/Pico_SDK_v1.5.0/pico-sdk/src/rp2_common/pico_double/double_v1_rom_shim.S.obj
                0x10004984                dunpacks
 .text.__aeabi_lmul
                0x100049c0       0x32 CMakeFiles/SMCFW.dir/C_/Program_Files/Raspberry_Pi/Pico_SDK_v1.5.0/pico-sdk/src/rp2_common/pico_int64_ops/pico_int64_ops_aeabi.S.obj
                0x100049c0                __wrap___aeabi_lmul
 *fill*         0x100049f2        0x2 
 .text.__wrap___aeabi_farithmetic
                0x100049f4       0x58 CMakeFiles/SMCFW.dir/C_/Program_Files/Raspberry_Pi/Pico_SDK_v1.5.0/pico-sdk/src/rp2_common/pico_float/float_aeabi.S.obj
                0x100049f4                __wrap___aeabi_frsub
                0x100049fa                __wrap___aeabi_fsub
                0x10004a04                __wrap___aeabi_fadd
                0x10004a0e                __wrap___aeabi_fdiv
                0x10004a3a                __wrap___aeabi_fmul
 .text.__wrap___aeabi_ui2f
                0x10004a4c        0xa CMakeFiles/SMCFW.dir/C_/Program_Files/Raspberry_Pi/Pico_SDK_v1.5.0/pico-sdk/src/rp2_common/pico_float/float_aeabi.S.obj
                0x10004a4c                __wrap___aeabi_ui2f
 *fill*         0x10004a56        0x2 
 .text.__wrap___aeabi_i2f
                0x10004a58       0x44 CMakeFiles/SMCFW.dir/C_/Program_Files/Raspberry_Pi/Pico_SDK_v1.5.0/pico-sdk/src/rp2_common/pico_float/float_aeabi.S.obj
                0x10004a58                __wrap___aeabi_i2f
 .text.__wrap___aeabi_f2d
                0x10004a9c       0x14 CMakeFiles/SMCFW.dir/C_/Program_Files/Raspberry_Pi/Pico_SDK_v1.5.0/pico-sdk/src/rp2_common/pico_float/float_aeabi.S.obj
                0x10004a9c                __wrap___aeabi_f2d
 .text.__aeabi_float_init
                0x10004ab0       0xfc CMakeFiles/SMCFW.dir/C_/Program_Files/Raspberry_Pi/Pico_SDK_v1.5.0/pico-sdk/src/rp2_common/pico_float/float_init_rom.c.obj
                0x10004ab0                __aeabi_float_init
 .text.float_table_shim_on_use_helper
                0x10004bac       0x34 CMakeFiles/SMCFW.dir/C_/Program_Files/Raspberry_Pi/Pico_SDK_v1.5.0/pico-sdk/src/rp2_common/pico_float/float_v1_rom_shim.S.obj
                0x10004bac                float_table_shim_on_use_helper
 .text.float2double_shim
                0x10004be0       0x30 CMakeFiles/SMCFW.dir/C_/Program_Files/Raspberry_Pi/Pico_SDK_v1.5.0/pico-sdk/src/rp2_common/pico_float/float_v1_rom_shim.S.obj
                0x10004be0                float2double_shim
 .text          0x10004c10       0x10 CMakeFiles/SMCFW.dir/C_/Program_Files/Raspberry_Pi/Pico_SDK_v1.5.0/pico-sdk/src/rp2_common/pico_mem_ops/mem_ops_aeabi.S.obj
                0x10004c10                __aeabi_mem_init
 .text.memset   0x10004c20        0xc CMakeFiles/SMCFW.dir/C_/Program_Files/Raspberry_Pi/Pico_SDK_v1.5.0/pico-sdk/src/rp2_common/pico_mem_ops/mem_ops_aeabi.S.obj
                0x10004c20                __wrap_memset
 .text.memcpy   0x10004c2c        0xc CMakeFiles/SMCFW.dir/C_/Program_Files/Raspberry_Pi/Pico_SDK_v1.5.0/pico-sdk/src/rp2_common/pico_mem_ops/mem_ops_aeabi.S.obj
                0x10004c2c                __wrap_memcpy
                0x10004c2c                __wrap___aeabi_memcpy
 .text.stdio_out_chars_no_crlf
                0x10004c38        0xe CMakeFiles/SMCFW.dir/C_/Program_Files/Raspberry_Pi/Pico_SDK_v1.5.0/pico-sdk/src/rp2_common/pico_stdio/stdio.c.obj
 *fill*         0x10004c46        0x2 
 .text.stdio_out_chars_crlf
                0x10004c48       0x80 CMakeFiles/SMCFW.dir/C_/Program_Files/Raspberry_Pi/Pico_SDK_v1.5.0/pico-sdk/src/rp2_common/pico_stdio/stdio.c.obj
 .text.stdio_stack_buffer_flush
                0x10004cc8       0x44 CMakeFiles/SMCFW.dir/C_/Program_Files/Raspberry_Pi/Pico_SDK_v1.5.0/pico-sdk/src/rp2_common/pico_stdio/stdio.c.obj
 .text.stdio_buffered_printer
                0x10004d0c       0x20 CMakeFiles/SMCFW.dir/C_/Program_Files/Raspberry_Pi/Pico_SDK_v1.5.0/pico-sdk/src/rp2_common/pico_stdio/stdio.c.obj
 .text.stdio_get_until
                0x10004d2c       0x80 CMakeFiles/SMCFW.dir/C_/Program_Files/Raspberry_Pi/Pico_SDK_v1.5.0/pico-sdk/src/rp2_common/pico_stdio/stdio.c.obj
 .text.stdout_serialize_begin
                0x10004dac       0x5c CMakeFiles/SMCFW.dir/C_/Program_Files/Raspberry_Pi/Pico_SDK_v1.5.0/pico-sdk/src/rp2_common/pico_stdio/stdio.c.obj
                0x10004dac                stdout_serialize_begin
 .text.stdout_serialize_end
                0x10004e08       0x10 CMakeFiles/SMCFW.dir/C_/Program_Files/Raspberry_Pi/Pico_SDK_v1.5.0/pico-sdk/src/rp2_common/pico_stdio/stdio.c.obj
                0x10004e08                stdout_serialize_end
 .text.stdio_put_string
                0x10004e18       0x98 CMakeFiles/SMCFW.dir/C_/Program_Files/Raspberry_Pi/Pico_SDK_v1.5.0/pico-sdk/src/rp2_common/pico_stdio/stdio.c.obj
 .text.__wrap_putchar
                0x10004eb0       0x1c CMakeFiles/SMCFW.dir/C_/Program_Files/Raspberry_Pi/Pico_SDK_v1.5.0/pico-sdk/src/rp2_common/pico_stdio/stdio.c.obj
                0x10004eb0                __wrap_putchar
 .text._read    0x10004ecc       0x24 CMakeFiles/SMCFW.dir/C_/Program_Files/Raspberry_Pi/Pico_SDK_v1.5.0/pico-sdk/src/rp2_common/pico_stdio/stdio.c.obj
                0x10004ecc                _read
 .text._write   0x10004ef0       0x22 CMakeFiles/SMCFW.dir/C_/Program_Files/Raspberry_Pi/Pico_SDK_v1.5.0/pico-sdk/src/rp2_common/pico_stdio/stdio.c.obj
                0x10004ef0                _write
 .text._close   0x10004f12        0x6 CMakeFiles/SMCFW.dir/C_/Program_Files/Raspberry_Pi/Pico_SDK_v1.5.0/pico-sdk/src/rp2_common/pico_stdio/stdio.c.obj
                0x10004f12                _close
 .text._lseek   0x10004f18        0x6 CMakeFiles/SMCFW.dir/C_/Program_Files/Raspberry_Pi/Pico_SDK_v1.5.0/pico-sdk/src/rp2_common/pico_stdio/stdio.c.obj
                0x10004f18                _lseek
 *fill*         0x10004f1e        0x2 
 .text.stdio_set_driver_enabled
                0x10004f20       0x2c CMakeFiles/SMCFW.dir/C_/Program_Files/Raspberry_Pi/Pico_SDK_v1.5.0/pico-sdk/src/rp2_common/pico_stdio/stdio.c.obj
                0x10004f20                stdio_set_driver_enabled
 .text.stdio_flush
                0x10004f4c       0x20 CMakeFiles/SMCFW.dir/C_/Program_Files/Raspberry_Pi/Pico_SDK_v1.5.0/pico-sdk/src/rp2_common/pico_stdio/stdio.c.obj
                0x10004f4c                stdio_flush
 .text.__wrap_puts
                0x10004f6c       0x1e CMakeFiles/SMCFW.dir/C_/Program_Files/Raspberry_Pi/Pico_SDK_v1.5.0/pico-sdk/src/rp2_common/pico_stdio/stdio.c.obj
                0x10004f6c                __wrap_puts
 *fill*         0x10004f8a        0x2 
 .text.__wrap_vprintf
                0x10004f8c       0x40 CMakeFiles/SMCFW.dir/C_/Program_Files/Raspberry_Pi/Pico_SDK_v1.5.0/pico-sdk/src/rp2_common/pico_stdio/stdio.c.obj
                0x10004f8c                __wrap_vprintf
 .text.__wrap_printf
                0x10004fcc       0x18 CMakeFiles/SMCFW.dir/C_/Program_Files/Raspberry_Pi/Pico_SDK_v1.5.0/pico-sdk/src/rp2_common/pico_stdio/stdio.c.obj
                0x10004fcc                __wrap_printf
 .text.stdio_init_all
                0x10004fe4        0x8 CMakeFiles/SMCFW.dir/C_/Program_Files/Raspberry_Pi/Pico_SDK_v1.5.0/pico-sdk/src/rp2_common/pico_stdio/stdio.c.obj
                0x10004fe4                stdio_init_all
 .text.resetd_init
                0x10004fec        0x2 CMakeFiles/SMCFW.dir/C_/Program_Files/Raspberry_Pi/Pico_SDK_v1.5.0/pico-sdk/src/rp2_common/pico_stdio_usb/reset_interface.c.obj
 *fill*         0x10004fee        0x2 
 .text.resetd_reset
                0x10004ff0        0xc CMakeFiles/SMCFW.dir/C_/Program_Files/Raspberry_Pi/Pico_SDK_v1.5.0/pico-sdk/src/rp2_common/pico_stdio_usb/reset_interface.c.obj
 .text.resetd_open
                0x10004ffc       0x34 CMakeFiles/SMCFW.dir/C_/Program_Files/Raspberry_Pi/Pico_SDK_v1.5.0/pico-sdk/src/rp2_common/pico_stdio_usb/reset_interface.c.obj
 .text.resetd_xfer_cb
                0x10005030        0x4 CMakeFiles/SMCFW.dir/C_/Program_Files/Raspberry_Pi/Pico_SDK_v1.5.0/pico-sdk/src/rp2_common/pico_stdio_usb/reset_interface.c.obj
 .text.reset_usb_boot
                0x10005034       0x18 CMakeFiles/SMCFW.dir/C_/Program_Files/Raspberry_Pi/Pico_SDK_v1.5.0/pico-sdk/src/rp2_common/pico_stdio_usb/reset_interface.c.obj
 .text.resetd_control_xfer_cb
                0x1000504c       0x5c CMakeFiles/SMCFW.dir/C_/Program_Files/Raspberry_Pi/Pico_SDK_v1.5.0/pico-sdk/src/rp2_common/pico_stdio_usb/reset_interface.c.obj
 .text.usbd_app_driver_get_cb
                0x100050a8        0xc CMakeFiles/SMCFW.dir/C_/Program_Files/Raspberry_Pi/Pico_SDK_v1.5.0/pico-sdk/src/rp2_common/pico_stdio_usb/reset_interface.c.obj
                0x100050a8                usbd_app_driver_get_cb
 .text.tud_cdc_line_coding_cb
                0x100050b4       0x28 CMakeFiles/SMCFW.dir/C_/Program_Files/Raspberry_Pi/Pico_SDK_v1.5.0/pico-sdk/src/rp2_common/pico_stdio_usb/reset_interface.c.obj
                0x100050b4                tud_cdc_line_coding_cb
 .text.stdio_usb_set_chars_available_callback
                0x100050dc       0x14 CMakeFiles/SMCFW.dir/C_/Program_Files/Raspberry_Pi/Pico_SDK_v1.5.0/pico-sdk/src/rp2_common/pico_stdio_usb/stdio_usb.c.obj
                0x100050dc                stdio_usb_set_chars_available_callback
 .text.usb_irq  0x100050f0       0x10 CMakeFiles/SMCFW.dir/C_/Program_Files/Raspberry_Pi/Pico_SDK_v1.5.0/pico-sdk/src/rp2_common/pico_stdio_usb/stdio_usb.c.obj
 .text.timer_task
                0x10005100       0x58 CMakeFiles/SMCFW.dir/C_/Program_Files/Raspberry_Pi/Pico_SDK_v1.5.0/pico-sdk/src/rp2_common/pico_stdio_usb/stdio_usb.c.obj
 .text.low_priority_worker_irq
                0x10005158       0xd8 CMakeFiles/SMCFW.dir/C_/Program_Files/Raspberry_Pi/Pico_SDK_v1.5.0/pico-sdk/src/rp2_common/pico_stdio_usb/stdio_usb.c.obj
 .text.tud_cdc_rx_cb
                0x10005230       0x20 CMakeFiles/SMCFW.dir/C_/Program_Files/Raspberry_Pi/Pico_SDK_v1.5.0/pico-sdk/src/rp2_common/pico_stdio_usb/stdio_usb.c.obj
                0x10005230                tud_cdc_rx_cb
 .text.stdio_usb_init
                0x10005250      0x12c CMakeFiles/SMCFW.dir/C_/Program_Files/Raspberry_Pi/Pico_SDK_v1.5.0/pico-sdk/src/rp2_common/pico_stdio_usb/stdio_usb.c.obj
                0x10005250                stdio_usb_init
 .text.stdio_usb_connected
                0x1000537c        0xa CMakeFiles/SMCFW.dir/C_/Program_Files/Raspberry_Pi/Pico_SDK_v1.5.0/pico-sdk/src/rp2_common/pico_stdio_usb/stdio_usb.c.obj
                0x1000537c                stdio_usb_connected
 *fill*         0x10005386        0x2 
 .text.stdio_usb_in_chars
                0x10005388       0xc4 CMakeFiles/SMCFW.dir/C_/Program_Files/Raspberry_Pi/Pico_SDK_v1.5.0/pico-sdk/src/rp2_common/pico_stdio_usb/stdio_usb.c.obj
                0x10005388                stdio_usb_in_chars
 .text.stdio_usb_out_chars
                0x1000544c      0x114 CMakeFiles/SMCFW.dir/C_/Program_Files/Raspberry_Pi/Pico_SDK_v1.5.0/pico-sdk/src/rp2_common/pico_stdio_usb/stdio_usb.c.obj
 .text.tud_descriptor_device_cb
                0x10005560        0x8 CMakeFiles/SMCFW.dir/C_/Program_Files/Raspberry_Pi/Pico_SDK_v1.5.0/pico-sdk/src/rp2_common/pico_stdio_usb/stdio_usb_descriptors.c.obj
                0x10005560                tud_descriptor_device_cb
 .text.tud_descriptor_configuration_cb
                0x10005568        0x8 CMakeFiles/SMCFW.dir/C_/Program_Files/Raspberry_Pi/Pico_SDK_v1.5.0/pico-sdk/src/rp2_common/pico_stdio_usb/stdio_usb_descriptors.c.obj
                0x10005568                tud_descriptor_configuration_cb
 .text.tud_descriptor_string_cb
                0x10005570       0x6c CMakeFiles/SMCFW.dir/C_/Program_Files/Raspberry_Pi/Pico_SDK_v1.5.0/pico-sdk/src/rp2_common/pico_stdio_usb/stdio_usb_descriptors.c.obj
                0x10005570                tud_descriptor_string_cb
 .text._retrieve_unique_id_on_boot
                0x100055dc       0x10 CMakeFiles/SMCFW.dir/C_/Program_Files/Raspberry_Pi/Pico_SDK_v1.5.0/pico-sdk/src/rp2_common/pico_unique_id/unique_id.c.obj
 .text.pico_get_unique_board_id_string
                0x100055ec       0x60 CMakeFiles/SMCFW.dir/C_/Program_Files/Raspberry_Pi/Pico_SDK_v1.5.0/pico-sdk/src/rp2_common/pico_unique_id/unique_id.c.obj
                0x100055ec                pico_get_unique_board_id_string
 .text.flash_get_unique_id
                0x1000564c       0x46 CMakeFiles/SMCFW.dir/C_/Program_Files/Raspberry_Pi/Pico_SDK_v1.5.0/pico-sdk/src/rp2_common/hardware_flash/flash.c.obj
                0x1000564c                flash_get_unique_id
 *fill*         0x10005692        0x2 
 .text.hw_endpoint_get_by_addr
                0x10005694       0x18 CMakeFiles/SMCFW.dir/C_/Program_Files/Raspberry_Pi/Pico_SDK_v1.5.0/pico-sdk/lib/tinyusb/src/portable/raspberrypi/rp2040/dcd_rp2040.c.obj
 .text._hw_endpoint_alloc
                0x100056ac       0x70 CMakeFiles/SMCFW.dir/C_/Program_Files/Raspberry_Pi/Pico_SDK_v1.5.0/pico-sdk/lib/tinyusb/src/portable/raspberrypi/rp2040/dcd_rp2040.c.obj
 .text.hw_endpoint_init
                0x1000571c       0x88 CMakeFiles/SMCFW.dir/C_/Program_Files/Raspberry_Pi/Pico_SDK_v1.5.0/pico-sdk/lib/tinyusb/src/portable/raspberrypi/rp2040/dcd_rp2040.c.obj
 .text.hw_endpoint_xfer
                0x100057a4       0x14 CMakeFiles/SMCFW.dir/C_/Program_Files/Raspberry_Pi/Pico_SDK_v1.5.0/pico-sdk/lib/tinyusb/src/portable/raspberrypi/rp2040/dcd_rp2040.c.obj
 .text.dcd_int_enable
                0x100057b8       0x2c CMakeFiles/SMCFW.dir/C_/Program_Files/Raspberry_Pi/Pico_SDK_v1.5.0/pico-sdk/lib/tinyusb/src/portable/raspberrypi/rp2040/dcd_rp2040.c.obj
                0x100057b8                dcd_int_enable
 .text.dcd_set_address
                0x100057e4       0x2c CMakeFiles/SMCFW.dir/C_/Program_Files/Raspberry_Pi/Pico_SDK_v1.5.0/pico-sdk/lib/tinyusb/src/portable/raspberrypi/rp2040/dcd_rp2040.c.obj
                0x100057e4                dcd_set_address
 .text.dcd_connect
                0x10005810       0x10 CMakeFiles/SMCFW.dir/C_/Program_Files/Raspberry_Pi/Pico_SDK_v1.5.0/pico-sdk/lib/tinyusb/src/portable/raspberrypi/rp2040/dcd_rp2040.c.obj
                0x10005810                dcd_connect
 .text.dcd_init
                0x10005820       0x80 CMakeFiles/SMCFW.dir/C_/Program_Files/Raspberry_Pi/Pico_SDK_v1.5.0/pico-sdk/lib/tinyusb/src/portable/raspberrypi/rp2040/dcd_rp2040.c.obj
                0x10005820                dcd_init
 .text.dcd_edpt0_status_complete
                0x100058a0       0x1c CMakeFiles/SMCFW.dir/C_/Program_Files/Raspberry_Pi/Pico_SDK_v1.5.0/pico-sdk/lib/tinyusb/src/portable/raspberrypi/rp2040/dcd_rp2040.c.obj
                0x100058a0                dcd_edpt0_status_complete
 .text.dcd_edpt_open
                0x100058bc       0x40 CMakeFiles/SMCFW.dir/C_/Program_Files/Raspberry_Pi/Pico_SDK_v1.5.0/pico-sdk/lib/tinyusb/src/portable/raspberrypi/rp2040/dcd_rp2040.c.obj
                0x100058bc                dcd_edpt_open
 .text.dcd_edpt_close_all
                0x100058fc        0x8 CMakeFiles/SMCFW.dir/C_/Program_Files/Raspberry_Pi/Pico_SDK_v1.5.0/pico-sdk/lib/tinyusb/src/portable/raspberrypi/rp2040/dcd_rp2040.c.obj
                0x100058fc                dcd_edpt_close_all
 .text.dcd_edpt_xfer
                0x10005904       0x34 CMakeFiles/SMCFW.dir/C_/Program_Files/Raspberry_Pi/Pico_SDK_v1.5.0/pico-sdk/lib/tinyusb/src/portable/raspberrypi/rp2040/dcd_rp2040.c.obj
                0x10005904                dcd_edpt_xfer
 .text.dcd_edpt_stall
                0x10005938       0x2c CMakeFiles/SMCFW.dir/C_/Program_Files/Raspberry_Pi/Pico_SDK_v1.5.0/pico-sdk/lib/tinyusb/src/portable/raspberrypi/rp2040/dcd_rp2040.c.obj
                0x10005938                dcd_edpt_stall
 .text.dcd_edpt_clear_stall
                0x10005964       0x20 CMakeFiles/SMCFW.dir/C_/Program_Files/Raspberry_Pi/Pico_SDK_v1.5.0/pico-sdk/lib/tinyusb/src/portable/raspberrypi/rp2040/dcd_rp2040.c.obj
                0x10005964                dcd_edpt_clear_stall
 .text.rp2040_usb_init
                0x10005984       0x4c CMakeFiles/SMCFW.dir/C_/Program_Files/Raspberry_Pi/Pico_SDK_v1.5.0/pico-sdk/lib/tinyusb/src/portable/raspberrypi/rp2040/rp2040_usb.c.obj
                0x10005984                rp2040_usb_init
 .text.hw_endpoint_xfer_start
                0x100059d0       0x50 CMakeFiles/SMCFW.dir/C_/Program_Files/Raspberry_Pi/Pico_SDK_v1.5.0/pico-sdk/lib/tinyusb/src/portable/raspberrypi/rp2040/rp2040_usb.c.obj
                0x100059d0                hw_endpoint_xfer_start
 .text.configuration_reset
                0x10005a20       0x84 CMakeFiles/SMCFW.dir/C_/Program_Files/Raspberry_Pi/Pico_SDK_v1.5.0/pico-sdk/lib/tinyusb/src/device/usbd.c.obj
 .text.usbd_reset
                0x10005aa4        0xc CMakeFiles/SMCFW.dir/C_/Program_Files/Raspberry_Pi/Pico_SDK_v1.5.0/pico-sdk/lib/tinyusb/src/device/usbd.c.obj
 .text.invoke_class_control
                0x10005ab0       0x1a CMakeFiles/SMCFW.dir/C_/Program_Files/Raspberry_Pi/Pico_SDK_v1.5.0/pico-sdk/lib/tinyusb/src/device/usbd.c.obj
 *fill*         0x10005aca        0x2 
 .text.process_set_config
                0x10005acc      0x178 CMakeFiles/SMCFW.dir/C_/Program_Files/Raspberry_Pi/Pico_SDK_v1.5.0/pico-sdk/lib/tinyusb/src/device/usbd.c.obj
 .text.process_get_descriptor
                0x10005c44       0xdc CMakeFiles/SMCFW.dir/C_/Program_Files/Raspberry_Pi/Pico_SDK_v1.5.0/pico-sdk/lib/tinyusb/src/device/usbd.c.obj
 .text.tud_mounted
                0x10005d20       0x10 CMakeFiles/SMCFW.dir/C_/Program_Files/Raspberry_Pi/Pico_SDK_v1.5.0/pico-sdk/lib/tinyusb/src/device/usbd.c.obj
                0x10005d20                tud_mounted
 .text.tud_suspended
                0x10005d30       0x10 CMakeFiles/SMCFW.dir/C_/Program_Files/Raspberry_Pi/Pico_SDK_v1.5.0/pico-sdk/lib/tinyusb/src/device/usbd.c.obj
                0x10005d30                tud_suspended
 .text.tud_inited
                0x10005d40       0x14 CMakeFiles/SMCFW.dir/C_/Program_Files/Raspberry_Pi/Pico_SDK_v1.5.0/pico-sdk/lib/tinyusb/src/device/usbd.c.obj
                0x10005d40                tud_inited
 .text.tud_init
                0x10005d54       0xcc CMakeFiles/SMCFW.dir/C_/Program_Files/Raspberry_Pi/Pico_SDK_v1.5.0/pico-sdk/lib/tinyusb/src/device/usbd.c.obj
                0x10005d54                tud_init
 .text.usbd_defer_func
                0x10005e20       0x2a CMakeFiles/SMCFW.dir/C_/Program_Files/Raspberry_Pi/Pico_SDK_v1.5.0/pico-sdk/lib/tinyusb/src/device/usbd.c.obj
                0x10005e20                usbd_defer_func
 *fill*         0x10005e4a        0x2 
 .text.usbd_edpt_open
                0x10005e4c       0x34 CMakeFiles/SMCFW.dir/C_/Program_Files/Raspberry_Pi/Pico_SDK_v1.5.0/pico-sdk/lib/tinyusb/src/device/usbd.c.obj
                0x10005e4c                usbd_edpt_open
 .text.usbd_open_edpt_pair
                0x10005e80       0x62 CMakeFiles/SMCFW.dir/C_/Program_Files/Raspberry_Pi/Pico_SDK_v1.5.0/pico-sdk/lib/tinyusb/src/device/usbd.c.obj
                0x10005e80                usbd_open_edpt_pair
 *fill*         0x10005ee2        0x2 
 .text.usbd_edpt_claim
                0x10005ee4       0x28 CMakeFiles/SMCFW.dir/C_/Program_Files/Raspberry_Pi/Pico_SDK_v1.5.0/pico-sdk/lib/tinyusb/src/device/usbd.c.obj
                0x10005ee4                usbd_edpt_claim
 .text.usbd_edpt_release
                0x10005f0c       0x28 CMakeFiles/SMCFW.dir/C_/Program_Files/Raspberry_Pi/Pico_SDK_v1.5.0/pico-sdk/lib/tinyusb/src/device/usbd.c.obj
                0x10005f0c                usbd_edpt_release
 .text.usbd_edpt_xfer
                0x10005f34       0x78 CMakeFiles/SMCFW.dir/C_/Program_Files/Raspberry_Pi/Pico_SDK_v1.5.0/pico-sdk/lib/tinyusb/src/device/usbd.c.obj
                0x10005f34                usbd_edpt_xfer
 .text.usbd_edpt_stall
                0x10005fac       0x48 CMakeFiles/SMCFW.dir/C_/Program_Files/Raspberry_Pi/Pico_SDK_v1.5.0/pico-sdk/lib/tinyusb/src/device/usbd.c.obj
                0x10005fac                usbd_edpt_stall
 .text.usbd_edpt_clear_stall
                0x10005ff4       0x48 CMakeFiles/SMCFW.dir/C_/Program_Files/Raspberry_Pi/Pico_SDK_v1.5.0/pico-sdk/lib/tinyusb/src/device/usbd.c.obj
                0x10005ff4                usbd_edpt_clear_stall
 .text.usbd_edpt_stalled
                0x1000603c       0x1c CMakeFiles/SMCFW.dir/C_/Program_Files/Raspberry_Pi/Pico_SDK_v1.5.0/pico-sdk/lib/tinyusb/src/device/usbd.c.obj
                0x1000603c                usbd_edpt_stalled
 .text.process_control_request
                0x10006058      0x37c CMakeFiles/SMCFW.dir/C_/Program_Files/Raspberry_Pi/Pico_SDK_v1.5.0/pico-sdk/lib/tinyusb/src/device/usbd.c.obj
 .text.tud_task_ext
                0x100063d4      0x1b4 CMakeFiles/SMCFW.dir/C_/Program_Files/Raspberry_Pi/Pico_SDK_v1.5.0/pico-sdk/lib/tinyusb/src/device/usbd.c.obj
                0x100063d4                tud_task_ext
 .text._data_stage_xact
                0x10006588       0x58 CMakeFiles/SMCFW.dir/C_/Program_Files/Raspberry_Pi/Pico_SDK_v1.5.0/pico-sdk/lib/tinyusb/src/device/usbd_control.c.obj
 .text.tud_control_status
                0x100065e0       0x38 CMakeFiles/SMCFW.dir/C_/Program_Files/Raspberry_Pi/Pico_SDK_v1.5.0/pico-sdk/lib/tinyusb/src/device/usbd_control.c.obj
                0x100065e0                tud_control_status
 .text.tud_control_xfer
                0x10006618       0x74 CMakeFiles/SMCFW.dir/C_/Program_Files/Raspberry_Pi/Pico_SDK_v1.5.0/pico-sdk/lib/tinyusb/src/device/usbd_control.c.obj
                0x10006618                tud_control_xfer
 .text.usbd_control_reset
                0x1000668c       0x14 CMakeFiles/SMCFW.dir/C_/Program_Files/Raspberry_Pi/Pico_SDK_v1.5.0/pico-sdk/lib/tinyusb/src/device/usbd_control.c.obj
                0x1000668c                usbd_control_reset
 .text.usbd_control_set_complete_callback
                0x100066a0        0xc CMakeFiles/SMCFW.dir/C_/Program_Files/Raspberry_Pi/Pico_SDK_v1.5.0/pico-sdk/lib/tinyusb/src/device/usbd_control.c.obj
                0x100066a0                usbd_control_set_complete_callback
 .text.usbd_control_set_request
                0x100066ac       0x1c CMakeFiles/SMCFW.dir/C_/Program_Files/Raspberry_Pi/Pico_SDK_v1.5.0/pico-sdk/lib/tinyusb/src/device/usbd_control.c.obj
                0x100066ac                usbd_control_set_request
 .text.usbd_control_xfer_cb
                0x100066c8       0xcc CMakeFiles/SMCFW.dir/C_/Program_Files/Raspberry_Pi/Pico_SDK_v1.5.0/pico-sdk/lib/tinyusb/src/device/usbd_control.c.obj
                0x100066c8                usbd_control_xfer_cb
 .text._prep_out_transaction
                0x10006794       0x4a CMakeFiles/SMCFW.dir/C_/Program_Files/Raspberry_Pi/Pico_SDK_v1.5.0/pico-sdk/lib/tinyusb/src/class/cdc/cdc_device.c.obj
 *fill*         0x100067de        0x2 
 .text.tud_cdc_n_connected
                0x100067e0       0x44 CMakeFiles/SMCFW.dir/C_/Program_Files/Raspberry_Pi/Pico_SDK_v1.5.0/pico-sdk/lib/tinyusb/src/class/cdc/cdc_device.c.obj
                0x100067e0                tud_cdc_n_connected
 .text.tud_cdc_n_available
                0x10006824       0x18 CMakeFiles/SMCFW.dir/C_/Program_Files/Raspberry_Pi/Pico_SDK_v1.5.0/pico-sdk/lib/tinyusb/src/class/cdc/cdc_device.c.obj
                0x10006824                tud_cdc_n_available
 .text.tud_cdc_n_read
                0x1000683c       0x28 CMakeFiles/SMCFW.dir/C_/Program_Files/Raspberry_Pi/Pico_SDK_v1.5.0/pico-sdk/lib/tinyusb/src/class/cdc/cdc_device.c.obj
                0x1000683c                tud_cdc_n_read
 .text.tud_cdc_n_write_flush
                0x10006864       0xb8 CMakeFiles/SMCFW.dir/C_/Program_Files/Raspberry_Pi/Pico_SDK_v1.5.0/pico-sdk/lib/tinyusb/src/class/cdc/cdc_device.c.obj
                0x10006864                tud_cdc_n_write_flush
 .text.tud_cdc_n_write
                0x1000691c       0x38 CMakeFiles/SMCFW.dir/C_/Program_Files/Raspberry_Pi/Pico_SDK_v1.5.0/pico-sdk/lib/tinyusb/src/class/cdc/cdc_device.c.obj
                0x1000691c                tud_cdc_n_write
 .text.tud_cdc_n_write_available
                0x10006954       0x1c CMakeFiles/SMCFW.dir/C_/Program_Files/Raspberry_Pi/Pico_SDK_v1.5.0/pico-sdk/lib/tinyusb/src/class/cdc/cdc_device.c.obj
                0x10006954                tud_cdc_n_write_available
 .text.cdcd_init
                0x10006970       0xbc CMakeFiles/SMCFW.dir/C_/Program_Files/Raspberry_Pi/Pico_SDK_v1.5.0/pico-sdk/lib/tinyusb/src/class/cdc/cdc_device.c.obj
                0x10006970                cdcd_init
 .text.cdcd_reset
                0x10006a2c       0x44 CMakeFiles/SMCFW.dir/C_/Program_Files/Raspberry_Pi/Pico_SDK_v1.5.0/pico-sdk/lib/tinyusb/src/class/cdc/cdc_device.c.obj
                0x10006a2c                cdcd_reset
 .text.cdcd_open
                0x10006a70       0xcc CMakeFiles/SMCFW.dir/C_/Program_Files/Raspberry_Pi/Pico_SDK_v1.5.0/pico-sdk/lib/tinyusb/src/class/cdc/cdc_device.c.obj
                0x10006a70                cdcd_open
 .text.cdcd_control_xfer_cb
                0x10006b3c      0x134 CMakeFiles/SMCFW.dir/C_/Program_Files/Raspberry_Pi/Pico_SDK_v1.5.0/pico-sdk/lib/tinyusb/src/class/cdc/cdc_device.c.obj
                0x10006b3c                cdcd_control_xfer_cb
 .text.cdcd_xfer_cb
                0x10006c70      0x130 CMakeFiles/SMCFW.dir/C_/Program_Files/Raspberry_Pi/Pico_SDK_v1.5.0/pico-sdk/lib/tinyusb/src/class/cdc/cdc_device.c.obj
                0x10006c70                cdcd_xfer_cb
 .text.tusb_init
                0x10006da0        0xa CMakeFiles/SMCFW.dir/C_/Program_Files/Raspberry_Pi/Pico_SDK_v1.5.0/pico-sdk/lib/tinyusb/src/tusb.c.obj
                0x10006da0                tusb_init
 .text.tusb_inited
                0x10006daa        0xe CMakeFiles/SMCFW.dir/C_/Program_Files/Raspberry_Pi/Pico_SDK_v1.5.0/pico-sdk/lib/tinyusb/src/tusb.c.obj
                0x10006daa                tusb_inited
 .text.tu_edpt_claim
                0x10006db8       0x50 CMakeFiles/SMCFW.dir/C_/Program_Files/Raspberry_Pi/Pico_SDK_v1.5.0/pico-sdk/lib/tinyusb/src/tusb.c.obj
                0x10006db8                tu_edpt_claim
 .text.tu_edpt_release
                0x10006e08       0x3c CMakeFiles/SMCFW.dir/C_/Program_Files/Raspberry_Pi/Pico_SDK_v1.5.0/pico-sdk/lib/tinyusb/src/tusb.c.obj
                0x10006e08                tu_edpt_release
 .text.tu_edpt_validate
                0x10006e44       0x78 CMakeFiles/SMCFW.dir/C_/Program_Files/Raspberry_Pi/Pico_SDK_v1.5.0/pico-sdk/lib/tinyusb/src/tusb.c.obj
                0x10006e44                tu_edpt_validate
 .text.tu_edpt_bind_driver
                0x10006ebc       0x26 CMakeFiles/SMCFW.dir/C_/Program_Files/Raspberry_Pi/Pico_SDK_v1.5.0/pico-sdk/lib/tinyusb/src/tusb.c.obj
                0x10006ebc                tu_edpt_bind_driver
 .text.advance_index
                0x10006ee2       0x1a CMakeFiles/SMCFW.dir/C_/Program_Files/Raspberry_Pi/Pico_SDK_v1.5.0/pico-sdk/lib/tinyusb/src/common/tusb_fifo.c.obj
 .text._tu_fifo_peek
                0x10006efc       0x56 CMakeFiles/SMCFW.dir/C_/Program_Files/Raspberry_Pi/Pico_SDK_v1.5.0/pico-sdk/lib/tinyusb/src/common/tusb_fifo.c.obj
 .text._ff_pull_const_addr
                0x10006f52       0x4c CMakeFiles/SMCFW.dir/C_/Program_Files/Raspberry_Pi/Pico_SDK_v1.5.0/pico-sdk/lib/tinyusb/src/common/tusb_fifo.c.obj
 .text._ff_pull_n
                0x10006f9e      0x110 CMakeFiles/SMCFW.dir/C_/Program_Files/Raspberry_Pi/Pico_SDK_v1.5.0/pico-sdk/lib/tinyusb/src/common/tusb_fifo.c.obj
 .text._tu_fifo_peek_n
                0x100070ae       0x6a CMakeFiles/SMCFW.dir/C_/Program_Files/Raspberry_Pi/Pico_SDK_v1.5.0/pico-sdk/lib/tinyusb/src/common/tusb_fifo.c.obj
 .text._tu_fifo_read_n
                0x10007118       0x4e CMakeFiles/SMCFW.dir/C_/Program_Files/Raspberry_Pi/Pico_SDK_v1.5.0/pico-sdk/lib/tinyusb/src/common/tusb_fifo.c.obj
 .text._ff_push_const_addr
                0x10007166       0x40 CMakeFiles/SMCFW.dir/C_/Program_Files/Raspberry_Pi/Pico_SDK_v1.5.0/pico-sdk/lib/tinyusb/src/common/tusb_fifo.c.obj
 .text._ff_push_n
                0x100071a6      0x10c CMakeFiles/SMCFW.dir/C_/Program_Files/Raspberry_Pi/Pico_SDK_v1.5.0/pico-sdk/lib/tinyusb/src/common/tusb_fifo.c.obj
 .text._tu_fifo_write_n
                0x100072b2       0xf0 CMakeFiles/SMCFW.dir/C_/Program_Files/Raspberry_Pi/Pico_SDK_v1.5.0/pico-sdk/lib/tinyusb/src/common/tusb_fifo.c.obj
 .text.tu_fifo_config
                0x100073a2       0x7c CMakeFiles/SMCFW.dir/C_/Program_Files/Raspberry_Pi/Pico_SDK_v1.5.0/pico-sdk/lib/tinyusb/src/common/tusb_fifo.c.obj
                0x100073a2                tu_fifo_config
 .text.tu_fifo_count
                0x1000741e       0x2a CMakeFiles/SMCFW.dir/C_/Program_Files/Raspberry_Pi/Pico_SDK_v1.5.0/pico-sdk/lib/tinyusb/src/common/tusb_fifo.c.obj
                0x1000741e                tu_fifo_count
 .text.tu_fifo_empty
                0x10007448       0x10 CMakeFiles/SMCFW.dir/C_/Program_Files/Raspberry_Pi/Pico_SDK_v1.5.0/pico-sdk/lib/tinyusb/src/common/tusb_fifo.c.obj
                0x10007448                tu_fifo_empty
 .text.tu_fifo_full
                0x10007458       0x28 CMakeFiles/SMCFW.dir/C_/Program_Files/Raspberry_Pi/Pico_SDK_v1.5.0/pico-sdk/lib/tinyusb/src/common/tusb_fifo.c.obj
                0x10007458                tu_fifo_full
 .text.tu_fifo_remaining
                0x10007480       0x2c CMakeFiles/SMCFW.dir/C_/Program_Files/Raspberry_Pi/Pico_SDK_v1.5.0/pico-sdk/lib/tinyusb/src/common/tusb_fifo.c.obj
                0x10007480                tu_fifo_remaining
 .text.tu_fifo_read
                0x100074ac       0x42 CMakeFiles/SMCFW.dir/C_/Program_Files/Raspberry_Pi/Pico_SDK_v1.5.0/pico-sdk/lib/tinyusb/src/common/tusb_fifo.c.obj
                0x100074ac                tu_fifo_read
 .text.tu_fifo_read_n
                0x100074ee        0xa CMakeFiles/SMCFW.dir/C_/Program_Files/Raspberry_Pi/Pico_SDK_v1.5.0/pico-sdk/lib/tinyusb/src/common/tusb_fifo.c.obj
                0x100074ee                tu_fifo_read_n
 .text.tu_fifo_write
                0x100074f8       0x64 CMakeFiles/SMCFW.dir/C_/Program_Files/Raspberry_Pi/Pico_SDK_v1.5.0/pico-sdk/lib/tinyusb/src/common/tusb_fifo.c.obj
                0x100074f8                tu_fifo_write
 .text.tu_fifo_write_n
                0x1000755c        0xa CMakeFiles/SMCFW.dir/C_/Program_Files/Raspberry_Pi/Pico_SDK_v1.5.0/pico-sdk/lib/tinyusb/src/common/tusb_fifo.c.obj
                0x1000755c                tu_fifo_write_n
 .text.tu_fifo_clear
                0x10007566       0x3e CMakeFiles/SMCFW.dir/C_/Program_Files/Raspberry_Pi/Pico_SDK_v1.5.0/pico-sdk/lib/tinyusb/src/common/tusb_fifo.c.obj
                0x10007566                tu_fifo_clear
 .text.tu_fifo_set_overwritable
                0x100075a4       0x46 CMakeFiles/SMCFW.dir/C_/Program_Files/Raspberry_Pi/Pico_SDK_v1.5.0/pico-sdk/lib/tinyusb/src/common/tusb_fifo.c.obj
                0x100075a4                tu_fifo_set_overwritable
 .text.i2c_write_blocking_internal
                0x100075ea      0x140 CMakeFiles/SMCFW.dir/C_/Program_Files/Raspberry_Pi/Pico_SDK_v1.5.0/pico-sdk/src/rp2_common/hardware_i2c/i2c.c.obj
 .text.i2c_read_blocking_internal
                0x1000772a       0xe6 CMakeFiles/SMCFW.dir/C_/Program_Files/Raspberry_Pi/Pico_SDK_v1.5.0/pico-sdk/src/rp2_common/hardware_i2c/i2c.c.obj
 .text.i2c_set_baudrate
                0x10007810       0xf0 CMakeFiles/SMCFW.dir/C_/Program_Files/Raspberry_Pi/Pico_SDK_v1.5.0/pico-sdk/src/rp2_common/hardware_i2c/i2c.c.obj
                0x10007810                i2c_set_baudrate
 .text.i2c_init
                0x10007900       0x58 CMakeFiles/SMCFW.dir/C_/Program_Files/Raspberry_Pi/Pico_SDK_v1.5.0/pico-sdk/src/rp2_common/hardware_i2c/i2c.c.obj
                0x10007900                i2c_init
 .text.i2c_write_blocking
                0x10007958       0x18 CMakeFiles/SMCFW.dir/C_/Program_Files/Raspberry_Pi/Pico_SDK_v1.5.0/pico-sdk/src/rp2_common/hardware_i2c/i2c.c.obj
                0x10007958                i2c_write_blocking
 .text.i2c_read_blocking
                0x10007970       0x18 CMakeFiles/SMCFW.dir/C_/Program_Files/Raspberry_Pi/Pico_SDK_v1.5.0/pico-sdk/src/rp2_common/hardware_i2c/i2c.c.obj
                0x10007970                i2c_read_blocking
 .text.__sflush_r
                0x10007988      0x140 c:/progra~1/raspbe~1/picosd~1.0/gcc-ar~1/bin/../lib/gcc/arm-none-eabi/10.3.1/../../../../arm-none-eabi/lib/thumb/v6-m/nofp\libg.a(lib_a-fflush.o)
                0x10007988                __sflush_r
 .text._fflush_r
                0x10007ac8       0x6c c:/progra~1/raspbe~1/picosd~1.0/gcc-ar~1/bin/../lib/gcc/arm-none-eabi/10.3.1/../../../../arm-none-eabi/lib/thumb/v6-m/nofp\libg.a(lib_a-fflush.o)
                0x10007ac8                _fflush_r
 .text.fflush   0x10007b34       0x78 c:/progra~1/raspbe~1/picosd~1.0/gcc-ar~1/bin/../lib/gcc/arm-none-eabi/10.3.1/../../../../arm-none-eabi/lib/thumb/v6-m/nofp\libg.a(lib_a-fflush.o)
                0x10007b34                fflush
 .text._cleanup_r
                0x10007bac       0x10 c:/progra~1/raspbe~1/picosd~1.0/gcc-ar~1/bin/../lib/gcc/arm-none-eabi/10.3.1/../../../../arm-none-eabi/lib/thumb/v6-m/nofp\libg.a(lib_a-findfp.o)
                0x10007bac                _cleanup_r
 .text.__sinit  0x10007bbc      0x120 c:/progra~1/raspbe~1/picosd~1.0/gcc-ar~1/bin/../lib/gcc/arm-none-eabi/10.3.1/../../../../arm-none-eabi/lib/thumb/v6-m/nofp\libg.a(lib_a-findfp.o)
                0x10007bbc                __sinit
 .text.__sfp_lock_acquire
                0x10007cdc       0x10 c:/progra~1/raspbe~1/picosd~1.0/gcc-ar~1/bin/../lib/gcc/arm-none-eabi/10.3.1/../../../../arm-none-eabi/lib/thumb/v6-m/nofp\libg.a(lib_a-findfp.o)
                0x10007cdc                __sfp_lock_acquire
 .text.__sfp_lock_release
                0x10007cec       0x10 c:/progra~1/raspbe~1/picosd~1.0/gcc-ar~1/bin/../lib/gcc/arm-none-eabi/10.3.1/../../../../arm-none-eabi/lib/thumb/v6-m/nofp\libg.a(lib_a-findfp.o)
                0x10007cec                __sfp_lock_release
 .text._malloc_trim_r
                0x10007cfc       0x9c c:/progra~1/raspbe~1/picosd~1.0/gcc-ar~1/bin/../lib/gcc/arm-none-eabi/10.3.1/../../../../arm-none-eabi/lib/thumb/v6-m/nofp\libg.a(lib_a-freer.o)
                0x10007cfc                _malloc_trim_r
 .text._free_r  0x10007d98      0x1c4 c:/progra~1/raspbe~1/picosd~1.0/gcc-ar~1/bin/../lib/gcc/arm-none-eabi/10.3.1/../../../../arm-none-eabi/lib/thumb/v6-m/nofp\libg.a(lib_a-freer.o)
                0x10007d98                _free_r
 .text._fwalk_reent
                0x10007f5c       0x48 c:/progra~1/raspbe~1/picosd~1.0/gcc-ar~1/bin/../lib/gcc/arm-none-eabi/10.3.1/../../../../arm-none-eabi/lib/thumb/v6-m/nofp\libg.a(lib_a-fwalk.o)
                0x10007f5c                _fwalk_reent
 .text.__retarget_lock_init_recursive
                0x10007fa4        0x4 c:/progra~1/raspbe~1/picosd~1.0/gcc-ar~1/bin/../lib/gcc/arm-none-eabi/10.3.1/../../../../arm-none-eabi/lib/thumb/v6-m/nofp\libg.a(lib_a-lock.o)
                0x10007fa4                __retarget_lock_init_recursive
 .text.__retarget_lock_close_recursive
                0x10007fa8        0x4 c:/progra~1/raspbe~1/picosd~1.0/gcc-ar~1/bin/../lib/gcc/arm-none-eabi/10.3.1/../../../../arm-none-eabi/lib/thumb/v6-m/nofp\libg.a(lib_a-lock.o)
                0x10007fa8                __retarget_lock_close_recursive
 .text.__retarget_lock_acquire_recursive
                0x10007fac        0x4 c:/progra~1/raspbe~1/picosd~1.0/gcc-ar~1/bin/../lib/gcc/arm-none-eabi/10.3.1/../../../../arm-none-eabi/lib/thumb/v6-m/nofp\libg.a(lib_a-lock.o)
                0x10007fac                __retarget_lock_acquire_recursive
 .text.__retarget_lock_release_recursive
                0x10007fb0        0x4 c:/progra~1/raspbe~1/picosd~1.0/gcc-ar~1/bin/../lib/gcc/arm-none-eabi/10.3.1/../../../../arm-none-eabi/lib/thumb/v6-m/nofp\libg.a(lib_a-lock.o)
                0x10007fb0                __retarget_lock_release_recursive
 .text.__malloc_lock
                0x10007fb4       0x10 c:/progra~1/raspbe~1/picosd~1.0/gcc-ar~1/bin/../lib/gcc/arm-none-eabi/10.3.1/../../../../arm-none-eabi/lib/thumb/v6-m/nofp\libg.a(lib_a-mlock.o)
                0x10007fb4                __malloc_lock
 .text.__malloc_unlock
                0x10007fc4       0x10 c:/progra~1/raspbe~1/picosd~1.0/gcc-ar~1/bin/../lib/gcc/arm-none-eabi/10.3.1/../../../../arm-none-eabi/lib/thumb/v6-m/nofp\libg.a(lib_a-mlock.o)
                0x10007fc4                __malloc_unlock
 .text._sbrk_r  0x10007fd4       0x24 c:/progra~1/raspbe~1/picosd~1.0/gcc-ar~1/bin/../lib/gcc/arm-none-eabi/10.3.1/../../../../arm-none-eabi/lib/thumb/v6-m/nofp\libg.a(lib_a-sbrkr.o)
                0x10007fd4                _sbrk_r
 .text.__sread  0x10007ff8       0x28 c:/progra~1/raspbe~1/picosd~1.0/gcc-ar~1/bin/../lib/gcc/arm-none-eabi/10.3.1/../../../../arm-none-eabi/lib/thumb/v6-m/nofp\libg.a(lib_a-stdio.o)
                0x10007ff8                __sread
 .text.__swrite
                0x10008020       0x40 c:/progra~1/raspbe~1/picosd~1.0/gcc-ar~1/bin/../lib/gcc/arm-none-eabi/10.3.1/../../../../arm-none-eabi/lib/thumb/v6-m/nofp\libg.a(lib_a-stdio.o)
                0x10008020                __swrite
 .text.__sseek  0x10008060       0x2c c:/progra~1/raspbe~1/picosd~1.0/gcc-ar~1/bin/../lib/gcc/arm-none-eabi/10.3.1/../../../../arm-none-eabi/lib/thumb/v6-m/nofp\libg.a(lib_a-stdio.o)
                0x10008060                __sseek
 .text.__sclose
                0x1000808c        0xc c:/progra~1/raspbe~1/picosd~1.0/gcc-ar~1/bin/../lib/gcc/arm-none-eabi/10.3.1/../../../../arm-none-eabi/lib/thumb/v6-m/nofp\libg.a(lib_a-stdio.o)
                0x1000808c                __sclose
 .text.strlen   0x10008098       0x5c c:/progra~1/raspbe~1/picosd~1.0/gcc-ar~1/bin/../lib/gcc/arm-none-eabi/10.3.1/../../../../arm-none-eabi/lib/thumb/v6-m/nofp\libg.a(lib_a-strlen-stub.o)
                0x10008098                strlen
 .text._write_r
                0x100080f4       0x28 c:/progra~1/raspbe~1/picosd~1.0/gcc-ar~1/bin/../lib/gcc/arm-none-eabi/10.3.1/../../../../arm-none-eabi/lib/thumb/v6-m/nofp\libg.a(lib_a-writer.o)
                0x100080f4                _write_r
 .text._close_r
                0x1000811c       0x24 c:/progra~1/raspbe~1/picosd~1.0/gcc-ar~1/bin/../lib/gcc/arm-none-eabi/10.3.1/../../../../arm-none-eabi/lib/thumb/v6-m/nofp\libg.a(lib_a-closer.o)
                0x1000811c                _close_r
 .text._fclose_r
                0x10008140       0xdc c:/progra~1/raspbe~1/picosd~1.0/gcc-ar~1/bin/../lib/gcc/arm-none-eabi/10.3.1/../../../../arm-none-eabi/lib/thumb/v6-m/nofp\libg.a(lib_a-fclose.o)
                0x10008140                _fclose_r
 .text._lseek_r
                0x1000821c       0x28 c:/progra~1/raspbe~1/picosd~1.0/gcc-ar~1/bin/../lib/gcc/arm-none-eabi/10.3.1/../../../../arm-none-eabi/lib/thumb/v6-m/nofp\libg.a(lib_a-lseekr.o)
                0x1000821c                _lseek_r
 .text._read_r  0x10008244       0x28 c:/progra~1/raspbe~1/picosd~1.0/gcc-ar~1/bin/../lib/gcc/arm-none-eabi/10.3.1/../../../../arm-none-eabi/lib/thumb/v6-m/nofp\libg.a(lib_a-readr.o)
                0x10008244                _read_r
 *(.fini)
 .fini          0x1000826c        0x4 c:/progra~1/raspbe~1/picosd~1.0/gcc-ar~1/bin/../lib/gcc/arm-none-eabi/10.3.1/thumb/v6-m/nofp/crti.o
                0x1000826c                _fini
 .fini.__stub   0x10008270       0xe0 linker stubs
 *crtbegin.o(.ctors)
 *crtbegin?.o(.ctors)
 *(EXCLUDE_FILE(*crtend.o *crtend?.o) .ctors)
 *(SORT_BY_NAME(.ctors.*))
 *(.ctors)
 *crtbegin.o(.dtors)
 *crtbegin?.o(.dtors)
 *(EXCLUDE_FILE(*crtend.o *crtend?.o) .dtors)
 *(SORT_BY_NAME(.dtors.*))
 *(.dtors)
 *(.eh_frame*)
 .eh_frame      0x10008350        0x0 c:/progra~1/raspbe~1/picosd~1.0/gcc-ar~1/bin/../lib/gcc/arm-none-eabi/10.3.1/thumb/v6-m/nofp/crtbegin.o
                0x10008350                . = ALIGN (0x4)

.glue_7         0x10008350        0x0
 .glue_7        0x10008350        0x0 linker stubs

.glue_7t        0x10008350        0x0
 .glue_7t       0x10008350        0x0 linker stubs

.vfp11_veneer   0x10008350        0x0
 .vfp11_veneer  0x10008350        0x0 linker stubs

.v4_bx          0x10008350        0x0
 .v4_bx         0x10008350        0x0 linker stubs

.iplt           0x10008350        0x0
 .iplt          0x10008350        0x0 c:/progra~1/raspbe~1/picosd~1.0/gcc-ar~1/bin/../lib/gcc/arm-none-eabi/10.3.1/thumb/v6-m/nofp/crtbegin.o

.rodata         0x10008350     0x1b34
 *(EXCLUDE_FILE(*libm.a: *libc.a:*lib_a-mem*.o *libgcc.a:) .rodata*)
 .rodata.initIO.str1.4
                0x10008350       0x12 CMakeFiles/SMCFW.dir/main.c.obj
 *fill*         0x10008362        0x2 
 .rodata.initI2C.str1.4
                0x10008364      0x186 CMakeFiles/SMCFW.dir/main.c.obj
 *fill*         0x100084ea        0x2 
 .rodata.sysInit.str1.4
                0x100084ec       0x49 CMakeFiles/SMCFW.dir/main.c.obj
 *fill*         0x10008535        0x3 
 .rodata.readPwrMon.str1.4
                0x10008538       0x7d CMakeFiles/SMCFW.dir/main.c.obj
 *fill*         0x100085b5        0x3 
 .rodata.main.str1.4
                0x100085b8       0xca CMakeFiles/SMCFW.dir/main.c.obj
 *fill*         0x10008682        0x2 
 .rodata        0x10008684        0x3 CMakeFiles/SMCFW.dir/main.c.obj
 *fill*         0x10008687        0x1 
 .rodata.PWR_MON_ADDR
                0x10008688       0x10 CMakeFiles/SMCFW.dir/main.c.obj
                0x10008688                PWR_MON_ADDR
 .rodata.spin_lock_claim_unused.str1.4
                0x10008698       0x1b CMakeFiles/SMCFW.dir/C_/Program_Files/Raspberry_Pi/Pico_SDK_v1.5.0/pico-sdk/src/rp2_common/hardware_sync/sync.c.obj
 *fill*         0x100086b3        0x1 
 .rodata.make_branch.str1.4
                0x100086b4       0x89 CMakeFiles/SMCFW.dir/C_/Program_Files/Raspberry_Pi/Pico_SDK_v1.5.0/pico-sdk/src/rp2_common/hardware_irq/irq.c.obj
 *fill*         0x1000873d        0x3 
 .rodata.insert_branch_and_link.str1.4
                0x10008740       0x10 CMakeFiles/SMCFW.dir/C_/Program_Files/Raspberry_Pi/Pico_SDK_v1.5.0/pico-sdk/src/rp2_common/hardware_irq/irq.c.obj
 .rodata.irq_set_exclusive_handler.str1.4
                0x10008750       0x36 CMakeFiles/SMCFW.dir/C_/Program_Files/Raspberry_Pi/Pico_SDK_v1.5.0/pico-sdk/src/rp2_common/hardware_irq/irq.c.obj
 *fill*         0x10008786        0x2 
 .rodata.irq_add_shared_handler.str1.4
                0x10008788       0xd9 CMakeFiles/SMCFW.dir/C_/Program_Files/Raspberry_Pi/Pico_SDK_v1.5.0/pico-sdk/src/rp2_common/hardware_irq/irq.c.obj
 *fill*         0x10008861        0x3 
 .rodata.irq_remove_handler.str1.4
                0x10008864       0x3a CMakeFiles/SMCFW.dir/C_/Program_Files/Raspberry_Pi/Pico_SDK_v1.5.0/pico-sdk/src/rp2_common/hardware_irq/irq.c.obj
 *fill*         0x1000889e        0x2 
 .rodata.irq_add_tail_to_free_list.str1.4
                0x100088a0       0x3a CMakeFiles/SMCFW.dir/C_/Program_Files/Raspberry_Pi/Pico_SDK_v1.5.0/pico-sdk/src/rp2_common/hardware_irq/irq.c.obj
 *fill*         0x100088da        0x2 
 .rodata.user_irq_claim_unused.str1.4
                0x100088dc       0x1b CMakeFiles/SMCFW.dir/C_/Program_Files/Raspberry_Pi/Pico_SDK_v1.5.0/pico-sdk/src/rp2_common/hardware_irq/irq.c.obj
 *fill*         0x100088f7        0x1 
 .rodata.__func__.0
                0x100088f8       0x1a CMakeFiles/SMCFW.dir/C_/Program_Files/Raspberry_Pi/Pico_SDK_v1.5.0/pico-sdk/src/rp2_common/hardware_irq/irq.c.obj
 *fill*         0x10008912        0x2 
 .rodata.__func__.1
                0x10008914       0x17 CMakeFiles/SMCFW.dir/C_/Program_Files/Raspberry_Pi/Pico_SDK_v1.5.0/pico-sdk/src/rp2_common/hardware_irq/irq.c.obj
 *fill*         0x1000892b        0x1 
 .rodata.__func__.2
                0x1000892c       0x13 CMakeFiles/SMCFW.dir/C_/Program_Files/Raspberry_Pi/Pico_SDK_v1.5.0/pico-sdk/src/rp2_common/hardware_irq/irq.c.obj
 *fill*         0x1000893f        0x1 
 .rodata.__func__.3
                0x10008940        0xc CMakeFiles/SMCFW.dir/C_/Program_Files/Raspberry_Pi/Pico_SDK_v1.5.0/pico-sdk/src/rp2_common/hardware_irq/irq.c.obj
 .rodata.__func__.4
                0x1000894c        0xf CMakeFiles/SMCFW.dir/C_/Program_Files/Raspberry_Pi/Pico_SDK_v1.5.0/pico-sdk/src/rp2_common/hardware_irq/irq.c.obj
 *fill*         0x1000895b        0x1 
 .rodata.__func__.5
                0x1000895c       0x17 CMakeFiles/SMCFW.dir/C_/Program_Files/Raspberry_Pi/Pico_SDK_v1.5.0/pico-sdk/src/rp2_common/hardware_irq/irq.c.obj
 *fill*         0x10008973        0x1 
 .rodata.__func__.6
                0x10008974       0x1a CMakeFiles/SMCFW.dir/C_/Program_Files/Raspberry_Pi/Pico_SDK_v1.5.0/pico-sdk/src/rp2_common/hardware_irq/irq.c.obj
 *fill*         0x1000898e        0x2 
 .rodata.str1.4
                0x10008990      0x125 CMakeFiles/SMCFW.dir/C_/Program_Files/Raspberry_Pi/Pico_SDK_v1.5.0/pico-sdk/src/common/pico_sync/mutex.c.obj
 *fill*         0x10008ab5        0x3 
 .rodata.__func__.1
                0x10008ab8        0xb CMakeFiles/SMCFW.dir/C_/Program_Files/Raspberry_Pi/Pico_SDK_v1.5.0/pico-sdk/src/common/pico_sync/mutex.c.obj
 *fill*         0x10008ac3        0x1 
 .rodata.__func__.3
                0x10008ac4       0x18 CMakeFiles/SMCFW.dir/C_/Program_Files/Raspberry_Pi/Pico_SDK_v1.5.0/pico-sdk/src/common/pico_sync/mutex.c.obj
 .rodata.__func__.4
                0x10008adc       0x15 CMakeFiles/SMCFW.dir/C_/Program_Files/Raspberry_Pi/Pico_SDK_v1.5.0/pico-sdk/src/common/pico_sync/mutex.c.obj
 *fill*         0x10008af1        0x3 
 .rodata.repeating_timer_callback.str1.4
                0x10008af4       0x67 CMakeFiles/SMCFW.dir/C_/Program_Files/Raspberry_Pi/Pico_SDK_v1.5.0/pico-sdk/src/common/pico_time/time.c.obj
 *fill*         0x10008b5b        0x1 
 .rodata.timer_pool_entry_comparator.str1.4
                0x10008b5c       0x22 CMakeFiles/SMCFW.dir/C_/Program_Files/Raspberry_Pi/Pico_SDK_v1.5.0/pico-sdk/src/common/pico_time/time.c.obj
 *fill*         0x10008b7e        0x2 
 .rodata.ph_add_child_node.str1.4
                0x10008b80       0xb2 CMakeFiles/SMCFW.dir/C_/Program_Files/Raspberry_Pi/Pico_SDK_v1.5.0/pico-sdk/src/common/pico_time/time.c.obj
 *fill*         0x10008c32        0x2 
 .rodata.add_alarm_under_lock.str1.4
                0x10008c34       0x28 CMakeFiles/SMCFW.dir/C_/Program_Files/Raspberry_Pi/Pico_SDK_v1.5.0/pico-sdk/src/common/pico_time/time.c.obj
                                 0x2b (size before relaxing)
 .rodata.alarm_pool_alarm_callback.str1.4
                0x10008c5c       0x98 CMakeFiles/SMCFW.dir/C_/Program_Files/Raspberry_Pi/Pico_SDK_v1.5.0/pico-sdk/src/common/pico_time/time.c.obj
                                0x118 (size before relaxing)
 .rodata.alarm_pool_get_default.str1.4
                0x10008cf4       0x21 CMakeFiles/SMCFW.dir/C_/Program_Files/Raspberry_Pi/Pico_SDK_v1.5.0/pico-sdk/src/common/pico_time/time.c.obj
 *fill*         0x10008d15        0x3 
 .rodata.alarm_pool_cancel_alarm.str1.4
                0x10008d18       0x27 CMakeFiles/SMCFW.dir/C_/Program_Files/Raspberry_Pi/Pico_SDK_v1.5.0/pico-sdk/src/common/pico_time/time.c.obj
 *fill*         0x10008d3f        0x1 
 .rodata.sleep_until.str1.4
                0x10008d40       0x4d CMakeFiles/SMCFW.dir/C_/Program_Files/Raspberry_Pi/Pico_SDK_v1.5.0/pico-sdk/src/common/pico_time/time.c.obj
 *fill*         0x10008d8d        0x3 
 .rodata.__func__.1
                0x10008d90       0x18 CMakeFiles/SMCFW.dir/C_/Program_Files/Raspberry_Pi/Pico_SDK_v1.5.0/pico-sdk/src/common/pico_time/time.c.obj
 .rodata.__func__.10
                0x10008da8       0x15 CMakeFiles/SMCFW.dir/C_/Program_Files/Raspberry_Pi/Pico_SDK_v1.5.0/pico-sdk/src/common/pico_time/time.c.obj
 *fill*         0x10008dbd        0x3 
 .rodata.__func__.11
                0x10008dc0       0x1a CMakeFiles/SMCFW.dir/C_/Program_Files/Raspberry_Pi/Pico_SDK_v1.5.0/pico-sdk/src/common/pico_time/time.c.obj
 *fill*         0x10008dda        0x2 
 .rodata.__func__.12
                0x10008ddc        0xa CMakeFiles/SMCFW.dir/C_/Program_Files/Raspberry_Pi/Pico_SDK_v1.5.0/pico-sdk/src/common/pico_time/time.c.obj
 *fill*         0x10008de6        0x2 
 .rodata.__func__.3
                0x10008de8       0x17 CMakeFiles/SMCFW.dir/C_/Program_Files/Raspberry_Pi/Pico_SDK_v1.5.0/pico-sdk/src/common/pico_time/time.c.obj
 *fill*         0x10008dff        0x1 
 .rodata.__func__.4
                0x10008e00       0x12 CMakeFiles/SMCFW.dir/C_/Program_Files/Raspberry_Pi/Pico_SDK_v1.5.0/pico-sdk/src/common/pico_time/time.c.obj
 *fill*         0x10008e12        0x2 
 .rodata.__func__.5
                0x10008e14        0xd CMakeFiles/SMCFW.dir/C_/Program_Files/Raspberry_Pi/Pico_SDK_v1.5.0/pico-sdk/src/common/pico_time/time.c.obj
 *fill*         0x10008e21        0x3 
 .rodata.__func__.6
                0x10008e24       0x12 CMakeFiles/SMCFW.dir/C_/Program_Files/Raspberry_Pi/Pico_SDK_v1.5.0/pico-sdk/src/common/pico_time/time.c.obj
 *fill*         0x10008e36        0x2 
 .rodata.__func__.7
                0x10008e38        0xf CMakeFiles/SMCFW.dir/C_/Program_Files/Raspberry_Pi/Pico_SDK_v1.5.0/pico-sdk/src/common/pico_time/time.c.obj
 *fill*         0x10008e47        0x1 
 .rodata.__func__.8
                0x10008e48        0xc CMakeFiles/SMCFW.dir/C_/Program_Files/Raspberry_Pi/Pico_SDK_v1.5.0/pico-sdk/src/common/pico_time/time.c.obj
 .rodata.__func__.9
                0x10008e54       0x15 CMakeFiles/SMCFW.dir/C_/Program_Files/Raspberry_Pi/Pico_SDK_v1.5.0/pico-sdk/src/common/pico_time/time.c.obj
 *fill*         0x10008e69        0x7 
 .rodata.at_the_end_of_time
                0x10008e70        0x8 CMakeFiles/SMCFW.dir/C_/Program_Files/Raspberry_Pi/Pico_SDK_v1.5.0/pico-sdk/src/common/pico_time/time.c.obj
                0x10008e70                at_the_end_of_time
 .rodata.hardware_alarm_claim.str1.4
                0x10008e78       0x22 CMakeFiles/SMCFW.dir/C_/Program_Files/Raspberry_Pi/Pico_SDK_v1.5.0/pico-sdk/src/rp2_common/hardware_timer/timer.c.obj
 .rodata.busy_wait_us.str1.4
                0x10008e9a       0x7d CMakeFiles/SMCFW.dir/C_/Program_Files/Raspberry_Pi/Pico_SDK_v1.5.0/pico-sdk/src/rp2_common/hardware_timer/timer.c.obj
 *fill*         0x10008e9a        0x2 
 .rodata.hardware_alarm_set_target.str1.4
                0x10008e9c       0x81 CMakeFiles/SMCFW.dir/C_/Program_Files/Raspberry_Pi/Pico_SDK_v1.5.0/pico-sdk/src/rp2_common/hardware_timer/timer.c.obj
 *fill*         0x10008f1d        0x3 
 .rodata.__func__.0
                0x10008f20       0x1a CMakeFiles/SMCFW.dir/C_/Program_Files/Raspberry_Pi/Pico_SDK_v1.5.0/pico-sdk/src/rp2_common/hardware_timer/timer.c.obj
 *fill*         0x10008f3a        0x2 
 .rodata.__func__.1
                0x10008f3c       0x15 CMakeFiles/SMCFW.dir/C_/Program_Files/Raspberry_Pi/Pico_SDK_v1.5.0/pico-sdk/src/rp2_common/hardware_timer/timer.c.obj
 .rodata.ph_add_child_node.str1.4
                0x10008f51       0xb2 CMakeFiles/SMCFW.dir/C_/Program_Files/Raspberry_Pi/Pico_SDK_v1.5.0/pico-sdk/src/common/pico_util/pheap.c.obj
 *fill*         0x10008f51        0x3 
 .rodata.ph_remove_any_head.str1.4
                0x10008f54       0xa8 CMakeFiles/SMCFW.dir/C_/Program_Files/Raspberry_Pi/Pico_SDK_v1.5.0/pico-sdk/src/common/pico_util/pheap.c.obj
                                 0xbc (size before relaxing)
 .rodata.ph_remove_and_free_node.str1.4
                0x10008ffc       0x1e CMakeFiles/SMCFW.dir/C_/Program_Files/Raspberry_Pi/Pico_SDK_v1.5.0/pico-sdk/src/common/pico_util/pheap.c.obj
                                 0x26 (size before relaxing)
 *fill*         0x1000901a        0x2 
 .rodata.__func__.0
                0x1000901c       0x18 CMakeFiles/SMCFW.dir/C_/Program_Files/Raspberry_Pi/Pico_SDK_v1.5.0/pico-sdk/src/common/pico_util/pheap.c.obj
 .rodata.__func__.1
                0x10009034       0x13 CMakeFiles/SMCFW.dir/C_/Program_Files/Raspberry_Pi/Pico_SDK_v1.5.0/pico-sdk/src/common/pico_util/pheap.c.obj
 *fill*         0x10009047        0x1 
 .rodata.__func__.2
                0x10009048       0x12 CMakeFiles/SMCFW.dir/C_/Program_Files/Raspberry_Pi/Pico_SDK_v1.5.0/pico-sdk/src/common/pico_util/pheap.c.obj
 *fill*         0x1000905a        0x2 
 .rodata.__func__.3
                0x1000905c        0xc CMakeFiles/SMCFW.dir/C_/Program_Files/Raspberry_Pi/Pico_SDK_v1.5.0/pico-sdk/src/common/pico_util/pheap.c.obj
 .rodata.clock_configure.str1.4
                0x10009068       0x73 CMakeFiles/SMCFW.dir/C_/Program_Files/Raspberry_Pi/Pico_SDK_v1.5.0/pico-sdk/src/rp2_common/hardware_clocks/clocks.c.obj
 *fill*         0x100090db        0x1 
 .rodata.__func__.1
                0x100090dc       0x10 CMakeFiles/SMCFW.dir/C_/Program_Files/Raspberry_Pi/Pico_SDK_v1.5.0/pico-sdk/src/rp2_common/hardware_clocks/clocks.c.obj
 .rodata.pll_init.str1.4
                0x100090ec      0x13f CMakeFiles/SMCFW.dir/C_/Program_Files/Raspberry_Pi/Pico_SDK_v1.5.0/pico-sdk/src/rp2_common/hardware_pll/pll.c.obj
 *fill*         0x1000922b        0x1 
 .rodata.__func__.0
                0x1000922c        0x9 CMakeFiles/SMCFW.dir/C_/Program_Files/Raspberry_Pi/Pico_SDK_v1.5.0/pico-sdk/src/rp2_common/hardware_pll/pll.c.obj
 *fill*         0x10009235        0x3 
 .rodata.__assert_func.str1.4
                0x10009238       0x3f CMakeFiles/SMCFW.dir/C_/Program_Files/Raspberry_Pi/Pico_SDK_v1.5.0/pico-sdk/src/rp2_common/pico_runtime/runtime.c.obj
                                 0x43 (size before relaxing)
 *fill*         0x10009277        0x1 
 .rodata.runtime_init.str1.4
                0x10009278       0x7d CMakeFiles/SMCFW.dir/C_/Program_Files/Raspberry_Pi/Pico_SDK_v1.5.0/pico-sdk/src/rp2_common/pico_runtime/runtime.c.obj
 *fill*         0x100092f5        0x3 
 .rodata.panic.str1.4
                0x100092f8       0x10 CMakeFiles/SMCFW.dir/C_/Program_Files/Raspberry_Pi/Pico_SDK_v1.5.0/pico-sdk/src/rp2_common/pico_runtime/runtime.c.obj
                                 0x12 (size before relaxing)
 .rodata.__func__.2
                0x10009308        0xd CMakeFiles/SMCFW.dir/C_/Program_Files/Raspberry_Pi/Pico_SDK_v1.5.0/pico-sdk/src/rp2_common/pico_runtime/runtime.c.obj
 *fill*         0x10009315        0x3 
 .rodata._ftoa.str1.4
                0x10009318       0x15 CMakeFiles/SMCFW.dir/C_/Program_Files/Raspberry_Pi/Pico_SDK_v1.5.0/pico-sdk/src/rp2_common/pico_printf/printf.c.obj
 *fill*         0x1000932d        0x3 
 .rodata._vsnprintf
                0x10009330      0x1e0 CMakeFiles/SMCFW.dir/C_/Program_Files/Raspberry_Pi/Pico_SDK_v1.5.0/pico-sdk/src/rp2_common/pico_printf/printf.c.obj
 .rodata.pow10.0
                0x10009510       0x50 CMakeFiles/SMCFW.dir/C_/Program_Files/Raspberry_Pi/Pico_SDK_v1.5.0/pico-sdk/src/rp2_common/pico_printf/printf.c.obj
 .rodata.__aeabi_double_init.str1.4
                0x10009560       0xc4 CMakeFiles/SMCFW.dir/C_/Program_Files/Raspberry_Pi/Pico_SDK_v1.5.0/pico-sdk/src/rp2_common/pico_double/double_init_rom.c.obj
 .rodata.__func__.0
                0x10009624       0x14 CMakeFiles/SMCFW.dir/C_/Program_Files/Raspberry_Pi/Pico_SDK_v1.5.0/pico-sdk/src/rp2_common/pico_double/double_init_rom.c.obj
 .rodata.__aeabi_float_init.str1.4
                0x10009638       0x96 CMakeFiles/SMCFW.dir/C_/Program_Files/Raspberry_Pi/Pico_SDK_v1.5.0/pico-sdk/src/rp2_common/pico_float/float_init_rom.c.obj
                                 0x9a (size before relaxing)
 *fill*         0x100096ce        0x2 
 .rodata.__func__.0
                0x100096d0       0x13 CMakeFiles/SMCFW.dir/C_/Program_Files/Raspberry_Pi/Pico_SDK_v1.5.0/pico-sdk/src/rp2_common/pico_float/float_init_rom.c.obj
 *fill*         0x100096e3        0x1 
 .rodata.str1.4
                0x100096e4       0x3c CMakeFiles/SMCFW.dir/C_/Program_Files/Raspberry_Pi/Pico_SDK_v1.5.0/pico-sdk/src/rp2_common/pico_standard_link/binary_info.c.obj
 .rodata.__bi_44
                0x10009720        0xc CMakeFiles/SMCFW.dir/C_/Program_Files/Raspberry_Pi/Pico_SDK_v1.5.0/pico-sdk/src/rp2_common/pico_standard_link/binary_info.c.obj
 .rodata.__bi_75
                0x1000972c        0xc CMakeFiles/SMCFW.dir/C_/Program_Files/Raspberry_Pi/Pico_SDK_v1.5.0/pico-sdk/src/rp2_common/pico_standard_link/binary_info.c.obj
 .rodata.__bi_81
                0x10009738        0xc CMakeFiles/SMCFW.dir/C_/Program_Files/Raspberry_Pi/Pico_SDK_v1.5.0/pico-sdk/src/rp2_common/pico_standard_link/binary_info.c.obj
 .rodata.stdout_serialize_begin.str1.4
                0x10009744       0x7d CMakeFiles/SMCFW.dir/C_/Program_Files/Raspberry_Pi/Pico_SDK_v1.5.0/pico-sdk/src/rp2_common/pico_stdio/stdio.c.obj
 .rodata.__func__.3
                0x10009744       0x15 CMakeFiles/SMCFW.dir/C_/Program_Files/Raspberry_Pi/Pico_SDK_v1.5.0/pico-sdk/src/rp2_common/pico_stdio/stdio.c.obj
 *fill*         0x10009759        0x3 
 .rodata.crlf_str.2
                0x1000975c        0x2 CMakeFiles/SMCFW.dir/C_/Program_Files/Raspberry_Pi/Pico_SDK_v1.5.0/pico-sdk/src/rp2_common/pico_stdio/stdio.c.obj
 *fill*         0x1000975e        0x2 
 .rodata._resetd_driver
                0x10009760       0x18 CMakeFiles/SMCFW.dir/C_/Program_Files/Raspberry_Pi/Pico_SDK_v1.5.0/pico-sdk/src/rp2_common/pico_stdio_usb/reset_interface.c.obj
 .rodata.low_priority_worker_irq.str1.4
                0x10009778       0x7d CMakeFiles/SMCFW.dir/C_/Program_Files/Raspberry_Pi/Pico_SDK_v1.5.0/pico-sdk/src/rp2_common/pico_stdio_usb/stdio_usb.c.obj
 .rodata.stdio_usb_init.str1.4
                0x10009778       0x61 CMakeFiles/SMCFW.dir/C_/Program_Files/Raspberry_Pi/Pico_SDK_v1.5.0/pico-sdk/src/rp2_common/pico_stdio_usb/stdio_usb.c.obj
                                 0x69 (size before relaxing)
 *fill*         0x100097d9        0x3 
 .rodata.str1.4
                0x100097dc       0x13 CMakeFiles/SMCFW.dir/C_/Program_Files/Raspberry_Pi/Pico_SDK_v1.5.0/pico-sdk/src/rp2_common/pico_stdio_usb/stdio_usb.c.obj
 *fill*         0x100097ef        0x1 
 .rodata.__bi_188.0
                0x100097f0        0xc CMakeFiles/SMCFW.dir/C_/Program_Files/Raspberry_Pi/Pico_SDK_v1.5.0/pico-sdk/src/rp2_common/pico_stdio_usb/stdio_usb.c.obj
 .rodata.__func__.1
                0x100097fc        0xf CMakeFiles/SMCFW.dir/C_/Program_Files/Raspberry_Pi/Pico_SDK_v1.5.0/pico-sdk/src/rp2_common/pico_stdio_usb/stdio_usb.c.obj
 *fill*         0x1000980b        0x1 
 .rodata.__func__.3
                0x1000980c       0x15 CMakeFiles/SMCFW.dir/C_/Program_Files/Raspberry_Pi/Pico_SDK_v1.5.0/pico-sdk/src/rp2_common/pico_stdio_usb/stdio_usb.c.obj
 *fill*         0x10009821        0x3 
 .rodata.str1.4
                0x10009824       0x2a CMakeFiles/SMCFW.dir/C_/Program_Files/Raspberry_Pi/Pico_SDK_v1.5.0/pico-sdk/src/rp2_common/pico_stdio_usb/stdio_usb_descriptors.c.obj
 *fill*         0x1000984e        0x2 
 .rodata.usbd_desc_cfg
                0x10009850       0x54 CMakeFiles/SMCFW.dir/C_/Program_Files/Raspberry_Pi/Pico_SDK_v1.5.0/pico-sdk/src/rp2_common/pico_stdio_usb/stdio_usb_descriptors.c.obj
 .rodata.usbd_desc_device
                0x100098a4       0x12 CMakeFiles/SMCFW.dir/C_/Program_Files/Raspberry_Pi/Pico_SDK_v1.5.0/pico-sdk/src/rp2_common/pico_stdio_usb/stdio_usb_descriptors.c.obj
 *fill*         0x100098b6        0x2 
 .rodata.usbd_desc_str
                0x100098b8       0x18 CMakeFiles/SMCFW.dir/C_/Program_Files/Raspberry_Pi/Pico_SDK_v1.5.0/pico-sdk/src/rp2_common/pico_stdio_usb/stdio_usb_descriptors.c.obj
 .rodata.pico_get_unique_board_id_string.str1.4
                0x100098d0       0x69 CMakeFiles/SMCFW.dir/C_/Program_Files/Raspberry_Pi/Pico_SDK_v1.5.0/pico-sdk/src/rp2_common/pico_unique_id/unique_id.c.obj
 *fill*         0x10009939        0x3 
 .rodata.__func__.0
                0x1000993c       0x20 CMakeFiles/SMCFW.dir/C_/Program_Files/Raspberry_Pi/Pico_SDK_v1.5.0/pico-sdk/src/rp2_common/pico_unique_id/unique_id.c.obj
 .rodata.str1.4
                0x1000995c      0x176 CMakeFiles/SMCFW.dir/C_/Program_Files/Raspberry_Pi/Pico_SDK_v1.5.0/pico-sdk/src/rp2_common/hardware_flash/flash.c.obj
 *fill*         0x10009ad2        0x2 
 .rodata.__func__.0
                0x10009ad4        0xd CMakeFiles/SMCFW.dir/C_/Program_Files/Raspberry_Pi/Pico_SDK_v1.5.0/pico-sdk/src/rp2_common/hardware_flash/flash.c.obj
 *fill*         0x10009ae1        0x3 
 .rodata._hw_endpoint_alloc.str1.4
                0x10009ae4       0xd1 CMakeFiles/SMCFW.dir/C_/Program_Files/Raspberry_Pi/Pico_SDK_v1.5.0/pico-sdk/lib/tinyusb/src/portable/raspberrypi/rp2040/dcd_rp2040.c.obj
 *fill*         0x10009bb5        0x3 
 .rodata.str1.4
                0x10009bb8       0x14 CMakeFiles/SMCFW.dir/C_/Program_Files/Raspberry_Pi/Pico_SDK_v1.5.0/pico-sdk/lib/tinyusb/src/portable/raspberrypi/rp2040/dcd_rp2040.c.obj
 .rodata.dcd_int_enable.str1.4
                0x10009bcc        0xc CMakeFiles/SMCFW.dir/C_/Program_Files/Raspberry_Pi/Pico_SDK_v1.5.0/pico-sdk/lib/tinyusb/src/portable/raspberrypi/rp2040/dcd_rp2040.c.obj
 .rodata.__func__.0